../Core/Src/main.c:72:5:_write	24	static
../Core/Src/main.c:83:5:main	8	static
../Core/Src/main.c:132:6:SystemClock_Config	88	static
../Core/Src/main.c:178:13:MX_ADC1_Init	24	static
../Core/Src/main.c:244:13:MX_USART2_UART_Init	8	static
../Core/Src/main.c:277:13:MX_GPIO_Init	40	static
../Core/Src/main.c:317:6:motionTrack	16	static
../Core/Src/main.c:336:6:gasTrack	16	static
../Core/Src/main.c:348:6:THtrack	32	static
../Core/Src/main.c:365:6:relayUnitTest	8	static
../Core/Src/main.c:375:6:Error_Handler	4	static,ignoring_inline_asm
