../Core/Src/main.c:78:5:_write	24	static
../Core/Src/main.c:89:5:main	8	static
../Core/Src/main.c:151:6:SystemClock_Config	88	static
../Core/Src/main.c:197:13:MX_ADC1_Init	24	static
../Core/Src/main.c:263:13:MX_USART2_UART_Init	8	static
../Core/Src/main.c:296:13:MX_GPIO_Init	40	static
../Core/Src/main.c:336:6:HAL_UART_RxCpltCallback	16	static
../Core/Src/main.c:361:6:UserCommands	16	static
../Core/Src/main.c:403:6:motionTrack	16	static
../Core/Src/main.c:422:6:gasTrack	16	static
../Core/Src/main.c:434:6:THtrack	32	static
../Core/Src/main.c:451:6:relayUnitTest	16	static
../Core/Src/main.c:464:6:Error_Handler	4	static,ignoring_inline_asm
