11:11:16 **** Build of configuration Debug for project STMain ****
make -j8 all 
arm-none-eabi-gcc "../Drivers/STM32F1xx_HAL_Driver/Src/stm32f1xx_hal.c" -mcpu=cortex-m3 -std=gnu11 -g3 -DDEBUG -DUSE_HAL_DRIVER -DSTM32F103xB -c -I../Core/Inc -I../Drivers/STM32F1xx_HAL_Driver/Inc/Legacy -I../Drivers/STM32F1xx_HAL_Driver/Inc -I../Drivers/CMSIS/Device/ST/STM32F1xx/Include -I../Drivers/CMSIS/Include -O0 -ffunction-sections -fdata-sections -Wall -fstack-usage -fcyclomatic-complexity -MMD -MP -MF"Drivers/STM32F1xx_HAL_Driver/Src/stm32f1xx_hal.d" -MT"Drivers/STM32F1xx_HAL_Driver/Src/stm32f1xx_hal.o" --specs=nano.specs -mfloat-abi=soft -mthumb -o "Drivers/STM32F1xx_HAL_Driver/Src/stm32f1xx_hal.o"
arm-none-eabi-gcc "../Drivers/STM32F1xx_HAL_Driver/Src/stm32f1xx_hal_adc.c" -mcpu=cortex-m3 -std=gnu11 -g3 -DDEBUG -DUSE_HAL_DRIVER -DSTM32F103xB -c -I../Core/Inc -I../Drivers/STM32F1xx_HAL_Driver/Inc/Legacy -I../Drivers/STM32F1xx_HAL_Driver/Inc -I../Drivers/CMSIS/Device/ST/STM32F1xx/Include -I../Drivers/CMSIS/Include -O0 -ffunction-sections -fdata-sections -Wall -fstack-usage -fcyclomatic-complexity -MMD -MP -MF"Drivers/STM32F1xx_HAL_Driver/Src/stm32f1xx_hal_adc.d" -MT"Drivers/STM32F1xx_HAL_Driver/Src/stm32f1xx_hal_adc.o" --specs=nano.specs -mfloat-abi=soft -mthumb -o "Drivers/STM32F1xx_HAL_Driver/Src/stm32f1xx_hal_adc.o"
arm-none-eabi-gcc "../Drivers/STM32F1xx_HAL_Driver/Src/stm32f1xx_hal_adc_ex.c" -mcpu=cortex-m3 -std=gnu11 -g3 -DDEBUG -DUSE_HAL_DRIVER -DSTM32F103xB -c -I../Core/Inc -I../Drivers/STM32F1xx_HAL_Driver/Inc/Legacy -I../Drivers/STM32F1xx_HAL_Driver/Inc -I../Drivers/CMSIS/Device/ST/STM32F1xx/Include -I../Drivers/CMSIS/Include -O0 -ffunction-sections -fdata-sections -Wall -fstack-usage -fcyclomatic-complexity -MMD -MP -MF"Drivers/STM32F1xx_HAL_Driver/Src/stm32f1xx_hal_adc_ex.d" -MT"Drivers/STM32F1xx_HAL_Driver/Src/stm32f1xx_hal_adc_ex.o" --specs=nano.specs -mfloat-abi=soft -mthumb -o "Drivers/STM32F1xx_HAL_Driver/Src/stm32f1xx_hal_adc_ex.o"
arm-none-eabi-gcc "../Drivers/STM32F1xx_HAL_Driver/Src/stm32f1xx_hal_cortex.c" -mcpu=cortex-m3 -std=gnu11 -g3 -DDEBUG -DUSE_HAL_DRIVER -DSTM32F103xB -c -I../Core/Inc -I../Drivers/STM32F1xx_HAL_Driver/Inc/Legacy -I../Drivers/STM32F1xx_HAL_Driver/Inc -I../Drivers/CMSIS/Device/ST/STM32F1xx/Include -I../Drivers/CMSIS/Include -O0 -ffunction-sections -fdata-sections -Wall -fstack-usage -fcyclomatic-complexity -MMD -MP -MF"Drivers/STM32F1xx_HAL_Driver/Src/stm32f1xx_hal_cortex.d" -MT"Drivers/STM32F1xx_HAL_Driver/Src/stm32f1xx_hal_cortex.o" --specs=nano.specs -mfloat-abi=soft -mthumb -o "Drivers/STM32F1xx_HAL_Driver/Src/stm32f1xx_hal_cortex.o"
arm-none-eabi-gcc "../Drivers/STM32F1xx_HAL_Driver/Src/stm32f1xx_hal_dma.c" -mcpu=cortex-m3 -std=gnu11 -g3 -DDEBUG -DUSE_HAL_DRIVER -DSTM32F103xB -c -I../Core/Inc -I../Drivers/STM32F1xx_HAL_Driver/Inc/Legacy -I../Drivers/STM32F1xx_HAL_Driver/Inc -I../Drivers/CMSIS/Device/ST/STM32F1xx/Include -I../Drivers/CMSIS/Include -O0 -ffunction-sections -fdata-sections -Wall -fstack-usage -fcyclomatic-complexity -MMD -MP -MF"Drivers/STM32F1xx_HAL_Driver/Src/stm32f1xx_hal_dma.d" -MT"Drivers/STM32F1xx_HAL_Driver/Src/stm32f1xx_hal_dma.o" --specs=nano.specs -mfloat-abi=soft -mthumb -o "Drivers/STM32F1xx_HAL_Driver/Src/stm32f1xx_hal_dma.o"
arm-none-eabi-gcc "../Drivers/STM32F1xx_HAL_Driver/Src/stm32f1xx_hal_exti.c" -mcpu=cortex-m3 -std=gnu11 -g3 -DDEBUG -DUSE_HAL_DRIVER -DSTM32F103xB -c -I../Core/Inc -I../Drivers/STM32F1xx_HAL_Driver/Inc/Legacy -I../Drivers/STM32F1xx_HAL_Driver/Inc -I../Drivers/CMSIS/Device/ST/STM32F1xx/Include -I../Drivers/CMSIS/Include -O0 -ffunction-sections -fdata-sections -Wall -fstack-usage -fcyclomatic-complexity -MMD -MP -MF"Drivers/STM32F1xx_HAL_Driver/Src/stm32f1xx_hal_exti.d" -MT"Drivers/STM32F1xx_HAL_Driver/Src/stm32f1xx_hal_exti.o" --specs=nano.specs -mfloat-abi=soft -mthumb -o "Drivers/STM32F1xx_HAL_Driver/Src/stm32f1xx_hal_exti.o"
arm-none-eabi-gcc "../Drivers/STM32F1xx_HAL_Driver/Src/stm32f1xx_hal_flash.c" -mcpu=cortex-m3 -std=gnu11 -g3 -DDEBUG -DUSE_HAL_DRIVER -DSTM32F103xB -c -I../Core/Inc -I../Drivers/STM32F1xx_HAL_Driver/Inc/Legacy -I../Drivers/STM32F1xx_HAL_Driver/Inc -I../Drivers/CMSIS/Device/ST/STM32F1xx/Include -I../Drivers/CMSIS/Include -O0 -ffunction-sections -fdata-sections -Wall -fstack-usage -fcyclomatic-complexity -MMD -MP -MF"Drivers/STM32F1xx_HAL_Driver/Src/stm32f1xx_hal_flash.d" -MT"Drivers/STM32F1xx_HAL_Driver/Src/stm32f1xx_hal_flash.o" --specs=nano.specs -mfloat-abi=soft -mthumb -o "Drivers/STM32F1xx_HAL_Driver/Src/stm32f1xx_hal_flash.o"
arm-none-eabi-gcc "../Drivers/STM32F1xx_HAL_Driver/Src/stm32f1xx_hal_flash_ex.c" -mcpu=cortex-m3 -std=gnu11 -g3 -DDEBUG -DUSE_HAL_DRIVER -DSTM32F103xB -c -I../Core/Inc -I../Drivers/STM32F1xx_HAL_Driver/Inc/Legacy -I../Drivers/STM32F1xx_HAL_Driver/Inc -I../Drivers/CMSIS/Device/ST/STM32F1xx/Include -I../Drivers/CMSIS/Include -O0 -ffunction-sections -fdata-sections -Wall -fstack-usage -fcyclomatic-complexity -MMD -MP -MF"Drivers/STM32F1xx_HAL_Driver/Src/stm32f1xx_hal_flash_ex.d" -MT"Drivers/STM32F1xx_HAL_Driver/Src/stm32f1xx_hal_flash_ex.o" --specs=nano.specs -mfloat-abi=soft -mthumb -o "Drivers/STM32F1xx_HAL_Driver/Src/stm32f1xx_hal_flash_ex.o"
arm-none-eabi-gcc "../Drivers/STM32F1xx_HAL_Driver/Src/stm32f1xx_hal_gpio.c" -mcpu=cortex-m3 -std=gnu11 -g3 -DDEBUG -DUSE_HAL_DRIVER -DSTM32F103xB -c -I../Core/Inc -I../Drivers/STM32F1xx_HAL_Driver/Inc/Legacy -I../Drivers/STM32F1xx_HAL_Driver/Inc -I../Drivers/CMSIS/Device/ST/STM32F1xx/Include -I../Drivers/CMSIS/Include -O0 -ffunction-sections -fdata-sections -Wall -fstack-usage -fcyclomatic-complexity -MMD -MP -MF"Drivers/STM32F1xx_HAL_Driver/Src/stm32f1xx_hal_gpio.d" -MT"Drivers/STM32F1xx_HAL_Driver/Src/stm32f1xx_hal_gpio.o" --specs=nano.specs -mfloat-abi=soft -mthumb -o "Drivers/STM32F1xx_HAL_Driver/Src/stm32f1xx_hal_gpio.o"
arm-none-eabi-gcc "../Drivers/STM32F1xx_HAL_Driver/Src/stm32f1xx_hal_gpio_ex.c" -mcpu=cortex-m3 -std=gnu11 -g3 -DDEBUG -DUSE_HAL_DRIVER -DSTM32F103xB -c -I../Core/Inc -I../Drivers/STM32F1xx_HAL_Driver/Inc/Legacy -I../Drivers/STM32F1xx_HAL_Driver/Inc -I../Drivers/CMSIS/Device/ST/STM32F1xx/Include -I../Drivers/CMSIS/Include -O0 -ffunction-sections -fdata-sections -Wall -fstack-usage -fcyclomatic-complexity -MMD -MP -MF"Drivers/STM32F1xx_HAL_Driver/Src/stm32f1xx_hal_gpio_ex.d" -MT"Drivers/STM32F1xx_HAL_Driver/Src/stm32f1xx_hal_gpio_ex.o" --specs=nano.specs -mfloat-abi=soft -mthumb -o "Drivers/STM32F1xx_HAL_Driver/Src/stm32f1xx_hal_gpio_ex.o"
arm-none-eabi-gcc "../Drivers/STM32F1xx_HAL_Driver/Src/stm32f1xx_hal_pwr.c" -mcpu=cortex-m3 -std=gnu11 -g3 -DDEBUG -DUSE_HAL_DRIVER -DSTM32F103xB -c -I../Core/Inc -I../Drivers/STM32F1xx_HAL_Driver/Inc/Legacy -I../Drivers/STM32F1xx_HAL_Driver/Inc -I../Drivers/CMSIS/Device/ST/STM32F1xx/Include -I../Drivers/CMSIS/Include -O0 -ffunction-sections -fdata-sections -Wall -fstack-usage -fcyclomatic-complexity -MMD -MP -MF"Drivers/STM32F1xx_HAL_Driver/Src/stm32f1xx_hal_pwr.d" -MT"Drivers/STM32F1xx_HAL_Driver/Src/stm32f1xx_hal_pwr.o" --specs=nano.specs -mfloat-abi=soft -mthumb -o "Drivers/STM32F1xx_HAL_Driver/Src/stm32f1xx_hal_pwr.o"
arm-none-eabi-gcc "../Drivers/STM32F1xx_HAL_Driver/Src/stm32f1xx_hal_rcc.c" -mcpu=cortex-m3 -std=gnu11 -g3 -DDEBUG -DUSE_HAL_DRIVER -DSTM32F103xB -c -I../Core/Inc -I../Drivers/STM32F1xx_HAL_Driver/Inc/Legacy -I../Drivers/STM32F1xx_HAL_Driver/Inc -I../Drivers/CMSIS/Device/ST/STM32F1xx/Include -I../Drivers/CMSIS/Include -O0 -ffunction-sections -fdata-sections -Wall -fstack-usage -fcyclomatic-complexity -MMD -MP -MF"Drivers/STM32F1xx_HAL_Driver/Src/stm32f1xx_hal_rcc.d" -MT"Drivers/STM32F1xx_HAL_Driver/Src/stm32f1xx_hal_rcc.o" --specs=nano.specs -mfloat-abi=soft -mthumb -o "Drivers/STM32F1xx_HAL_Driver/Src/stm32f1xx_hal_rcc.o"
arm-none-eabi-gcc "../Drivers/STM32F1xx_HAL_Driver/Src/stm32f1xx_hal_rcc_ex.c" -mcpu=cortex-m3 -std=gnu11 -g3 -DDEBUG -DUSE_HAL_DRIVER -DSTM32F103xB -c -I../Core/Inc -I../Drivers/STM32F1xx_HAL_Driver/Inc/Legacy -I../Drivers/STM32F1xx_HAL_Driver/Inc -I../Drivers/CMSIS/Device/ST/STM32F1xx/Include -I../Drivers/CMSIS/Include -O0 -ffunction-sections -fdata-sections -Wall -fstack-usage -fcyclomatic-complexity -MMD -MP -MF"Drivers/STM32F1xx_HAL_Driver/Src/stm32f1xx_hal_rcc_ex.d" -MT"Drivers/STM32F1xx_HAL_Driver/Src/stm32f1xx_hal_rcc_ex.o" --specs=nano.specs -mfloat-abi=soft -mthumb -o "Drivers/STM32F1xx_HAL_Driver/Src/stm32f1xx_hal_rcc_ex.o"
arm-none-eabi-gcc "../Drivers/STM32F1xx_HAL_Driver/Src/stm32f1xx_hal_tim.c" -mcpu=cortex-m3 -std=gnu11 -g3 -DDEBUG -DUSE_HAL_DRIVER -DSTM32F103xB -c -I../Core/Inc -I../Drivers/STM32F1xx_HAL_Driver/Inc/Legacy -I../Drivers/STM32F1xx_HAL_Driver/Inc -I../Drivers/CMSIS/Device/ST/STM32F1xx/Include -I../Drivers/CMSIS/Include -O0 -ffunction-sections -fdata-sections -Wall -fstack-usage -fcyclomatic-complexity -MMD -MP -MF"Drivers/STM32F1xx_HAL_Driver/Src/stm32f1xx_hal_tim.d" -MT"Drivers/STM32F1xx_HAL_Driver/Src/stm32f1xx_hal_tim.o" --specs=nano.specs -mfloat-abi=soft -mthumb -o "Drivers/STM32F1xx_HAL_Driver/Src/stm32f1xx_hal_tim.o"
arm-none-eabi-gcc "../Drivers/STM32F1xx_HAL_Driver/Src/stm32f1xx_hal_tim_ex.c" -mcpu=cortex-m3 -std=gnu11 -g3 -DDEBUG -DUSE_HAL_DRIVER -DSTM32F103xB -c -I../Core/Inc -I../Drivers/STM32F1xx_HAL_Driver/Inc/Legacy -I../Drivers/STM32F1xx_HAL_Driver/Inc -I../Drivers/CMSIS/Device/ST/STM32F1xx/Include -I../Drivers/CMSIS/Include -O0 -ffunction-sections -fdata-sections -Wall -fstack-usage -fcyclomatic-complexity -MMD -MP -MF"Drivers/STM32F1xx_HAL_Driver/Src/stm32f1xx_hal_tim_ex.d" -MT"Drivers/STM32F1xx_HAL_Driver/Src/stm32f1xx_hal_tim_ex.o" --specs=nano.specs -mfloat-abi=soft -mthumb -o "Drivers/STM32F1xx_HAL_Driver/Src/stm32f1xx_hal_tim_ex.o"
arm-none-eabi-gcc "../Drivers/STM32F1xx_HAL_Driver/Src/stm32f1xx_hal_uart.c" -mcpu=cortex-m3 -std=gnu11 -g3 -DDEBUG -DUSE_HAL_DRIVER -DSTM32F103xB -c -I../Core/Inc -I../Drivers/STM32F1xx_HAL_Driver/Inc/Legacy -I../Drivers/STM32F1xx_HAL_Driver/Inc -I../Drivers/CMSIS/Device/ST/STM32F1xx/Include -I../Drivers/CMSIS/Include -O0 -ffunction-sections -fdata-sections -Wall -fstack-usage -fcyclomatic-complexity -MMD -MP -MF"Drivers/STM32F1xx_HAL_Driver/Src/stm32f1xx_hal_uart.d" -MT"Drivers/STM32F1xx_HAL_Driver/Src/stm32f1xx_hal_uart.o" --specs=nano.specs -mfloat-abi=soft -mthumb -o "Drivers/STM32F1xx_HAL_Driver/Src/stm32f1xx_hal_uart.o"
arm-none-eabi-gcc -mcpu=cortex-m3 -g3 -DDEBUG -c -x assembler-with-cpp -MMD -MP -MF"Core/Startup/startup_stm32f103rbtx.d" -MT"Core/Startup/startup_stm32f103rbtx.o" --specs=nano.specs -mfloat-abi=soft -mthumb -o "Core/Startup/startup_stm32f103rbtx.o" "../Core/Startup/startup_stm32f103rbtx.s"
arm-none-eabi-gcc "../Core/Src/main.c" -mcpu=cortex-m3 -std=gnu11 -g3 -DDEBUG -DUSE_HAL_DRIVER -DSTM32F103xB -c -I../Core/Inc -I../Drivers/STM32F1xx_HAL_Driver/Inc/Legacy -I../Drivers/STM32F1xx_HAL_Driver/Inc -I../Drivers/CMSIS/Device/ST/STM32F1xx/Include -I../Drivers/CMSIS/Include -O0 -ffunction-sections -fdata-sections -Wall -fstack-usage -fcyclomatic-complexity -MMD -MP -MF"Core/Src/main.d" -MT"Core/Src/main.o" --specs=nano.specs -mfloat-abi=soft -mthumb -o "Core/Src/main.o"
arm-none-eabi-gcc "../Core/Src/stm32f1xx_hal_msp.c" -mcpu=cortex-m3 -std=gnu11 -g3 -DDEBUG -DUSE_HAL_DRIVER -DSTM32F103xB -c -I../Core/Inc -I../Drivers/STM32F1xx_HAL_Driver/Inc/Legacy -I../Drivers/STM32F1xx_HAL_Driver/Inc -I../Drivers/CMSIS/Device/ST/STM32F1xx/Include -I../Drivers/CMSIS/Include -O0 -ffunction-sections -fdata-sections -Wall -fstack-usage -fcyclomatic-complexity -MMD -MP -MF"Core/Src/stm32f1xx_hal_msp.d" -MT"Core/Src/stm32f1xx_hal_msp.o" --specs=nano.specs -mfloat-abi=soft -mthumb -o "Core/Src/stm32f1xx_hal_msp.o"
arm-none-eabi-gcc "../Core/Src/stm32f1xx_it.c" -mcpu=cortex-m3 -std=gnu11 -g3 -DDEBUG -DUSE_HAL_DRIVER -DSTM32F103xB -c -I../Core/Inc -I../Drivers/STM32F1xx_HAL_Driver/Inc/Legacy -I../Drivers/STM32F1xx_HAL_Driver/Inc -I../Drivers/CMSIS/Device/ST/STM32F1xx/Include -I../Drivers/CMSIS/Include -O0 -ffunction-sections -fdata-sections -Wall -fstack-usage -fcyclomatic-complexity -MMD -MP -MF"Core/Src/stm32f1xx_it.d" -MT"Core/Src/stm32f1xx_it.o" --specs=nano.specs -mfloat-abi=soft -mthumb -o "Core/Src/stm32f1xx_it.o"
arm-none-eabi-gcc "../Core/Src/syscalls.c" -mcpu=cortex-m3 -std=gnu11 -g3 -DDEBUG -DUSE_HAL_DRIVER -DSTM32F103xB -c -I../Core/Inc -I../Drivers/STM32F1xx_HAL_Driver/Inc/Legacy -I../Drivers/STM32F1xx_HAL_Driver/Inc -I../Drivers/CMSIS/Device/ST/STM32F1xx/Include -I../Drivers/CMSIS/Include -O0 -ffunction-sections -fdata-sections -Wall -fstack-usage -fcyclomatic-complexity -MMD -MP -MF"Core/Src/syscalls.d" -MT"Core/Src/syscalls.o" --specs=nano.specs -mfloat-abi=soft -mthumb -o "Core/Src/syscalls.o"
arm-none-eabi-gcc "../Core/Src/sysmem.c" -mcpu=cortex-m3 -std=gnu11 -g3 -DDEBUG -DUSE_HAL_DRIVER -DSTM32F103xB -c -I../Core/Inc -I../Drivers/STM32F1xx_HAL_Driver/Inc/Legacy -I../Drivers/STM32F1xx_HAL_Driver/Inc -I../Drivers/CMSIS/Device/ST/STM32F1xx/Include -I../Drivers/CMSIS/Include -O0 -ffunction-sections -fdata-sections -Wall -fstack-usage -fcyclomatic-complexity -MMD -MP -MF"Core/Src/sysmem.d" -MT"Core/Src/sysmem.o" --specs=nano.specs -mfloat-abi=soft -mthumb -o "Core/Src/sysmem.o"
arm-none-eabi-gcc "../Core/Src/system_stm32f1xx.c" -mcpu=cortex-m3 -std=gnu11 -g3 -DDEBUG -DUSE_HAL_DRIVER -DSTM32F103xB -c -I../Core/Inc -I../Drivers/STM32F1xx_HAL_Driver/Inc/Legacy -I../Drivers/STM32F1xx_HAL_Driver/Inc -I../Drivers/CMSIS/Device/ST/STM32F1xx/Include -I../Drivers/CMSIS/Include -O0 -ffunction-sections -fdata-sections -Wall -fstack-usage -fcyclomatic-complexity -MMD -MP -MF"Core/Src/system_stm32f1xx.d" -MT"Core/Src/system_stm32f1xx.o" --specs=nano.specs -mfloat-abi=soft -mthumb -o "Core/Src/system_stm32f1xx.o"
../Core/Src/main.c: In function 'motiontrack':
../Core/Src/main.c:289:27: warning: comparison between 'GPIO_PinState' and 'enum <anonymous>' [-Wenum-compare]
  289 |         if(motionDetected == SET)
      |                           ^~
arm-none-eabi-gcc -o "STMain.elf" @"objects.list"   -mcpu=cortex-m3 -T"C:\IotBuild\pes\STMain\STM32F103RBTX_FLASH.ld" --specs=nosys.specs -Wl,-Map="STMain.map" -Wl,--gc-sections -static --specs=nano.specs -mfloat-abi=soft -mthumb -u _printf_float -Wl,--start-group -lc -lm -Wl,--end-group
Finished building target: STMain.elf
 
arm-none-eabi-size  STMain.elf 
arm-none-eabi-objdump -h -S STMain.elf  > "STMain.list"
   text	   data	    bss	    dec	    hex	filename
  25044	    476	   2156	  27676	   6c1c	STMain.elf
Finished building: default.size.stdout
 
Finished building: STMain.list
 
11:11:20 **** Incremental Build of configuration Debug for project STMain ****
make -j8 all 
arm-none-eabi-size  STMain.elf 
   text	   data	    bss	    dec	    hex	filename
  25044	    476	   2156	  27676	   6c1c	STMain.elf
Finished building: default.size.stdout
 
11:12:28 **** Incremental Build of configuration Debug for project STMain ****
make -j8 all 
arm-none-eabi-gcc "../Core/Src/main.c" -mcpu=cortex-m3 -std=gnu11 -g3 -DDEBUG -DUSE_HAL_DRIVER -DSTM32F103xB -c -I../Core/Inc -I../Drivers/STM32F1xx_HAL_Driver/Inc/Legacy -I../Drivers/STM32F1xx_HAL_Driver/Inc -I../Drivers/CMSIS/Device/ST/STM32F1xx/Include -I../Drivers/CMSIS/Include -O0 -ffunction-sections -fdata-sections -Wall -fstack-usage -fcyclomatic-complexity -MMD -MP -MF"Core/Src/main.d" -MT"Core/Src/main.o" --specs=nano.specs -mfloat-abi=soft -mthumb -o "Core/Src/main.o"
../Core/Src/main.c: In function 'motiontrack':
../Core/Src/main.c:289:27: warning: comparison between 'GPIO_PinState' and 'enum <anonymous>' [-Wenum-compare]
  289 |         if(motionDetected == SET)
      |                           ^~
arm-none-eabi-gcc -o "STMain.elf" @"objects.list"   -mcpu=cortex-m3 -T"C:\IotBuild\pes\STMain\STM32F103RBTX_FLASH.ld" --specs=nosys.specs -Wl,-Map="STMain.map" -Wl,--gc-sections -static --specs=nano.specs -mfloat-abi=soft -mthumb -u _printf_float -Wl,--start-group -lc -lm -Wl,--end-group
Finished building target: STMain.elf
 
arm-none-eabi-size  STMain.elf 
arm-none-eabi-objdump -h -S STMain.elf  > "STMain.list"
   text	   data	    bss	    dec	    hex	filename
  25036	    476	   2156	  27668	   6c14	STMain.elf
Finished building: default.size.stdout
 
Finished building: STMain.list
 
11:13:01 **** Incremental Build of configuration Debug for project STMain ****
make -j8 all 
arm-none-eabi-gcc "../Core/Src/main.c" -mcpu=cortex-m3 -std=gnu11 -g3 -DDEBUG -DUSE_HAL_DRIVER -DSTM32F103xB -c -I../Core/Inc -I../Drivers/STM32F1xx_HAL_Driver/Inc/Legacy -I../Drivers/STM32F1xx_HAL_Driver/Inc -I../Drivers/CMSIS/Device/ST/STM32F1xx/Include -I../Drivers/CMSIS/Include -O0 -ffunction-sections -fdata-sections -Wall -fstack-usage -fcyclomatic-complexity -MMD -MP -MF"Core/Src/main.d" -MT"Core/Src/main.o" --specs=nano.specs -mfloat-abi=soft -mthumb -o "Core/Src/main.o"
../Core/Src/main.c: In function 'motiontrack':
../Core/Src/main.c:289:27: warning: comparison between 'GPIO_PinState' and 'enum <anonymous>' [-Wenum-compare]
  289 |         if(motionDetected == SET)
      |                           ^~
arm-none-eabi-gcc -o "STMain.elf" @"objects.list"   -mcpu=cortex-m3 -T"C:\IotBuild\pes\STMain\STM32F103RBTX_FLASH.ld" --specs=nosys.specs -Wl,-Map="STMain.map" -Wl,--gc-sections -static --specs=nano.specs -mfloat-abi=soft -mthumb -u _printf_float -Wl,--start-group -lc -lm -Wl,--end-group
Finished building target: STMain.elf
 
arm-none-eabi-size  STMain.elf 
arm-none-eabi-objdump -h -S STMain.elf  > "STMain.list"
   text	   data	    bss	    dec	    hex	filename
  25044	    476	   2156	  27676	   6c1c	STMain.elf
Finished building: default.size.stdout
 
Finished building: STMain.list
 
11:14:06 **** Incremental Build of configuration Debug for project STMain ****
make -j8 all 
arm-none-eabi-gcc "../Core/Src/main.c" -mcpu=cortex-m3 -std=gnu11 -g3 -DDEBUG -DUSE_HAL_DRIVER -DSTM32F103xB -c -I../Core/Inc -I../Drivers/STM32F1xx_HAL_Driver/Inc/Legacy -I../Drivers/STM32F1xx_HAL_Driver/Inc -I../Drivers/CMSIS/Device/ST/STM32F1xx/Include -I../Drivers/CMSIS/Include -O0 -ffunction-sections -fdata-sections -Wall -fstack-usage -fcyclomatic-complexity -MMD -MP -MF"Core/Src/main.d" -MT"Core/Src/main.o" --specs=nano.specs -mfloat-abi=soft -mthumb -o "Core/Src/main.o"
../Core/Src/main.c: In function 'motiontrack':
../Core/Src/main.c:289:27: warning: comparison between 'GPIO_PinState' and 'enum <anonymous>' [-Wenum-compare]
  289 |         if(motionDetected == SET)
      |                           ^~
arm-none-eabi-gcc -o "STMain.elf" @"objects.list"   -mcpu=cortex-m3 -T"C:\IotBuild\pes\STMain\STM32F103RBTX_FLASH.ld" --specs=nosys.specs -Wl,-Map="STMain.map" -Wl,--gc-sections -static --specs=nano.specs -mfloat-abi=soft -mthumb -u _printf_float -Wl,--start-group -lc -lm -Wl,--end-group
Finished building target: STMain.elf
 
arm-none-eabi-size  STMain.elf 
arm-none-eabi-objdump -h -S STMain.elf  > "STMain.list"
   text	   data	    bss	    dec	    hex	filename
  25044	    476	   2156	  27676	   6c1c	STMain.elf
Finished building: default.size.stdout
 
Finished building: STMain.list
 
11:14:59 **** Incremental Build of configuration Debug for project STMain ****
make -j8 all 
arm-none-eabi-gcc "../Core/Src/main.c" -mcpu=cortex-m3 -std=gnu11 -g3 -DDEBUG -DUSE_HAL_DRIVER -DSTM32F103xB -c -I../Core/Inc -I../Drivers/STM32F1xx_HAL_Driver/Inc/Legacy -I../Drivers/STM32F1xx_HAL_Driver/Inc -I../Drivers/CMSIS/Device/ST/STM32F1xx/Include -I../Drivers/CMSIS/Include -O0 -ffunction-sections -fdata-sections -Wall -fstack-usage -fcyclomatic-complexity -MMD -MP -MF"Core/Src/main.d" -MT"Core/Src/main.o" --specs=nano.specs -mfloat-abi=soft -mthumb -o "Core/Src/main.o"
../Core/Src/main.c: In function 'motiontrack':
../Core/Src/main.c:289:27: warning: comparison between 'GPIO_PinState' and 'enum <anonymous>' [-Wenum-compare]
  289 |         if(motionDetected == SET)
      |                           ^~
arm-none-eabi-gcc -o "STMain.elf" @"objects.list"   -mcpu=cortex-m3 -T"C:\IotBuild\pes\STMain\STM32F103RBTX_FLASH.ld" --specs=nosys.specs -Wl,-Map="STMain.map" -Wl,--gc-sections -static --specs=nano.specs -mfloat-abi=soft -mthumb -u _printf_float -Wl,--start-group -lc -lm -Wl,--end-group
Finished building target: STMain.elf
 
arm-none-eabi-size  STMain.elf 
arm-none-eabi-objdump -h -S STMain.elf  > "STMain.list"
   text	   data	    bss	    dec	    hex	filename
  25052	    476	   2156	  27684	   6c24	STMain.elf
Finished building: default.size.stdout
 
Finished building: STMain.list
 
13:30:48 **** Incremental Build of configuration Debug for project STMain ****
make -j8 all 
arm-none-eabi-gcc "../Core/Src/main.c" -mcpu=cortex-m3 -std=gnu11 -g3 -DDEBUG -DUSE_HAL_DRIVER -DSTM32F103xB -c -I../Core/Inc -I../Drivers/STM32F1xx_HAL_Driver/Inc/Legacy -I../Drivers/STM32F1xx_HAL_Driver/Inc -I../Drivers/CMSIS/Device/ST/STM32F1xx/Include -I../Drivers/CMSIS/Include -O0 -ffunction-sections -fdata-sections -Wall -fstack-usage -fcyclomatic-complexity -MMD -MP -MF"Core/Src/main.d" -MT"Core/Src/main.o" --specs=nano.specs -mfloat-abi=soft -mthumb -o "Core/Src/main.o"
../Core/Src/main.c: In function 'motionTrack':
../Core/Src/main.c:281:27: warning: comparison between 'GPIO_PinState' and 'enum <anonymous>' [-Wenum-compare]
  281 |         if(motionDetected == SET)
      |                           ^~
../Core/Src/main.c: In function 'gasTrack':
../Core/Src/main.c:302:49: warning: format '%f' expects argument of type 'double', but argument 3 has type 'int' [-Wformat=]
  302 |           sprintf(data, "current gas value: %0.2f\r\n", gasVal);
      |                                             ~~~~^       ~~~~~~
      |                                                 |       |
      |                                                 double  int
      |                                             %0.2d
arm-none-eabi-gcc -o "STMain.elf" @"objects.list"   -mcpu=cortex-m3 -T"C:\IotBuild\pes\STMain\STM32F103RBTX_FLASH.ld" --specs=nosys.specs -Wl,-Map="STMain.map" -Wl,--gc-sections -static --specs=nano.specs -mfloat-abi=soft -mthumb -u _printf_float -Wl,--start-group -lc -lm -Wl,--end-group
Finished building target: STMain.elf
 
arm-none-eabi-size  STMain.elf 
arm-none-eabi-objdump -h -S STMain.elf  > "STMain.list"
   text	   data	    bss	    dec	    hex	filename
  24516	    476	   2156	  27148	   6a0c	STMain.elf
Finished building: default.size.stdout
 
Finished building: STMain.list
 
13:31:32 **** Incremental Build of configuration Debug for project STMain ****
make -j8 all 
arm-none-eabi-gcc "../Core/Src/main.c" -mcpu=cortex-m3 -std=gnu11 -g3 -DDEBUG -DUSE_HAL_DRIVER -DSTM32F103xB -c -I../Core/Inc -I../Drivers/STM32F1xx_HAL_Driver/Inc/Legacy -I../Drivers/STM32F1xx_HAL_Driver/Inc -I../Drivers/CMSIS/Device/ST/STM32F1xx/Include -I../Drivers/CMSIS/Include -O0 -ffunction-sections -fdata-sections -Wall -fstack-usage -fcyclomatic-complexity -MMD -MP -MF"Core/Src/main.d" -MT"Core/Src/main.o" --specs=nano.specs -mfloat-abi=soft -mthumb -o "Core/Src/main.o"
../Core/Src/main.c: In function 'motionTrack':
../Core/Src/main.c:281:27: warning: comparison between 'GPIO_PinState' and 'enum <anonymous>' [-Wenum-compare]
  281 |         if(motionDetected == SET)
      |                           ^~
../Core/Src/main.c: In function 'gasTrack':
../Core/Src/main.c:302:49: warning: format '%f' expects argument of type 'double', but argument 3 has type 'int' [-Wformat=]
  302 |           sprintf(data, "current gas value: %0.2f\r\n", gasVal);
      |                                             ~~~~^       ~~~~~~
      |                                                 |       |
      |                                                 double  int
      |                                             %0.2d
arm-none-eabi-gcc -o "STMain.elf" @"objects.list"   -mcpu=cortex-m3 -T"C:\IotBuild\pes\STMain\STM32F103RBTX_FLASH.ld" --specs=nosys.specs -Wl,-Map="STMain.map" -Wl,--gc-sections -static --specs=nano.specs -mfloat-abi=soft -mthumb -u _printf_float -Wl,--start-group -lc -lm -Wl,--end-group
Finished building target: STMain.elf
 
arm-none-eabi-size  STMain.elf 
arm-none-eabi-objdump -h -S STMain.elf  > "STMain.list"
   text	   data	    bss	    dec	    hex	filename
  24508	    476	   2156	  27140	   6a04	STMain.elf
Finished building: default.size.stdout
 
Finished building: STMain.list
 
13:32:26 **** Incremental Build of configuration Debug for project STMain ****
make -j8 all 
arm-none-eabi-gcc "../Core/Src/main.c" -mcpu=cortex-m3 -std=gnu11 -g3 -DDEBUG -DUSE_HAL_DRIVER -DSTM32F103xB -c -I../Core/Inc -I../Drivers/STM32F1xx_HAL_Driver/Inc/Legacy -I../Drivers/STM32F1xx_HAL_Driver/Inc -I../Drivers/CMSIS/Device/ST/STM32F1xx/Include -I../Drivers/CMSIS/Include -O0 -ffunction-sections -fdata-sections -Wall -fstack-usage -fcyclomatic-complexity -MMD -MP -MF"Core/Src/main.d" -MT"Core/Src/main.o" --specs=nano.specs -mfloat-abi=soft -mthumb -o "Core/Src/main.o"
../Core/Src/main.c: In function 'motionTrack':
../Core/Src/main.c:281:27: warning: comparison between 'GPIO_PinState' and 'enum <anonymous>' [-Wenum-compare]
  281 |         if(motionDetected == SET)
      |                           ^~
arm-none-eabi-gcc -o "STMain.elf" @"objects.list"   -mcpu=cortex-m3 -T"C:\IotBuild\pes\STMain\STM32F103RBTX_FLASH.ld" --specs=nosys.specs -Wl,-Map="STMain.map" -Wl,--gc-sections -static --specs=nano.specs -mfloat-abi=soft -mthumb -u _printf_float -Wl,--start-group -lc -lm -Wl,--end-group
Finished building target: STMain.elf
 
arm-none-eabi-size  STMain.elf 
arm-none-eabi-objdump -h -S STMain.elf  > "STMain.list"
   text	   data	    bss	    dec	    hex	filename
  25068	    476	   2156	  27700	   6c34	STMain.elf
Finished building: default.size.stdout
 
Finished building: STMain.list
 
13:36:13 **** Incremental Build of configuration Debug for project STMain ****
make -j8 all 
arm-none-eabi-gcc "../Core/Src/main.c" -mcpu=cortex-m3 -std=gnu11 -g3 -DDEBUG -DUSE_HAL_DRIVER -DSTM32F103xB -c -I../Core/Inc -I../Drivers/STM32F1xx_HAL_Driver/Inc/Legacy -I../Drivers/STM32F1xx_HAL_Driver/Inc -I../Drivers/CMSIS/Device/ST/STM32F1xx/Include -I../Drivers/CMSIS/Include -O0 -ffunction-sections -fdata-sections -Wall -fstack-usage -fcyclomatic-complexity -MMD -MP -MF"Core/Src/main.d" -MT"Core/Src/main.o" --specs=nano.specs -mfloat-abi=soft -mthumb -o "Core/Src/main.o"
../Core/Src/main.c: In function 'motionTrack':
../Core/Src/main.c:281:27: warning: comparison between 'GPIO_PinState' and 'enum <anonymous>' [-Wenum-compare]
  281 |         if(motionDetected == SET)
      |                           ^~
../Core/Src/main.c: In function 'gasTrack':
../Core/Src/main.c:300:27: error: invalid operands to binary >> (have 'float' and 'int')
  300 |           gasVal = gasVal >> 3;
      |                           ^~
make: *** [Core/Src/subdir.mk:34: Core/Src/main.o] Error 1
"make -j8 all" terminated with exit code 2. Build might be incomplete.
13:36:39 **** Incremental Build of configuration Debug for project STMain ****
make -j8 all 
arm-none-eabi-gcc "../Core/Src/main.c" -mcpu=cortex-m3 -std=gnu11 -g3 -DDEBUG -DUSE_HAL_DRIVER -DSTM32F103xB -c -I../Core/Inc -I../Drivers/STM32F1xx_HAL_Driver/Inc/Legacy -I../Drivers/STM32F1xx_HAL_Driver/Inc -I../Drivers/CMSIS/Device/ST/STM32F1xx/Include -I../Drivers/CMSIS/Include -O0 -ffunction-sections -fdata-sections -Wall -fstack-usage -fcyclomatic-complexity -MMD -MP -MF"Core/Src/main.d" -MT"Core/Src/main.o" --specs=nano.specs -mfloat-abi=soft -mthumb -o "Core/Src/main.o"
../Core/Src/main.c: In function 'motionTrack':
../Core/Src/main.c:281:27: warning: comparison between 'GPIO_PinState' and 'enum <anonymous>' [-Wenum-compare]
  281 |         if(motionDetected == SET)
      |                           ^~
../Core/Src/main.c: In function 'gasTrack':
../Core/Src/main.c:303:49: warning: format '%f' expects argument of type 'double', but argument 3 has type 'int' [-Wformat=]
  303 |           sprintf(data, "current gas value: %0.2f\r\n", gasVal);
      |                                             ~~~~^       ~~~~~~
      |                                                 |       |
      |                                                 double  int
      |                                             %0.2d
arm-none-eabi-gcc -o "STMain.elf" @"objects.list"   -mcpu=cortex-m3 -T"C:\IotBuild\pes\STMain\STM32F103RBTX_FLASH.ld" --specs=nosys.specs -Wl,-Map="STMain.map" -Wl,--gc-sections -static --specs=nano.specs -mfloat-abi=soft -mthumb -u _printf_float -Wl,--start-group -lc -lm -Wl,--end-group
Finished building target: STMain.elf
 
arm-none-eabi-size  STMain.elf 
arm-none-eabi-objdump -h -S STMain.elf  > "STMain.list"
   text	   data	    bss	    dec	    hex	filename
  24508	    476	   2156	  27140	   6a04	STMain.elf
Finished building: default.size.stdout
 
Finished building: STMain.list
 
13:37:26 **** Incremental Build of configuration Debug for project STMain ****
make -j8 all 
arm-none-eabi-gcc "../Core/Src/main.c" -mcpu=cortex-m3 -std=gnu11 -g3 -DDEBUG -DUSE_HAL_DRIVER -DSTM32F103xB -c -I../Core/Inc -I../Drivers/STM32F1xx_HAL_Driver/Inc/Legacy -I../Drivers/STM32F1xx_HAL_Driver/Inc -I../Drivers/CMSIS/Device/ST/STM32F1xx/Include -I../Drivers/CMSIS/Include -O0 -ffunction-sections -fdata-sections -Wall -fstack-usage -fcyclomatic-complexity -MMD -MP -MF"Core/Src/main.d" -MT"Core/Src/main.o" --specs=nano.specs -mfloat-abi=soft -mthumb -o "Core/Src/main.o"
../Core/Src/main.c: In function 'motionTrack':
../Core/Src/main.c:281:27: warning: comparison between 'GPIO_PinState' and 'enum <anonymous>' [-Wenum-compare]
  281 |         if(motionDetected == SET)
      |                           ^~
../Core/Src/main.c: In function 'gasTrack':
../Core/Src/main.c:300:15: warning: unused variable 'gasArrange' [-Wunused-variable]
  300 |           int gasArrange = (int)gasVal >> 3;
      |               ^~~~~~~~~~
arm-none-eabi-gcc -o "STMain.elf" @"objects.list"   -mcpu=cortex-m3 -T"C:\IotBuild\pes\STMain\STM32F103RBTX_FLASH.ld" --specs=nosys.specs -Wl,-Map="STMain.map" -Wl,--gc-sections -static --specs=nano.specs -mfloat-abi=soft -mthumb -u _printf_float -Wl,--start-group -lc -lm -Wl,--end-group
Finished building target: STMain.elf
 
arm-none-eabi-size  STMain.elf 
arm-none-eabi-objdump -h -S STMain.elf  > "STMain.list"
   text	   data	    bss	    dec	    hex	filename
  25156	    476	   2156	  27788	   6c8c	STMain.elf
Finished building: default.size.stdout
 
Finished building: STMain.list
 
13:37:51 **** Incremental Build of configuration Debug for project STMain ****
make -j8 all 
arm-none-eabi-gcc "../Core/Src/main.c" -mcpu=cortex-m3 -std=gnu11 -g3 -DDEBUG -DUSE_HAL_DRIVER -DSTM32F103xB -c -I../Core/Inc -I../Drivers/STM32F1xx_HAL_Driver/Inc/Legacy -I../Drivers/STM32F1xx_HAL_Driver/Inc -I../Drivers/CMSIS/Device/ST/STM32F1xx/Include -I../Drivers/CMSIS/Include -O0 -ffunction-sections -fdata-sections -Wall -fstack-usage -fcyclomatic-complexity -MMD -MP -MF"Core/Src/main.d" -MT"Core/Src/main.o" --specs=nano.specs -mfloat-abi=soft -mthumb -o "Core/Src/main.o"
../Core/Src/main.c: In function 'motionTrack':
../Core/Src/main.c:281:27: warning: comparison between 'GPIO_PinState' and 'enum <anonymous>' [-Wenum-compare]
  281 |         if(motionDetected == SET)
      |                           ^~
../Core/Src/main.c: In function 'gasTrack':
../Core/Src/main.c:303:25: warning: '0' flag ignored with precision and '%d' gnu_printf format [-Wformat=]
  303 |           sprintf(data, "current gas value: %0.2d\r\n", gasVal);
      |                         ^~~~~~~~~~~~~~~~~~~~~~~~~~~~~~
arm-none-eabi-gcc -o "STMain.elf" @"objects.list"   -mcpu=cortex-m3 -T"C:\IotBuild\pes\STMain\STM32F103RBTX_FLASH.ld" --specs=nosys.specs -Wl,-Map="STMain.map" -Wl,--gc-sections -static --specs=nano.specs -mfloat-abi=soft -mthumb -u _printf_float -Wl,--start-group -lc -lm -Wl,--end-group
Finished building target: STMain.elf
 
arm-none-eabi-size  STMain.elf 
arm-none-eabi-objdump -h -S STMain.elf  > "STMain.list"
   text	   data	    bss	    dec	    hex	filename
  24516	    476	   2156	  27148	   6a0c	STMain.elf
Finished building: default.size.stdout
 
Finished building: STMain.list
 
13:47:47 **** Incremental Build of configuration Debug for project STMain ****
make -j8 all 
arm-none-eabi-gcc "../Core/Src/main.c" -mcpu=cortex-m3 -std=gnu11 -g3 -DDEBUG -DUSE_HAL_DRIVER -DSTM32F103xB -c -I../Core/Inc -I../Drivers/STM32F1xx_HAL_Driver/Inc/Legacy -I../Drivers/STM32F1xx_HAL_Driver/Inc -I../Drivers/CMSIS/Device/ST/STM32F1xx/Include -I../Drivers/CMSIS/Include -O0 -ffunction-sections -fdata-sections -Wall -fstack-usage -fcyclomatic-complexity -MMD -MP -MF"Core/Src/main.d" -MT"Core/Src/main.o" --specs=nano.specs -mfloat-abi=soft -mthumb -o "Core/Src/main.o"
../Core/Src/main.c: In function 'motionTrack':
../Core/Src/main.c:281:27: warning: comparison between 'GPIO_PinState' and 'enum <anonymous>' [-Wenum-compare]
  281 |         if(motionDetected == SET)
      |                           ^~
../Core/Src/main.c: In function 'gasTrack':
../Core/Src/main.c:303:25: warning: '0' flag ignored with precision and '%d' gnu_printf format [-Wformat=]
  303 |           sprintf(data, "current gas value: %0.2d\r\n", gasVal);
      |                         ^~~~~~~~~~~~~~~~~~~~~~~~~~~~~~
arm-none-eabi-gcc -o "STMain.elf" @"objects.list"   -mcpu=cortex-m3 -T"C:\IotBuild\pes\STMain\STM32F103RBTX_FLASH.ld" --specs=nosys.specs -Wl,-Map="STMain.map" -Wl,--gc-sections -static --specs=nano.specs -mfloat-abi=soft -mthumb -u _printf_float -Wl,--start-group -lc -lm -Wl,--end-group
Finished building target: STMain.elf
 
arm-none-eabi-size  STMain.elf 
arm-none-eabi-objdump -h -S STMain.elf  > "STMain.list"
   text	   data	    bss	    dec	    hex	filename
  24516	    476	   2156	  27148	   6a0c	STMain.elf
Finished building: default.size.stdout
 
Finished building: STMain.list
 
13:52:38 **** Incremental Build of configuration Debug for project STMain ****
make -j8 all 
arm-none-eabi-gcc "../Core/Src/main.c" -mcpu=cortex-m3 -std=gnu11 -g3 -DDEBUG -DUSE_HAL_DRIVER -DSTM32F103xB -c -I../Core/Inc -I../Drivers/STM32F1xx_HAL_Driver/Inc/Legacy -I../Drivers/STM32F1xx_HAL_Driver/Inc -I../Drivers/CMSIS/Device/ST/STM32F1xx/Include -I../Drivers/CMSIS/Include -O0 -ffunction-sections -fdata-sections -Wall -fstack-usage -fcyclomatic-complexity -MMD -MP -MF"Core/Src/main.d" -MT"Core/Src/main.o" --specs=nano.specs -mfloat-abi=soft -mthumb -o "Core/Src/main.o"
../Core/Src/main.c: In function 'motionTrack':
../Core/Src/main.c:281:27: warning: comparison between 'GPIO_PinState' and 'enum <anonymous>' [-Wenum-compare]
  281 |         if(motionDetected == SET)
      |                           ^~
../Core/Src/main.c: In function 'gasTrack':
../Core/Src/main.c:303:25: warning: '0' flag ignored with precision and '%d' gnu_printf format [-Wformat=]
  303 |           sprintf(data, "current gas value: %0.2d\r\n", gasVal);
      |                         ^~~~~~~~~~~~~~~~~~~~~~~~~~~~~~
arm-none-eabi-gcc -o "STMain.elf" @"objects.list"   -mcpu=cortex-m3 -T"C:\IotBuild\pes\STMain\STM32F103RBTX_FLASH.ld" --specs=nosys.specs -Wl,-Map="STMain.map" -Wl,--gc-sections -static --specs=nano.specs -mfloat-abi=soft -mthumb -u _printf_float -Wl,--start-group -lc -lm -Wl,--end-group
Finished building target: STMain.elf
 
arm-none-eabi-size  STMain.elf 
arm-none-eabi-objdump -h -S STMain.elf  > "STMain.list"
   text	   data	    bss	    dec	    hex	filename
  24516	    476	   2156	  27148	   6a0c	STMain.elf
Finished building: default.size.stdout
 
Finished building: STMain.list
 
14:01:26 **** Incremental Build of configuration Debug for project STMain ****
make -j8 all 
arm-none-eabi-gcc "../Core/Src/main.c" -mcpu=cortex-m3 -std=gnu11 -g3 -DDEBUG -DUSE_HAL_DRIVER -DSTM32F103xB -c -I../Core/Inc -I../Drivers/STM32F1xx_HAL_Driver/Inc/Legacy -I../Drivers/STM32F1xx_HAL_Driver/Inc -I../Drivers/CMSIS/Device/ST/STM32F1xx/Include -I../Drivers/CMSIS/Include -O0 -ffunction-sections -fdata-sections -Wall -fstack-usage -fcyclomatic-complexity -MMD -MP -MF"Core/Src/main.d" -MT"Core/Src/main.o" --specs=nano.specs -mfloat-abi=soft -mthumb -o "Core/Src/main.o"
../Core/Src/main.c: In function 'motionTrack':
../Core/Src/main.c:281:27: warning: comparison between 'GPIO_PinState' and 'enum <anonymous>' [-Wenum-compare]
  281 |         if(motionDetected == SET)
      |                           ^~
../Core/Src/main.c: In function 'gasTrack':
../Core/Src/main.c:304:25: warning: '0' flag ignored with precision and '%d' gnu_printf format [-Wformat=]
  304 |           sprintf(data, "current gas value: %0.2d\r\n", gasVal);
      |                         ^~~~~~~~~~~~~~~~~~~~~~~~~~~~~~
arm-none-eabi-gcc -o "STMain.elf" @"objects.list"   -mcpu=cortex-m3 -T"C:\IotBuild\pes\STMain\STM32F103RBTX_FLASH.ld" --specs=nosys.specs -Wl,-Map="STMain.map" -Wl,--gc-sections -static --specs=nano.specs -mfloat-abi=soft -mthumb -u _printf_float -Wl,--start-group -lc -lm -Wl,--end-group
Finished building target: STMain.elf
 
arm-none-eabi-size  STMain.elf 
arm-none-eabi-objdump -h -S STMain.elf  > "STMain.list"
   text	   data	    bss	    dec	    hex	filename
  24508	    476	   2156	  27140	   6a04	STMain.elf
Finished building: default.size.stdout
 
Finished building: STMain.list
 
14:06:14 **** Incremental Build of configuration Debug for project STMain ****
make -j8 all 
arm-none-eabi-gcc "../Core/Src/main.c" -mcpu=cortex-m3 -std=gnu11 -g3 -DDEBUG -DUSE_HAL_DRIVER -DSTM32F103xB -c -I../Core/Inc -I../Drivers/STM32F1xx_HAL_Driver/Inc/Legacy -I../Drivers/STM32F1xx_HAL_Driver/Inc -I../Drivers/CMSIS/Device/ST/STM32F1xx/Include -I../Drivers/CMSIS/Include -O0 -ffunction-sections -fdata-sections -Wall -fstack-usage -fcyclomatic-complexity -MMD -MP -MF"Core/Src/main.d" -MT"Core/Src/main.o" --specs=nano.specs -mfloat-abi=soft -mthumb -o "Core/Src/main.o"
../Core/Src/main.c: In function 'motionTrack':
../Core/Src/main.c:281:27: warning: comparison between 'GPIO_PinState' and 'enum <anonymous>' [-Wenum-compare]
  281 |         if(motionDetected == SET)
      |                           ^~
../Core/Src/main.c: In function 'gasTrack':
../Core/Src/main.c:304:25: warning: '0' flag ignored with precision and '%d' gnu_printf format [-Wformat=]
  304 |           sprintf(data, "current gas value: %0.2d\r\n", gasVal);
      |                         ^~~~~~~~~~~~~~~~~~~~~~~~~~~~~~
arm-none-eabi-gcc -o "STMain.elf" @"objects.list"   -mcpu=cortex-m3 -T"C:\IotBuild\pes\STMain\STM32F103RBTX_FLASH.ld" --specs=nosys.specs -Wl,-Map="STMain.map" -Wl,--gc-sections -static --specs=nano.specs -mfloat-abi=soft -mthumb -u _printf_float -Wl,--start-group -lc -lm -Wl,--end-group
Finished building target: STMain.elf
 
arm-none-eabi-size  STMain.elf 
arm-none-eabi-objdump -h -S STMain.elf  > "STMain.list"
   text	   data	    bss	    dec	    hex	filename
  24516	    476	   2156	  27148	   6a0c	STMain.elf
Finished building: default.size.stdout
 
Finished building: STMain.list
 
14:08:22 **** Incremental Build of configuration Debug for project STMain ****
make -j8 all 
arm-none-eabi-gcc "../Core/Src/main.c" -mcpu=cortex-m3 -std=gnu11 -g3 -DDEBUG -DUSE_HAL_DRIVER -DSTM32F103xB -c -I../Core/Inc -I../Drivers/STM32F1xx_HAL_Driver/Inc/Legacy -I../Drivers/STM32F1xx_HAL_Driver/Inc -I../Drivers/CMSIS/Device/ST/STM32F1xx/Include -I../Drivers/CMSIS/Include -O0 -ffunction-sections -fdata-sections -Wall -fstack-usage -fcyclomatic-complexity -MMD -MP -MF"Core/Src/main.d" -MT"Core/Src/main.o" --specs=nano.specs -mfloat-abi=soft -mthumb -o "Core/Src/main.o"
../Core/Src/main.c: In function 'motionTrack':
../Core/Src/main.c:281:27: warning: comparison between 'GPIO_PinState' and 'enum <anonymous>' [-Wenum-compare]
  281 |         if(motionDetected == SET)
      |                           ^~
../Core/Src/main.c: In function 'gasTrack':
../Core/Src/main.c:304:25: warning: '0' flag ignored with precision and '%d' gnu_printf format [-Wformat=]
  304 |           sprintf(data, "current gas value: %0.2d\r\n", gasVal);
      |                         ^~~~~~~~~~~~~~~~~~~~~~~~~~~~~~
arm-none-eabi-gcc -o "STMain.elf" @"objects.list"   -mcpu=cortex-m3 -T"C:\IotBuild\pes\STMain\STM32F103RBTX_FLASH.ld" --specs=nosys.specs -Wl,-Map="STMain.map" -Wl,--gc-sections -static --specs=nano.specs -mfloat-abi=soft -mthumb -u _printf_float -Wl,--start-group -lc -lm -Wl,--end-group
Finished building target: STMain.elf
 
arm-none-eabi-size  STMain.elf 
arm-none-eabi-objdump -h -S STMain.elf  > "STMain.list"
   text	   data	    bss	    dec	    hex	filename
  24516	    476	   2156	  27148	   6a0c	STMain.elf
Finished building: default.size.stdout
 
Finished building: STMain.list
 
14:08:27 **** Incremental Build of configuration Debug for project STMain ****
make -j8 all 
arm-none-eabi-gcc "../Core/Src/main.c" -mcpu=cortex-m3 -std=gnu11 -g3 -DDEBUG -DUSE_HAL_DRIVER -DSTM32F103xB -c -I../Core/Inc -I../Drivers/STM32F1xx_HAL_Driver/Inc/Legacy -I../Drivers/STM32F1xx_HAL_Driver/Inc -I../Drivers/CMSIS/Device/ST/STM32F1xx/Include -I../Drivers/CMSIS/Include -O0 -ffunction-sections -fdata-sections -Wall -fstack-usage -fcyclomatic-complexity -MMD -MP -MF"Core/Src/main.d" -MT"Core/Src/main.o" --specs=nano.specs -mfloat-abi=soft -mthumb -o "Core/Src/main.o"
../Core/Src/main.c: In function 'motionTrack':
../Core/Src/main.c:281:27: warning: comparison between 'GPIO_PinState' and 'enum <anonymous>' [-Wenum-compare]
  281 |         if(motionDetected == SET)
      |                           ^~
../Core/Src/main.c: In function 'gasTrack':
../Core/Src/main.c:304:25: warning: '0' flag ignored with precision and '%d' gnu_printf format [-Wformat=]
  304 |           sprintf(data, "current gas value: %0.2d\r\n", gasVal);
      |                         ^~~~~~~~~~~~~~~~~~~~~~~~~~~~~~
arm-none-eabi-gcc -o "STMain.elf" @"objects.list"   -mcpu=cortex-m3 -T"C:\IotBuild\pes\STMain\STM32F103RBTX_FLASH.ld" --specs=nosys.specs -Wl,-Map="STMain.map" -Wl,--gc-sections -static --specs=nano.specs -mfloat-abi=soft -mthumb -u _printf_float -Wl,--start-group -lc -lm -Wl,--end-group
Finished building target: STMain.elf
 
arm-none-eabi-size  STMain.elf 
arm-none-eabi-objdump -h -S STMain.elf  > "STMain.list"
   text	   data	    bss	    dec	    hex	filename
  24516	    476	   2156	  27148	   6a0c	STMain.elf
Finished building: default.size.stdout
 
Finished building: STMain.list
 
14:11:39 **** Incremental Build of configuration Debug for project STMain ****
make -j8 all 
arm-none-eabi-gcc "../Core/Src/main.c" -mcpu=cortex-m3 -std=gnu11 -g3 -DDEBUG -DUSE_HAL_DRIVER -DSTM32F103xB -c -I../Core/Inc -I../Drivers/STM32F1xx_HAL_Driver/Inc/Legacy -I../Drivers/STM32F1xx_HAL_Driver/Inc -I../Drivers/CMSIS/Device/ST/STM32F1xx/Include -I../Drivers/CMSIS/Include -O0 -ffunction-sections -fdata-sections -Wall -fstack-usage -fcyclomatic-complexity -MMD -MP -MF"Core/Src/main.d" -MT"Core/Src/main.o" --specs=nano.specs -mfloat-abi=soft -mthumb -o "Core/Src/main.o"
../Core/Src/main.c: In function 'motionTrack':
../Core/Src/main.c:281:27: warning: comparison between 'GPIO_PinState' and 'enum <anonymous>' [-Wenum-compare]
  281 |         if(motionDetected == SET)
      |                           ^~
../Core/Src/main.c: In function 'gasTrack':
../Core/Src/main.c:305:25: warning: '0' flag ignored with precision and '%d' gnu_printf format [-Wformat=]
  305 |           sprintf(data, "current gas value: %0.2d\r\n", gasVal);
      |                         ^~~~~~~~~~~~~~~~~~~~~~~~~~~~~~
arm-none-eabi-gcc -o "STMain.elf" @"objects.list"   -mcpu=cortex-m3 -T"C:\IotBuild\pes\STMain\STM32F103RBTX_FLASH.ld" --specs=nosys.specs -Wl,-Map="STMain.map" -Wl,--gc-sections -static --specs=nano.specs -mfloat-abi=soft -mthumb -u _printf_float -Wl,--start-group -lc -lm -Wl,--end-group
Finished building target: STMain.elf
 
arm-none-eabi-size  STMain.elf 
arm-none-eabi-objdump -h -S STMain.elf  > "STMain.list"
   text	   data	    bss	    dec	    hex	filename
  24516	    476	   2156	  27148	   6a0c	STMain.elf
Finished building: default.size.stdout
 
Finished building: STMain.list
 
14:35:44 **** Incremental Build of configuration Debug for project STMain ****
make -j8 all 
arm-none-eabi-gcc "../Core/Src/main.c" -mcpu=cortex-m3 -std=gnu11 -g3 -DDEBUG -DUSE_HAL_DRIVER -DSTM32F103xB -c -I../Core/Inc -I../Drivers/STM32F1xx_HAL_Driver/Inc/Legacy -I../Drivers/STM32F1xx_HAL_Driver/Inc -I../Drivers/CMSIS/Device/ST/STM32F1xx/Include -I../Drivers/CMSIS/Include -O0 -ffunction-sections -fdata-sections -Wall -fstack-usage -fcyclomatic-complexity -MMD -MP -MF"Core/Src/main.d" -MT"Core/Src/main.o" --specs=nano.specs -mfloat-abi=soft -mthumb -o "Core/Src/main.o"
../Core/Src/main.c: In function 'motionTrack':
../Core/Src/main.c:281:27: warning: comparison between 'GPIO_PinState' and 'enum <anonymous>' [-Wenum-compare]
  281 |         if(motionDetected == SET)
      |                           ^~
../Core/Src/main.c: In function 'gasTrack':
../Core/Src/main.c:302:34: error: invalid operands to binary >> (have 'double' and 'int')
  302 |           gasVal = (gasVal /3.3) >> 2;
      |                    ~~~~~~~~~~~~~ ^~
      |                            |
      |                            double
../Core/Src/main.c:305:25: warning: '0' flag ignored with precision and '%d' gnu_printf format [-Wformat=]
  305 |           sprintf(data, "current gas value: %0.2d\r\n", gasVal);
      |                         ^~~~~~~~~~~~~~~~~~~~~~~~~~~~~~
make: *** [Core/Src/subdir.mk:34: Core/Src/main.o] Error 1
"make -j8 all" terminated with exit code 2. Build might be incomplete.
14:36:03 **** Incremental Build of configuration Debug for project STMain ****
make -j8 all 
arm-none-eabi-gcc "../Core/Src/main.c" -mcpu=cortex-m3 -std=gnu11 -g3 -DDEBUG -DUSE_HAL_DRIVER -DSTM32F103xB -c -I../Core/Inc -I../Drivers/STM32F1xx_HAL_Driver/Inc/Legacy -I../Drivers/STM32F1xx_HAL_Driver/Inc -I../Drivers/CMSIS/Device/ST/STM32F1xx/Include -I../Drivers/CMSIS/Include -O0 -ffunction-sections -fdata-sections -Wall -fstack-usage -fcyclomatic-complexity -MMD -MP -MF"Core/Src/main.d" -MT"Core/Src/main.o" --specs=nano.specs -mfloat-abi=soft -mthumb -o "Core/Src/main.o"
../Core/Src/main.c: In function 'motionTrack':
../Core/Src/main.c:281:27: warning: comparison between 'GPIO_PinState' and 'enum <anonymous>' [-Wenum-compare]
  281 |         if(motionDetected == SET)
      |                           ^~
../Core/Src/main.c: In function 'gasTrack':
../Core/Src/main.c:305:25: warning: '0' flag ignored with precision and '%d' gnu_printf format [-Wformat=]
  305 |           sprintf(data, "current gas value: %0.2d\r\n", gasVal);
      |                         ^~~~~~~~~~~~~~~~~~~~~~~~~~~~~~
arm-none-eabi-gcc -o "STMain.elf" @"objects.list"   -mcpu=cortex-m3 -T"C:\IotBuild\pes\STMain\STM32F103RBTX_FLASH.ld" --specs=nosys.specs -Wl,-Map="STMain.map" -Wl,--gc-sections -static --specs=nano.specs -mfloat-abi=soft -mthumb -u _printf_float -Wl,--start-group -lc -lm -Wl,--end-group
Finished building target: STMain.elf
 
arm-none-eabi-size  STMain.elf 
arm-none-eabi-objdump -h -S STMain.elf  > "STMain.list"
   text	   data	    bss	    dec	    hex	filename
  24532	    476	   2156	  27164	   6a1c	STMain.elf
Finished building: default.size.stdout
 
Finished building: STMain.list
 
14:38:36 **** Incremental Build of configuration Debug for project STMain ****
make -j8 all 
arm-none-eabi-gcc "../Core/Src/main.c" -mcpu=cortex-m3 -std=gnu11 -g3 -DDEBUG -DUSE_HAL_DRIVER -DSTM32F103xB -c -I../Core/Inc -I../Drivers/STM32F1xx_HAL_Driver/Inc/Legacy -I../Drivers/STM32F1xx_HAL_Driver/Inc -I../Drivers/CMSIS/Device/ST/STM32F1xx/Include -I../Drivers/CMSIS/Include -O0 -ffunction-sections -fdata-sections -Wall -fstack-usage -fcyclomatic-complexity -MMD -MP -MF"Core/Src/main.d" -MT"Core/Src/main.o" --specs=nano.specs -mfloat-abi=soft -mthumb -o "Core/Src/main.o"
../Core/Src/main.c: In function 'motionTrack':
../Core/Src/main.c:281:27: warning: comparison between 'GPIO_PinState' and 'enum <anonymous>' [-Wenum-compare]
  281 |         if(motionDetected == SET)
      |                           ^~
../Core/Src/main.c: In function 'gasTrack':
../Core/Src/main.c:305:25: warning: '0' flag ignored with precision and '%d' gnu_printf format [-Wformat=]
  305 |           sprintf(data, "current gas value: %0.2d\r\n", gasVal);
      |                         ^~~~~~~~~~~~~~~~~~~~~~~~~~~~~~
arm-none-eabi-gcc -o "STMain.elf" @"objects.list"   -mcpu=cortex-m3 -T"C:\IotBuild\pes\STMain\STM32F103RBTX_FLASH.ld" --specs=nosys.specs -Wl,-Map="STMain.map" -Wl,--gc-sections -static --specs=nano.specs -mfloat-abi=soft -mthumb -u _printf_float -Wl,--start-group -lc -lm -Wl,--end-group
Finished building target: STMain.elf
 
arm-none-eabi-size  STMain.elf 
arm-none-eabi-objdump -h -S STMain.elf  > "STMain.list"
   text	   data	    bss	    dec	    hex	filename
  24532	    476	   2156	  27164	   6a1c	STMain.elf
Finished building: default.size.stdout
 
Finished building: STMain.list
 
14:40:07 **** Incremental Build of configuration Debug for project STMain ****
make -j8 all 
arm-none-eabi-gcc "../Core/Src/main.c" -mcpu=cortex-m3 -std=gnu11 -g3 -DDEBUG -DUSE_HAL_DRIVER -DSTM32F103xB -c -I../Core/Inc -I../Drivers/STM32F1xx_HAL_Driver/Inc/Legacy -I../Drivers/STM32F1xx_HAL_Driver/Inc -I../Drivers/CMSIS/Device/ST/STM32F1xx/Include -I../Drivers/CMSIS/Include -O0 -ffunction-sections -fdata-sections -Wall -fstack-usage -fcyclomatic-complexity -MMD -MP -MF"Core/Src/main.d" -MT"Core/Src/main.o" --specs=nano.specs -mfloat-abi=soft -mthumb -o "Core/Src/main.o"
../Core/Src/main.c: In function 'motionTrack':
../Core/Src/main.c:281:27: warning: comparison between 'GPIO_PinState' and 'enum <anonymous>' [-Wenum-compare]
  281 |         if(motionDetected == SET)
      |                           ^~
../Core/Src/main.c: In function 'gasTrack':
../Core/Src/main.c:305:25: warning: '0' flag ignored with precision and '%d' gnu_printf format [-Wformat=]
  305 |           sprintf(data, "current gas value: %0.2d\r\n", gasVal);
      |                         ^~~~~~~~~~~~~~~~~~~~~~~~~~~~~~
arm-none-eabi-gcc -o "STMain.elf" @"objects.list"   -mcpu=cortex-m3 -T"C:\IotBuild\pes\STMain\STM32F103RBTX_FLASH.ld" --specs=nosys.specs -Wl,-Map="STMain.map" -Wl,--gc-sections -static --specs=nano.specs -mfloat-abi=soft -mthumb -u _printf_float -Wl,--start-group -lc -lm -Wl,--end-group
Finished building target: STMain.elf
 
arm-none-eabi-size  STMain.elf 
arm-none-eabi-objdump -h -S STMain.elf  > "STMain.list"
   text	   data	    bss	    dec	    hex	filename
  24564	    476	   2156	  27196	   6a3c	STMain.elf
Finished building: default.size.stdout
 
Finished building: STMain.list
 
14:41:04 **** Incremental Build of configuration Debug for project STMain ****
make -j8 all 
arm-none-eabi-gcc "../Core/Src/main.c" -mcpu=cortex-m3 -std=gnu11 -g3 -DDEBUG -DUSE_HAL_DRIVER -DSTM32F103xB -c -I../Core/Inc -I../Drivers/STM32F1xx_HAL_Driver/Inc/Legacy -I../Drivers/STM32F1xx_HAL_Driver/Inc -I../Drivers/CMSIS/Device/ST/STM32F1xx/Include -I../Drivers/CMSIS/Include -O0 -ffunction-sections -fdata-sections -Wall -fstack-usage -fcyclomatic-complexity -MMD -MP -MF"Core/Src/main.d" -MT"Core/Src/main.o" --specs=nano.specs -mfloat-abi=soft -mthumb -o "Core/Src/main.o"
../Core/Src/main.c: In function 'motionTrack':
../Core/Src/main.c:281:27: warning: comparison between 'GPIO_PinState' and 'enum <anonymous>' [-Wenum-compare]
  281 |         if(motionDetected == SET)
      |                           ^~
../Core/Src/main.c: In function 'gasTrack':
../Core/Src/main.c:302:35: error: invalid operands to binary >> (have 'double' and 'int')
  302 |           gasVal = (gasVal / 3.3) >> 2;
      |                    ~~~~~~~~~~~~~~ ^~
      |                            |
      |                            double
../Core/Src/main.c:305:25: warning: '0' flag ignored with precision and '%d' gnu_printf format [-Wformat=]
  305 |           sprintf(data, "current gas value: %0.2d\r\n", gasVal);
      |                         ^~~~~~~~~~~~~~~~~~~~~~~~~~~~~~
make: *** [Core/Src/subdir.mk:34: Core/Src/main.o] Error 1
"make -j8 all" terminated with exit code 2. Build might be incomplete.
14:41:16 **** Incremental Build of configuration Debug for project STMain ****
make -j8 all 
arm-none-eabi-gcc "../Core/Src/main.c" -mcpu=cortex-m3 -std=gnu11 -g3 -DDEBUG -DUSE_HAL_DRIVER -DSTM32F103xB -c -I../Core/Inc -I../Drivers/STM32F1xx_HAL_Driver/Inc/Legacy -I../Drivers/STM32F1xx_HAL_Driver/Inc -I../Drivers/CMSIS/Device/ST/STM32F1xx/Include -I../Drivers/CMSIS/Include -O0 -ffunction-sections -fdata-sections -Wall -fstack-usage -fcyclomatic-complexity -MMD -MP -MF"Core/Src/main.d" -MT"Core/Src/main.o" --specs=nano.specs -mfloat-abi=soft -mthumb -o "Core/Src/main.o"
../Core/Src/main.c: In function 'motionTrack':
../Core/Src/main.c:281:27: warning: comparison between 'GPIO_PinState' and 'enum <anonymous>' [-Wenum-compare]
  281 |         if(motionDetected == SET)
      |                           ^~
../Core/Src/main.c: In function 'gasTrack':
../Core/Src/main.c:305:25: warning: '0' flag ignored with precision and '%d' gnu_printf format [-Wformat=]
  305 |           sprintf(data, "current gas value: %0.2d\r\n", gasVal);
      |                         ^~~~~~~~~~~~~~~~~~~~~~~~~~~~~~
arm-none-eabi-gcc -o "STMain.elf" @"objects.list"   -mcpu=cortex-m3 -T"C:\IotBuild\pes\STMain\STM32F103RBTX_FLASH.ld" --specs=nosys.specs -Wl,-Map="STMain.map" -Wl,--gc-sections -static --specs=nano.specs -mfloat-abi=soft -mthumb -u _printf_float -Wl,--start-group -lc -lm -Wl,--end-group
Finished building target: STMain.elf
 
arm-none-eabi-size  STMain.elf 
arm-none-eabi-objdump -h -S STMain.elf  > "STMain.list"
   text	   data	    bss	    dec	    hex	filename
  24556	    476	   2156	  27188	   6a34	STMain.elf
Finished building: default.size.stdout
 
Finished building: STMain.list
 
14:42:25 **** Incremental Build of configuration Debug for project STMain ****
make -j8 all 
arm-none-eabi-gcc "../Core/Src/main.c" -mcpu=cortex-m3 -std=gnu11 -g3 -DDEBUG -DUSE_HAL_DRIVER -DSTM32F103xB -c -I../Core/Inc -I../Drivers/STM32F1xx_HAL_Driver/Inc/Legacy -I../Drivers/STM32F1xx_HAL_Driver/Inc -I../Drivers/CMSIS/Device/ST/STM32F1xx/Include -I../Drivers/CMSIS/Include -O0 -ffunction-sections -fdata-sections -Wall -fstack-usage -fcyclomatic-complexity -MMD -MP -MF"Core/Src/main.d" -MT"Core/Src/main.o" --specs=nano.specs -mfloat-abi=soft -mthumb -o "Core/Src/main.o"
../Core/Src/main.c: In function 'motionTrack':
../Core/Src/main.c:281:27: warning: comparison between 'GPIO_PinState' and 'enum <anonymous>' [-Wenum-compare]
  281 |         if(motionDetected == SET)
      |                           ^~
../Core/Src/main.c: In function 'gasTrack':
../Core/Src/main.c:305:25: warning: '0' flag ignored with precision and '%d' gnu_printf format [-Wformat=]
  305 |           sprintf(data, "current gas value: %0.2d\r\n", gasVal);
      |                         ^~~~~~~~~~~~~~~~~~~~~~~~~~~~~~
arm-none-eabi-gcc -o "STMain.elf" @"objects.list"   -mcpu=cortex-m3 -T"C:\IotBuild\pes\STMain\STM32F103RBTX_FLASH.ld" --specs=nosys.specs -Wl,-Map="STMain.map" -Wl,--gc-sections -static --specs=nano.specs -mfloat-abi=soft -mthumb -u _printf_float -Wl,--start-group -lc -lm -Wl,--end-group
Finished building target: STMain.elf
 
arm-none-eabi-size  STMain.elf 
arm-none-eabi-objdump -h -S STMain.elf  > "STMain.list"
   text	   data	    bss	    dec	    hex	filename
  24564	    476	   2156	  27196	   6a3c	STMain.elf
Finished building: default.size.stdout
 
Finished building: STMain.list
 
14:42:50 **** Incremental Build of configuration Debug for project STMain ****
make -j8 all 
arm-none-eabi-gcc "../Core/Src/main.c" -mcpu=cortex-m3 -std=gnu11 -g3 -DDEBUG -DUSE_HAL_DRIVER -DSTM32F103xB -c -I../Core/Inc -I../Drivers/STM32F1xx_HAL_Driver/Inc/Legacy -I../Drivers/STM32F1xx_HAL_Driver/Inc -I../Drivers/CMSIS/Device/ST/STM32F1xx/Include -I../Drivers/CMSIS/Include -O0 -ffunction-sections -fdata-sections -Wall -fstack-usage -fcyclomatic-complexity -MMD -MP -MF"Core/Src/main.d" -MT"Core/Src/main.o" --specs=nano.specs -mfloat-abi=soft -mthumb -o "Core/Src/main.o"
../Core/Src/main.c: In function 'motionTrack':
../Core/Src/main.c:281:27: warning: comparison between 'GPIO_PinState' and 'enum <anonymous>' [-Wenum-compare]
  281 |         if(motionDetected == SET)
      |                           ^~
../Core/Src/main.c: In function 'gasTrack':
../Core/Src/main.c:305:25: warning: '0' flag ignored with precision and '%d' gnu_printf format [-Wformat=]
  305 |           sprintf(data, "current gas value: %0.2d\r\n", gasVal);
      |                         ^~~~~~~~~~~~~~~~~~~~~~~~~~~~~~
arm-none-eabi-gcc -o "STMain.elf" @"objects.list"   -mcpu=cortex-m3 -T"C:\IotBuild\pes\STMain\STM32F103RBTX_FLASH.ld" --specs=nosys.specs -Wl,-Map="STMain.map" -Wl,--gc-sections -static --specs=nano.specs -mfloat-abi=soft -mthumb -u _printf_float -Wl,--start-group -lc -lm -Wl,--end-group
Finished building target: STMain.elf
 
arm-none-eabi-size  STMain.elf 
arm-none-eabi-objdump -h -S STMain.elf  > "STMain.list"
   text	   data	    bss	    dec	    hex	filename
  24572	    476	   2156	  27204	   6a44	STMain.elf
Finished building: default.size.stdout
 
Finished building: STMain.list
 
14:43:22 **** Incremental Build of configuration Debug for project STMain ****
make -j8 all 
arm-none-eabi-gcc "../Core/Src/main.c" -mcpu=cortex-m3 -std=gnu11 -g3 -DDEBUG -DUSE_HAL_DRIVER -DSTM32F103xB -c -I../Core/Inc -I../Drivers/STM32F1xx_HAL_Driver/Inc/Legacy -I../Drivers/STM32F1xx_HAL_Driver/Inc -I../Drivers/CMSIS/Device/ST/STM32F1xx/Include -I../Drivers/CMSIS/Include -O0 -ffunction-sections -fdata-sections -Wall -fstack-usage -fcyclomatic-complexity -MMD -MP -MF"Core/Src/main.d" -MT"Core/Src/main.o" --specs=nano.specs -mfloat-abi=soft -mthumb -o "Core/Src/main.o"
../Core/Src/main.c: In function 'motionTrack':
../Core/Src/main.c:281:27: warning: comparison between 'GPIO_PinState' and 'enum <anonymous>' [-Wenum-compare]
  281 |         if(motionDetected == SET)
      |                           ^~
../Core/Src/main.c: In function 'gasTrack':
../Core/Src/main.c:305:25: warning: '0' flag ignored with precision and '%d' gnu_printf format [-Wformat=]
  305 |           sprintf(data, "current gas value: %0.2d\r\n", gasVal);
      |                         ^~~~~~~~~~~~~~~~~~~~~~~~~~~~~~
arm-none-eabi-gcc -o "STMain.elf" @"objects.list"   -mcpu=cortex-m3 -T"C:\IotBuild\pes\STMain\STM32F103RBTX_FLASH.ld" --specs=nosys.specs -Wl,-Map="STMain.map" -Wl,--gc-sections -static --specs=nano.specs -mfloat-abi=soft -mthumb -u _printf_float -Wl,--start-group -lc -lm -Wl,--end-group
Finished building target: STMain.elf
 
arm-none-eabi-size  STMain.elf 
arm-none-eabi-objdump -h -S STMain.elf  > "STMain.list"
   text	   data	    bss	    dec	    hex	filename
  24556	    476	   2156	  27188	   6a34	STMain.elf
Finished building: default.size.stdout
 
Finished building: STMain.list
 
14:44:46 **** Incremental Build of configuration Debug for project STMain ****
make -j8 all 
arm-none-eabi-gcc "../Core/Src/main.c" -mcpu=cortex-m3 -std=gnu11 -g3 -DDEBUG -DUSE_HAL_DRIVER -DSTM32F103xB -c -I../Core/Inc -I../Drivers/STM32F1xx_HAL_Driver/Inc/Legacy -I../Drivers/STM32F1xx_HAL_Driver/Inc -I../Drivers/CMSIS/Device/ST/STM32F1xx/Include -I../Drivers/CMSIS/Include -O0 -ffunction-sections -fdata-sections -Wall -fstack-usage -fcyclomatic-complexity -MMD -MP -MF"Core/Src/main.d" -MT"Core/Src/main.o" --specs=nano.specs -mfloat-abi=soft -mthumb -o "Core/Src/main.o"
../Core/Src/main.c: In function 'motionTrack':
../Core/Src/main.c:281:27: warning: comparison between 'GPIO_PinState' and 'enum <anonymous>' [-Wenum-compare]
  281 |         if(motionDetected == SET)
      |                           ^~
../Core/Src/main.c: In function 'gasTrack':
../Core/Src/main.c:305:25: warning: '0' flag ignored with precision and '%d' gnu_printf format [-Wformat=]
  305 |           sprintf(data, "current gas value: %0.2d\r\n", gasVal);
      |                         ^~~~~~~~~~~~~~~~~~~~~~~~~~~~~~
arm-none-eabi-gcc -o "STMain.elf" @"objects.list"   -mcpu=cortex-m3 -T"C:\IotBuild\pes\STMain\STM32F103RBTX_FLASH.ld" --specs=nosys.specs -Wl,-Map="STMain.map" -Wl,--gc-sections -static --specs=nano.specs -mfloat-abi=soft -mthumb -u _printf_float -Wl,--start-group -lc -lm -Wl,--end-group
Finished building target: STMain.elf
 
arm-none-eabi-size  STMain.elf 
arm-none-eabi-objdump -h -S STMain.elf  > "STMain.list"
   text	   data	    bss	    dec	    hex	filename
  24508	    476	   2156	  27140	   6a04	STMain.elf
Finished building: default.size.stdout
 
Finished building: STMain.list
 
15:22:31 **** Incremental Build of configuration Debug for project STMain ****
make -j8 all 
arm-none-eabi-gcc "../Core/Src/main.c" -mcpu=cortex-m3 -std=gnu11 -g3 -DDEBUG -DUSE_HAL_DRIVER -DSTM32F103xB -c -I../Core/Inc -I../Drivers/STM32F1xx_HAL_Driver/Inc/Legacy -I../Drivers/STM32F1xx_HAL_Driver/Inc -I../Drivers/CMSIS/Device/ST/STM32F1xx/Include -I../Drivers/CMSIS/Include -O0 -ffunction-sections -fdata-sections -Wall -fstack-usage -fcyclomatic-complexity -MMD -MP -MF"Core/Src/main.d" -MT"Core/Src/main.o" --specs=nano.specs -mfloat-abi=soft -mthumb -o "Core/Src/main.o"
arm-none-eabi-gcc "../Core/Src/stm32f1xx_hal_msp.c" -mcpu=cortex-m3 -std=gnu11 -g3 -DDEBUG -DUSE_HAL_DRIVER -DSTM32F103xB -c -I../Core/Inc -I../Drivers/STM32F1xx_HAL_Driver/Inc/Legacy -I../Drivers/STM32F1xx_HAL_Driver/Inc -I../Drivers/CMSIS/Device/ST/STM32F1xx/Include -I../Drivers/CMSIS/Include -O0 -ffunction-sections -fdata-sections -Wall -fstack-usage -fcyclomatic-complexity -MMD -MP -MF"Core/Src/stm32f1xx_hal_msp.d" -MT"Core/Src/stm32f1xx_hal_msp.o" --specs=nano.specs -mfloat-abi=soft -mthumb -o "Core/Src/stm32f1xx_hal_msp.o"
../Core/Src/main.c: In function 'motionTrack':
../Core/Src/main.c:281:27: warning: comparison between 'GPIO_PinState' and 'enum <anonymous>' [-Wenum-compare]
  281 |         if(motionDetected == SET)
      |                           ^~
../Core/Src/main.c: In function 'gasTrack':
../Core/Src/main.c:305:25: warning: '0' flag ignored with precision and '%d' gnu_printf format [-Wformat=]
  305 |           sprintf(data, "current gas value: %0.2d\r\n", gasVal);
      |                         ^~~~~~~~~~~~~~~~~~~~~~~~~~~~~~
arm-none-eabi-gcc -o "STMain.elf" @"objects.list"   -mcpu=cortex-m3 -T"C:\IotBuild\pes\STMain\STM32F103RBTX_FLASH.ld" --specs=nosys.specs -Wl,-Map="STMain.map" -Wl,--gc-sections -static --specs=nano.specs -mfloat-abi=soft -mthumb -u _printf_float -Wl,--start-group -lc -lm -Wl,--end-group
Finished building target: STMain.elf
 
arm-none-eabi-size  STMain.elf 
arm-none-eabi-objdump -h -S STMain.elf  > "STMain.list"
   text	   data	    bss	    dec	    hex	filename
  24556	    476	   2156	  27188	   6a34	STMain.elf
Finished building: default.size.stdout
 
Finished building: STMain.list
 
15:49:18 **** Incremental Build of configuration Debug for project STMain ****
make -j8 all 
arm-none-eabi-gcc "../Core/Src/main.c" -mcpu=cortex-m3 -std=gnu11 -g3 -DDEBUG -DUSE_HAL_DRIVER -DSTM32F103xB -c -I../Core/Inc -I../Drivers/STM32F1xx_HAL_Driver/Inc/Legacy -I../Drivers/STM32F1xx_HAL_Driver/Inc -I../Drivers/CMSIS/Device/ST/STM32F1xx/Include -I../Drivers/CMSIS/Include -O0 -ffunction-sections -fdata-sections -Wall -fstack-usage -fcyclomatic-complexity -MMD -MP -MF"Core/Src/main.d" -MT"Core/Src/main.o" --specs=nano.specs -mfloat-abi=soft -mthumb -o "Core/Src/main.o"
arm-none-eabi-gcc "../Core/Src/stm32f1xx_hal_msp.c" -mcpu=cortex-m3 -std=gnu11 -g3 -DDEBUG -DUSE_HAL_DRIVER -DSTM32F103xB -c -I../Core/Inc -I../Drivers/STM32F1xx_HAL_Driver/Inc/Legacy -I../Drivers/STM32F1xx_HAL_Driver/Inc -I../Drivers/CMSIS/Device/ST/STM32F1xx/Include -I../Drivers/CMSIS/Include -O0 -ffunction-sections -fdata-sections -Wall -fstack-usage -fcyclomatic-complexity -MMD -MP -MF"Core/Src/stm32f1xx_hal_msp.d" -MT"Core/Src/stm32f1xx_hal_msp.o" --specs=nano.specs -mfloat-abi=soft -mthumb -o "Core/Src/stm32f1xx_hal_msp.o"
arm-none-eabi-gcc "../Core/Src/stm32f1xx_it.c" -mcpu=cortex-m3 -std=gnu11 -g3 -DDEBUG -DUSE_HAL_DRIVER -DSTM32F103xB -c -I../Core/Inc -I../Drivers/STM32F1xx_HAL_Driver/Inc/Legacy -I../Drivers/STM32F1xx_HAL_Driver/Inc -I../Drivers/CMSIS/Device/ST/STM32F1xx/Include -I../Drivers/CMSIS/Include -O0 -ffunction-sections -fdata-sections -Wall -fstack-usage -fcyclomatic-complexity -MMD -MP -MF"Core/Src/stm32f1xx_it.d" -MT"Core/Src/stm32f1xx_it.o" --specs=nano.specs -mfloat-abi=soft -mthumb -o "Core/Src/stm32f1xx_it.o"
../Core/Src/main.c: In function 'main':
../Core/Src/main.c:127:44: warning: format '%f' expects argument of type 'double', but argument 3 has type 'int' [-Wformat=]
  127 |           sprintf(data, "current temp: %0.2f\r\n current humuduty: %0.2f\r\n", temp, hud);
      |                                        ~~~~^                                   ~~~~
      |                                            |                                   |
      |                                            double                              int
      |                                        %0.2d
../Core/Src/main.c:127:72: warning: format '%f' expects argument of type 'double', but argument 4 has type 'int' [-Wformat=]
  127 |           sprintf(data, "current temp: %0.2f\r\n current humuduty: %0.2f\r\n", temp, hud);
      |                                                                    ~~~~^             ~~~
      |                                                                        |             |
      |                                                                        double        int
      |                                                                    %0.2d
../Core/Src/main.c: In function 'motionTrack':
../Core/Src/main.c:318:27: warning: comparison between 'GPIO_PinState' and 'enum <anonymous>' [-Wenum-compare]
  318 |         if(motionDetected == SET)
      |                           ^~
../Core/Src/main.c: In function 'gasTrack':
../Core/Src/main.c:343:25: warning: '0' flag ignored with precision and '%d' gnu_printf format [-Wformat=]
  343 |           sprintf(data, "current gas value: %0.2d\r\n", gasVal);
      |                         ^~~~~~~~~~~~~~~~~~~~~~~~~~~~~~
arm-none-eabi-gcc -o "STMain.elf" @"objects.list"   -mcpu=cortex-m3 -T"C:\IotBuild\pes\STMain\STM32F103RBTX_FLASH.ld" --specs=nosys.specs -Wl,-Map="STMain.map" -Wl,--gc-sections -static --specs=nano.specs -mfloat-abi=soft -mthumb -u _printf_float -Wl,--start-group -lc -lm -Wl,--end-group
Finished building target: STMain.elf
 
arm-none-eabi-size  STMain.elf 
arm-none-eabi-objdump -h -S STMain.elf  > "STMain.list"
   text	   data	    bss	    dec	    hex	filename
  25468	    476	   2156	  28100	   6dc4	STMain.elf
Finished building: default.size.stdout
 
Finished building: STMain.list
 
15:49:45 **** Incremental Build of configuration Debug for project STMain ****
make -j8 all 
arm-none-eabi-size  STMain.elf 
   text	   data	    bss	    dec	    hex	filename
  25468	    476	   2156	  28100	   6dc4	STMain.elf
Finished building: default.size.stdout
 
15:51:00 **** Incremental Build of configuration Debug for project STMain ****
make -j8 all 
arm-none-eabi-gcc "../Core/Src/main.c" -mcpu=cortex-m3 -std=gnu11 -g3 -DDEBUG -DUSE_HAL_DRIVER -DSTM32F103xB -c -I../Core/Inc -I../Drivers/STM32F1xx_HAL_Driver/Inc/Legacy -I../Drivers/STM32F1xx_HAL_Driver/Inc -I../Drivers/CMSIS/Device/ST/STM32F1xx/Include -I../Drivers/CMSIS/Include -O0 -ffunction-sections -fdata-sections -Wall -fstack-usage -fcyclomatic-complexity -MMD -MP -MF"Core/Src/main.d" -MT"Core/Src/main.o" --specs=nano.specs -mfloat-abi=soft -mthumb -o "Core/Src/main.o"
../Core/Src/main.c: In function 'main':
../Core/Src/main.c:127:44: warning: format '%f' expects argument of type 'double', but argument 3 has type 'int' [-Wformat=]
  127 |           sprintf(data, "current temp: %0.2f\r\n current humuduty: %0.2f\r\n", temp, hud);
      |                                        ~~~~^                                   ~~~~
      |                                            |                                   |
      |                                            double                              int
      |                                        %0.2d
../Core/Src/main.c:127:72: warning: format '%f' expects argument of type 'double', but argument 4 has type 'int' [-Wformat=]
  127 |           sprintf(data, "current temp: %0.2f\r\n current humuduty: %0.2f\r\n", temp, hud);
      |                                                                    ~~~~^             ~~~
      |                                                                        |             |
      |                                                                        double        int
      |                                                                    %0.2d
../Core/Src/main.c: In function 'motionTrack':
../Core/Src/main.c:318:27: warning: comparison between 'GPIO_PinState' and 'enum <anonymous>' [-Wenum-compare]
  318 |         if(motionDetected == SET)
      |                           ^~
../Core/Src/main.c: In function 'gasTrack':
../Core/Src/main.c:343:25: warning: '0' flag ignored with precision and '%d' gnu_printf format [-Wformat=]
  343 |           sprintf(data, "current gas value: %0.2d\r\n", gasVal);
      |                         ^~~~~~~~~~~~~~~~~~~~~~~~~~~~~~
arm-none-eabi-gcc -o "STMain.elf" @"objects.list"   -mcpu=cortex-m3 -T"C:\IotBuild\pes\STMain\STM32F103RBTX_FLASH.ld" --specs=nosys.specs -Wl,-Map="STMain.map" -Wl,--gc-sections -static --specs=nano.specs -mfloat-abi=soft -mthumb -u _printf_float -Wl,--start-group -lc -lm -Wl,--end-group
Finished building target: STMain.elf
 
arm-none-eabi-size  STMain.elf 
arm-none-eabi-objdump -h -S STMain.elf  > "STMain.list"
   text	   data	    bss	    dec	    hex	filename
  25468	    476	   2156	  28100	   6dc4	STMain.elf
Finished building: default.size.stdout
 
Finished building: STMain.list
 
15:51:50 **** Incremental Build of configuration Debug for project STMain ****
make -j8 all 
arm-none-eabi-gcc "../Core/Src/main.c" -mcpu=cortex-m3 -std=gnu11 -g3 -DDEBUG -DUSE_HAL_DRIVER -DSTM32F103xB -c -I../Core/Inc -I../Drivers/STM32F1xx_HAL_Driver/Inc/Legacy -I../Drivers/STM32F1xx_HAL_Driver/Inc -I../Drivers/CMSIS/Device/ST/STM32F1xx/Include -I../Drivers/CMSIS/Include -O0 -ffunction-sections -fdata-sections -Wall -fstack-usage -fcyclomatic-complexity -MMD -MP -MF"Core/Src/main.d" -MT"Core/Src/main.o" --specs=nano.specs -mfloat-abi=soft -mthumb -o "Core/Src/main.o"
../Core/Src/main.c: In function 'motionTrack':
../Core/Src/main.c:315:27: warning: comparison between 'GPIO_PinState' and 'enum <anonymous>' [-Wenum-compare]
  315 |         if(motionDetected == SET)
      |                           ^~
../Core/Src/main.c: In function 'gasTrack':
../Core/Src/main.c:340:25: warning: '0' flag ignored with precision and '%d' gnu_printf format [-Wformat=]
  340 |           sprintf(data, "current gas value: %0.2d\r\n", gasVal);
      |                         ^~~~~~~~~~~~~~~~~~~~~~~~~~~~~~
arm-none-eabi-gcc -o "STMain.elf" @"objects.list"   -mcpu=cortex-m3 -T"C:\IotBuild\pes\STMain\STM32F103RBTX_FLASH.ld" --specs=nosys.specs -Wl,-Map="STMain.map" -Wl,--gc-sections -static --specs=nano.specs -mfloat-abi=soft -mthumb -u _printf_float -Wl,--start-group -lc -lm -Wl,--end-group
Finished building target: STMain.elf
 
arm-none-eabi-size  STMain.elf 
arm-none-eabi-objdump -h -S STMain.elf  > "STMain.list"
   text	   data	    bss	    dec	    hex	filename
  26204	    476	   2156	  28836	   70a4	STMain.elf
Finished building: default.size.stdout
 
Finished building: STMain.list
 
15:54:01 **** Incremental Build of configuration Debug for project STMain ****
make -j8 all 
arm-none-eabi-gcc "../Core/Src/main.c" -mcpu=cortex-m3 -std=gnu11 -g3 -DDEBUG -DUSE_HAL_DRIVER -DSTM32F103xB -c -I../Core/Inc -I../Drivers/STM32F1xx_HAL_Driver/Inc/Legacy -I../Drivers/STM32F1xx_HAL_Driver/Inc -I../Drivers/CMSIS/Device/ST/STM32F1xx/Include -I../Drivers/CMSIS/Include -O0 -ffunction-sections -fdata-sections -Wall -fstack-usage -fcyclomatic-complexity -MMD -MP -MF"Core/Src/main.d" -MT"Core/Src/main.o" --specs=nano.specs -mfloat-abi=soft -mthumb -o "Core/Src/main.o"
../Core/Src/main.c: In function 'main':
../Core/Src/main.c:124:76: warning: unknown conversion type character '\x0d' in format [-Wformat=]
  124 |           sprintf(data, "current temp: %0.2f'C\r\n current humuduty: %0.2f%\r\n", temp, hud);
      |                                                                            ^~
../Core/Src/main.c: In function 'motionTrack':
../Core/Src/main.c:315:27: warning: comparison between 'GPIO_PinState' and 'enum <anonymous>' [-Wenum-compare]
  315 |         if(motionDetected == SET)
      |                           ^~
../Core/Src/main.c: In function 'gasTrack':
../Core/Src/main.c:340:25: warning: '0' flag ignored with precision and '%d' gnu_printf format [-Wformat=]
  340 |           sprintf(data, "current gas value: %0.2d\r\n", gasVal);
      |                         ^~~~~~~~~~~~~~~~~~~~~~~~~~~~~~
arm-none-eabi-gcc -o "STMain.elf" @"objects.list"   -mcpu=cortex-m3 -T"C:\IotBuild\pes\STMain\STM32F103RBTX_FLASH.ld" --specs=nosys.specs -Wl,-Map="STMain.map" -Wl,--gc-sections -static --specs=nano.specs -mfloat-abi=soft -mthumb -u _printf_float -Wl,--start-group -lc -lm -Wl,--end-group
Finished building target: STMain.elf
 
arm-none-eabi-size  STMain.elf 
arm-none-eabi-objdump -h -S STMain.elf  > "STMain.list"
   text	   data	    bss	    dec	    hex	filename
  26204	    476	   2156	  28836	   70a4	STMain.elf
Finished building: default.size.stdout
 
Finished building: STMain.list
 
15:54:35 **** Incremental Build of configuration Debug for project STMain ****
make -j8 all 
arm-none-eabi-gcc "../Core/Src/main.c" -mcpu=cortex-m3 -std=gnu11 -g3 -DDEBUG -DUSE_HAL_DRIVER -DSTM32F103xB -c -I../Core/Inc -I../Drivers/STM32F1xx_HAL_Driver/Inc/Legacy -I../Drivers/STM32F1xx_HAL_Driver/Inc -I../Drivers/CMSIS/Device/ST/STM32F1xx/Include -I../Drivers/CMSIS/Include -O0 -ffunction-sections -fdata-sections -Wall -fstack-usage -fcyclomatic-complexity -MMD -MP -MF"Core/Src/main.d" -MT"Core/Src/main.o" --specs=nano.specs -mfloat-abi=soft -mthumb -o "Core/Src/main.o"
../Core/Src/main.c: In function 'main':
../Core/Src/main.c:124:75: warning: unknown conversion type character '\x0d' in format [-Wformat=]
  124 |           sprintf(data, "current temp: %0.2f'C\r\ncurrent humuduty: %0.2f%\r\n", temp, hud);
      |                                                                           ^~
../Core/Src/main.c: In function 'motionTrack':
../Core/Src/main.c:315:27: warning: comparison between 'GPIO_PinState' and 'enum <anonymous>' [-Wenum-compare]
  315 |         if(motionDetected == SET)
      |                           ^~
../Core/Src/main.c: In function 'gasTrack':
../Core/Src/main.c:340:25: warning: '0' flag ignored with precision and '%d' gnu_printf format [-Wformat=]
  340 |           sprintf(data, "current gas value: %0.2d\r\n", gasVal);
      |                         ^~~~~~~~~~~~~~~~~~~~~~~~~~~~~~
arm-none-eabi-gcc -o "STMain.elf" @"objects.list"   -mcpu=cortex-m3 -T"C:\IotBuild\pes\STMain\STM32F103RBTX_FLASH.ld" --specs=nosys.specs -Wl,-Map="STMain.map" -Wl,--gc-sections -static --specs=nano.specs -mfloat-abi=soft -mthumb -u _printf_float -Wl,--start-group -lc -lm -Wl,--end-group
Finished building target: STMain.elf
 
arm-none-eabi-size  STMain.elf 
arm-none-eabi-objdump -h -S STMain.elf  > "STMain.list"
   text	   data	    bss	    dec	    hex	filename
  26204	    476	   2156	  28836	   70a4	STMain.elf
Finished building: default.size.stdout
 
Finished building: STMain.list
 
15:54:57 **** Incremental Build of configuration Debug for project STMain ****
make -j8 all 
arm-none-eabi-gcc "../Core/Src/main.c" -mcpu=cortex-m3 -std=gnu11 -g3 -DDEBUG -DUSE_HAL_DRIVER -DSTM32F103xB -c -I../Core/Inc -I../Drivers/STM32F1xx_HAL_Driver/Inc/Legacy -I../Drivers/STM32F1xx_HAL_Driver/Inc -I../Drivers/CMSIS/Device/ST/STM32F1xx/Include -I../Drivers/CMSIS/Include -O0 -ffunction-sections -fdata-sections -Wall -fstack-usage -fcyclomatic-complexity -MMD -MP -MF"Core/Src/main.d" -MT"Core/Src/main.o" --specs=nano.specs -mfloat-abi=soft -mthumb -o "Core/Src/main.o"
../Core/Src/main.c: In function 'motionTrack':
../Core/Src/main.c:315:27: warning: comparison between 'GPIO_PinState' and 'enum <anonymous>' [-Wenum-compare]
  315 |         if(motionDetected == SET)
      |                           ^~
../Core/Src/main.c: In function 'gasTrack':
../Core/Src/main.c:340:25: warning: '0' flag ignored with precision and '%d' gnu_printf format [-Wformat=]
  340 |           sprintf(data, "current gas value: %0.2d\r\n", gasVal);
      |                         ^~~~~~~~~~~~~~~~~~~~~~~~~~~~~~
arm-none-eabi-gcc -o "STMain.elf" @"objects.list"   -mcpu=cortex-m3 -T"C:\IotBuild\pes\STMain\STM32F103RBTX_FLASH.ld" --specs=nosys.specs -Wl,-Map="STMain.map" -Wl,--gc-sections -static --specs=nano.specs -mfloat-abi=soft -mthumb -u _printf_float -Wl,--start-group -lc -lm -Wl,--end-group
Finished building target: STMain.elf
 
arm-none-eabi-size  STMain.elf 
arm-none-eabi-objdump -h -S STMain.elf  > "STMain.list"
   text	   data	    bss	    dec	    hex	filename
  26204	    476	   2156	  28836	   70a4	STMain.elf
Finished building: default.size.stdout
 
Finished building: STMain.list
 
15:55:35 **** Incremental Build of configuration Debug for project STMain ****
make -j8 all 
arm-none-eabi-gcc "../Core/Src/main.c" -mcpu=cortex-m3 -std=gnu11 -g3 -DDEBUG -DUSE_HAL_DRIVER -DSTM32F103xB -c -I../Core/Inc -I../Drivers/STM32F1xx_HAL_Driver/Inc/Legacy -I../Drivers/STM32F1xx_HAL_Driver/Inc -I../Drivers/CMSIS/Device/ST/STM32F1xx/Include -I../Drivers/CMSIS/Include -O0 -ffunction-sections -fdata-sections -Wall -fstack-usage -fcyclomatic-complexity -MMD -MP -MF"Core/Src/main.d" -MT"Core/Src/main.o" --specs=nano.specs -mfloat-abi=soft -mthumb -o "Core/Src/main.o"
../Core/Src/main.c: In function 'main':
../Core/Src/main.c:124:76: warning: unknown conversion type character '\' in format [-Wformat=]
  124 |           sprintf(data, "current temp: %0.2f'C\r\ncurrent humuduty: %0.2f\%\\r\n\r\n", temp, hud);
      |                                                                            ^~
../Core/Src/main.c: In function 'motionTrack':
../Core/Src/main.c:315:27: warning: comparison between 'GPIO_PinState' and 'enum <anonymous>' [-Wenum-compare]
  315 |         if(motionDetected == SET)
      |                           ^~
../Core/Src/main.c: In function 'gasTrack':
../Core/Src/main.c:340:25: warning: '0' flag ignored with precision and '%d' gnu_printf format [-Wformat=]
  340 |           sprintf(data, "current gas value: %0.2d\r\n", gasVal);
      |                         ^~~~~~~~~~~~~~~~~~~~~~~~~~~~~~
arm-none-eabi-gcc -o "STMain.elf" @"objects.list"   -mcpu=cortex-m3 -T"C:\IotBuild\pes\STMain\STM32F103RBTX_FLASH.ld" --specs=nosys.specs -Wl,-Map="STMain.map" -Wl,--gc-sections -static --specs=nano.specs -mfloat-abi=soft -mthumb -u _printf_float -Wl,--start-group -lc -lm -Wl,--end-group
Finished building target: STMain.elf
 
arm-none-eabi-size  STMain.elf 
arm-none-eabi-objdump -h -S STMain.elf  > "STMain.list"
   text	   data	    bss	    dec	    hex	filename
  26212	    476	   2156	  28844	   70ac	STMain.elf
Finished building: default.size.stdout
 
Finished building: STMain.list
 
15:56:00 **** Incremental Build of configuration Debug for project STMain ****
make -j8 all 
arm-none-eabi-gcc "../Core/Src/main.c" -mcpu=cortex-m3 -std=gnu11 -g3 -DDEBUG -DUSE_HAL_DRIVER -DSTM32F103xB -c -I../Core/Inc -I../Drivers/STM32F1xx_HAL_Driver/Inc/Legacy -I../Drivers/STM32F1xx_HAL_Driver/Inc -I../Drivers/CMSIS/Device/ST/STM32F1xx/Include -I../Drivers/CMSIS/Include -O0 -ffunction-sections -fdata-sections -Wall -fstack-usage -fcyclomatic-complexity -MMD -MP -MF"Core/Src/main.d" -MT"Core/Src/main.o" --specs=nano.specs -mfloat-abi=soft -mthumb -o "Core/Src/main.o"
../Core/Src/main.c: In function 'main':
../Core/Src/main.c:124:77: warning: unknown conversion type character '\x0d' in format [-Wformat=]
  124 |           sprintf(data, "current temp: %0.2f'C\r\ncurrent humuduty: %0.2f\\%\r\n\r\n", temp, hud);
      |                                                                             ^~
../Core/Src/main.c: In function 'motionTrack':
[...]
../Core/Src/main.c: In function 'motionTrack':
../Core/Src/main.c:305:27: warning: comparison between 'GPIO_PinState' and 'enum <anonymous>' [-Wenum-compare]
  305 |         if(motionDetected == SET)
      |                           ^~
../Core/Src/main.c: In function 'gasTrack':
../Core/Src/main.c:330:25: warning: '0' flag ignored with precision and '%d' gnu_printf format [-Wformat=]
  330 |           sprintf(data, "current gas value: %0.2d\r\n", gasVal);
      |                         ^~~~~~~~~~~~~~~~~~~~~~~~~~~~~~
../Core/Src/main.c:330:49: warning: format '%d' expects argument of type 'int', but argument 3 has type 'double' [-Wformat=]
  330 |           sprintf(data, "current gas value: %0.2d\r\n", gasVal);
      |                                             ~~~~^       ~~~~~~
      |                                                 |       |
      |                                                 int     double
      |                                             %0.2f
arm-none-eabi-gcc -o "STMain.elf" @"objects.list"   -mcpu=cortex-m3 -T"C:\IotBuild\pes\STMain\STM32F103RBTX_FLASH.ld" --specs=nosys.specs -Wl,-Map="STMain.map" -Wl,--gc-sections -static --specs=nano.specs -mfloat-abi=soft -mthumb -u _printf_float -Wl,--start-group -lc -lm -Wl,--end-group
Finished building target: STMain.elf
 
arm-none-eabi-size  STMain.elf 
arm-none-eabi-objdump -h -S STMain.elf  > "STMain.list"
   text	   data	    bss	    dec	    hex	filename
  26388	    476	   2156	  29020	   715c	STMain.elf
Finished building: default.size.stdout
 
Finished building: STMain.list
 
11:12:51 **** Incremental Build of configuration Debug for project STMain ****
make -j8 all 
arm-none-eabi-gcc "../Core/Src/main.c" -mcpu=cortex-m3 -std=gnu11 -g3 -DDEBUG -DUSE_HAL_DRIVER -DSTM32F103xB -c -I../Core/Inc -I../Drivers/STM32F1xx_HAL_Driver/Inc/Legacy -I../Drivers/STM32F1xx_HAL_Driver/Inc -I../Drivers/CMSIS/Device/ST/STM32F1xx/Include -I../Drivers/CMSIS/Include -O0 -ffunction-sections -fdata-sections -Wall -fstack-usage -fcyclomatic-complexity -MMD -MP -MF"Core/Src/main.d" -MT"Core/Src/main.o" --specs=nano.specs -mfloat-abi=soft -mthumb -o "Core/Src/main.o"
arm-none-eabi-gcc "../Core/Src/stm32f1xx_hal_msp.c" -mcpu=cortex-m3 -std=gnu11 -g3 -DDEBUG -DUSE_HAL_DRIVER -DSTM32F103xB -c -I../Core/Inc -I../Drivers/STM32F1xx_HAL_Driver/Inc/Legacy -I../Drivers/STM32F1xx_HAL_Driver/Inc -I../Drivers/CMSIS/Device/ST/STM32F1xx/Include -I../Drivers/CMSIS/Include -O0 -ffunction-sections -fdata-sections -Wall -fstack-usage -fcyclomatic-complexity -MMD -MP -MF"Core/Src/stm32f1xx_hal_msp.d" -MT"Core/Src/stm32f1xx_hal_msp.o" --specs=nano.specs -mfloat-abi=soft -mthumb -o "Core/Src/stm32f1xx_hal_msp.o"
arm-none-eabi-gcc "../Core/Src/stm32f1xx_it.c" -mcpu=cortex-m3 -std=gnu11 -g3 -DDEBUG -DUSE_HAL_DRIVER -DSTM32F103xB -c -I../Core/Inc -I../Drivers/STM32F1xx_HAL_Driver/Inc/Legacy -I../Drivers/STM32F1xx_HAL_Driver/Inc -I../Drivers/CMSIS/Device/ST/STM32F1xx/Include -I../Drivers/CMSIS/Include -O0 -ffunction-sections -fdata-sections -Wall -fstack-usage -fcyclomatic-complexity -MMD -MP -MF"Core/Src/stm32f1xx_it.d" -MT"Core/Src/stm32f1xx_it.o" --specs=nano.specs -mfloat-abi=soft -mthumb -o "Core/Src/stm32f1xx_it.o"
../Core/Src/main.c: In function 'main':
../Core/Src/main.c:116:57: error: 'HIGH' undeclared (first use in this function)
  116 |           HAL_GPIO_WritePin(RELAY_GPIO_Port, RELAY_Pin, HIGH);
      |                                                         ^~~~
../Core/Src/main.c:116:57: note: each undeclared identifier is reported only once for each function it appears in
../Core/Src/main.c: In function 'motionTrack':
../Core/Src/main.c:317:27: warning: comparison between 'GPIO_PinState' and 'enum <anonymous>' [-Wenum-compare]
  317 |         if(motionDetected == SET)
      |                           ^~
../Core/Src/main.c: In function 'gasTrack':
../Core/Src/main.c:342:25: warning: '0' flag ignored with precision and '%d' gnu_printf format [-Wformat=]
  342 |           sprintf(data, "current gas value: %0.2d\r\n", gasVal);
      |                         ^~~~~~~~~~~~~~~~~~~~~~~~~~~~~~
../Core/Src/main.c:342:49: warning: format '%d' expects argument of type 'int', but argument 3 has type 'double' [-Wformat=]
  342 |           sprintf(data, "current gas value: %0.2d\r\n", gasVal);
      |                                             ~~~~^       ~~~~~~
      |                                                 |       |
      |                                                 int     double
      |                                             %0.2f
make: *** [Core/Src/subdir.mk:34: Core/Src/main.o] Error 1
make: *** Waiting for unfinished jobs....
"make -j8 all" terminated with exit code 2. Build might be incomplete.
11:13:26 **** Incremental Build of configuration Debug for project STMain ****
make -j8 all 
arm-none-eabi-gcc "../Core/Src/main.c" -mcpu=cortex-m3 -std=gnu11 -g3 -DDEBUG -DUSE_HAL_DRIVER -DSTM32F103xB -c -I../Core/Inc -I../Drivers/STM32F1xx_HAL_Driver/Inc/Legacy -I../Drivers/STM32F1xx_HAL_Driver/Inc -I../Drivers/CMSIS/Device/ST/STM32F1xx/Include -I../Drivers/CMSIS/Include -O0 -ffunction-sections -fdata-sections -Wall -fstack-usage -fcyclomatic-complexity -MMD -MP -MF"Core/Src/main.d" -MT"Core/Src/main.o" --specs=nano.specs -mfloat-abi=soft -mthumb -o "Core/Src/main.o"
../Core/Src/main.c: In function 'motionTrack':
../Core/Src/main.c:317:27: warning: comparison between 'GPIO_PinState' and 'enum <anonymous>' [-Wenum-compare]
  317 |         if(motionDetected == SET)
      |                           ^~
../Core/Src/main.c: In function 'gasTrack':
../Core/Src/main.c:342:25: warning: '0' flag ignored with precision and '%d' gnu_printf format [-Wformat=]
  342 |           sprintf(data, "current gas value: %0.2d\r\n", gasVal);
      |                         ^~~~~~~~~~~~~~~~~~~~~~~~~~~~~~
../Core/Src/main.c:342:49: warning: format '%d' expects argument of type 'int', but argument 3 has type 'double' [-Wformat=]
  342 |           sprintf(data, "current gas value: %0.2d\r\n", gasVal);
      |                                             ~~~~^       ~~~~~~
      |                                                 |       |
      |                                                 int     double
      |                                             %0.2f
arm-none-eabi-gcc -o "STMain.elf" @"objects.list"   -mcpu=cortex-m3 -T"C:\IotBuild\pes\STMain\STM32F103RBTX_FLASH.ld" --specs=nosys.specs -Wl,-Map="STMain.map" -Wl,--gc-sections -static --specs=nano.specs -mfloat-abi=soft -mthumb -u _printf_float -Wl,--start-group -lc -lm -Wl,--end-group
Finished building target: STMain.elf
 
arm-none-eabi-size  STMain.elf 
arm-none-eabi-objdump -h -S STMain.elf  > "STMain.list"
   text	   data	    bss	    dec	    hex	filename
  26404	    476	   2156	  29036	   716c	STMain.elf
Finished building: default.size.stdout
 
Finished building: STMain.list
 
12:41:18 **** Incremental Build of configuration Debug for project STMain ****
make -j8 all 
arm-none-eabi-gcc "../Core/Src/main.c" -mcpu=cortex-m3 -std=gnu11 -g3 -DDEBUG -DUSE_HAL_DRIVER -DSTM32F103xB -c -I../Core/Inc -I../Drivers/STM32F1xx_HAL_Driver/Inc/Legacy -I../Drivers/STM32F1xx_HAL_Driver/Inc -I../Drivers/CMSIS/Device/ST/STM32F1xx/Include -I../Drivers/CMSIS/Include -O0 -ffunction-sections -fdata-sections -Wall -fstack-usage -fcyclomatic-complexity -MMD -MP -MF"Core/Src/main.d" -MT"Core/Src/main.o" --specs=nano.specs -mfloat-abi=soft -mthumb -o "Core/Src/main.o"
../Core/Src/main.c: In function 'motionTrack':
../Core/Src/main.c:320:27: warning: comparison between 'GPIO_PinState' and 'enum <anonymous>' [-Wenum-compare]
  320 |         if(motionDetected == SET)
      |                           ^~
../Core/Src/main.c: In function 'gasTrack':
../Core/Src/main.c:345:25: warning: '0' flag ignored with precision and '%d' gnu_printf format [-Wformat=]
  345 |           sprintf(data, "current gas value: %0.2d\r\n", gasVal);
      |                         ^~~~~~~~~~~~~~~~~~~~~~~~~~~~~~
../Core/Src/main.c:345:49: warning: format '%d' expects argument of type 'int', but argument 3 has type 'double' [-Wformat=]
  345 |           sprintf(data, "current gas value: %0.2d\r\n", gasVal);
      |                                             ~~~~^       ~~~~~~
      |                                                 |       |
      |                                                 int     double
      |                                             %0.2f
arm-none-eabi-gcc -o "STMain.elf" @"objects.list"   -mcpu=cortex-m3 -T"C:\IotBuild\pes\STMain\STM32F103RBTX_FLASH.ld" --specs=nosys.specs -Wl,-Map="STMain.map" -Wl,--gc-sections -static --specs=nano.specs -mfloat-abi=soft -mthumb -u _printf_float -Wl,--start-group -lc -lm -Wl,--end-group
Finished building target: STMain.elf
 
arm-none-eabi-size  STMain.elf 
arm-none-eabi-objdump -h -S STMain.elf  > "STMain.list"
   text	   data	    bss	    dec	    hex	filename
  26452	    476	   2156	  29084	   719c	STMain.elf
Finished building: default.size.stdout
 
Finished building: STMain.list
 
12:42:28 **** Incremental Build of configuration Debug for project STMain ****
make -j8 all 
arm-none-eabi-size  STMain.elf 
   text	   data	    bss	    dec	    hex	filename
  26452	    476	   2156	  29084	   719c	STMain.elf
Finished building: default.size.stdout
 
12:43:01 **** Incremental Build of configuration Debug for project STMain ****
make -j8 all 
arm-none-eabi-gcc "../Core/Src/main.c" -mcpu=cortex-m3 -std=gnu11 -g3 -DDEBUG -DUSE_HAL_DRIVER -DSTM32F103xB -c -I../Core/Inc -I../Drivers/STM32F1xx_HAL_Driver/Inc/Legacy -I../Drivers/STM32F1xx_HAL_Driver/Inc -I../Drivers/CMSIS/Device/ST/STM32F1xx/Include -I../Drivers/CMSIS/Include -O0 -ffunction-sections -fdata-sections -Wall -fstack-usage -fcyclomatic-complexity -MMD -MP -MF"Core/Src/main.d" -MT"Core/Src/main.o" --specs=nano.specs -mfloat-abi=soft -mthumb -o "Core/Src/main.o"
../Core/Src/main.c: In function 'motionTrack':
../Core/Src/main.c:320:27: warning: comparison between 'GPIO_PinState' and 'enum <anonymous>' [-Wenum-compare]
  320 |         if(motionDetected == SET)
      |                           ^~
../Core/Src/main.c: In function 'gasTrack':
../Core/Src/main.c:345:25: warning: '0' flag ignored with precision and '%d' gnu_printf format [-Wformat=]
  345 |           sprintf(data, "current gas value: %0.2d\r\n", gasVal);
      |                         ^~~~~~~~~~~~~~~~~~~~~~~~~~~~~~
../Core/Src/main.c:345:49: warning: format '%d' expects argument of type 'int', but argument 3 has type 'double' [-Wformat=]
  345 |           sprintf(data, "current gas value: %0.2d\r\n", gasVal);
      |                                             ~~~~^       ~~~~~~
      |                                                 |       |
      |                                                 int     double
      |                                             %0.2f
arm-none-eabi-gcc -o "STMain.elf" @"objects.list"   -mcpu=cortex-m3 -T"C:\IotBuild\pes\STMain\STM32F103RBTX_FLASH.ld" --specs=nosys.specs -Wl,-Map="STMain.map" -Wl,--gc-sections -static --specs=nano.specs -mfloat-abi=soft -mthumb -u _printf_float -Wl,--start-group -lc -lm -Wl,--end-group
Finished building target: STMain.elf
 
arm-none-eabi-size  STMain.elf 
arm-none-eabi-objdump -h -S STMain.elf  > "STMain.list"
   text	   data	    bss	    dec	    hex	filename
  26404	    476	   2156	  29036	   716c	STMain.elf
Finished building: default.size.stdout
 
Finished building: STMain.list
 
12:43:30 **** Incremental Build of configuration Debug for project STMain ****
make -j8 all 
arm-none-eabi-gcc "../Core/Src/main.c" -mcpu=cortex-m3 -std=gnu11 -g3 -DDEBUG -DUSE_HAL_DRIVER -DSTM32F103xB -c -I../Core/Inc -I../Drivers/STM32F1xx_HAL_Driver/Inc/Legacy -I../Drivers/STM32F1xx_HAL_Driver/Inc -I../Drivers/CMSIS/Device/ST/STM32F1xx/Include -I../Drivers/CMSIS/Include -O0 -ffunction-sections -fdata-sections -Wall -fstack-usage -fcyclomatic-complexity -MMD -MP -MF"Core/Src/main.d" -MT"Core/Src/main.o" --specs=nano.specs -mfloat-abi=soft -mthumb -o "Core/Src/main.o"
../Core/Src/main.c: In function 'motionTrack':
../Core/Src/main.c:320:27: warning: comparison between 'GPIO_PinState' and 'enum <anonymous>' [-Wenum-compare]
  320 |         if(motionDetected == SET)
      |                           ^~
../Core/Src/main.c: In function 'gasTrack':
../Core/Src/main.c:345:25: warning: '0' flag ignored with precision and '%d' gnu_printf format [-Wformat=]
  345 |           sprintf(data, "current gas value: %0.2d\r\n", gasVal);
      |                         ^~~~~~~~~~~~~~~~~~~~~~~~~~~~~~
../Core/Src/main.c:345:49: warning: format '%d' expects argument of type 'int', but argument 3 has type 'double' [-Wformat=]
  345 |           sprintf(data, "current gas value: %0.2d\r\n", gasVal);
      |                                             ~~~~^       ~~~~~~
      |                                                 |       |
      |                                                 int     double
      |                                             %0.2f
arm-none-eabi-gcc -o "STMain.elf" @"objects.list"   -mcpu=cortex-m3 -T"C:\IotBuild\pes\STMain\STM32F103RBTX_FLASH.ld" --specs=nosys.specs -Wl,-Map="STMain.map" -Wl,--gc-sections -static --specs=nano.specs -mfloat-abi=soft -mthumb -u _printf_float -Wl,--start-group -lc -lm -Wl,--end-group
Finished building target: STMain.elf
 
arm-none-eabi-size  STMain.elf 
arm-none-eabi-objdump -h -S STMain.elf  > "STMain.list"
   text	   data	    bss	    dec	    hex	filename
  26404	    476	   2156	  29036	   716c	STMain.elf
Finished building: default.size.stdout
 
Finished building: STMain.list
 
13:04:01 **** Incremental Build of configuration Debug for project STMain ****
make -j8 all 
arm-none-eabi-gcc "../Core/Src/main.c" -mcpu=cortex-m3 -std=gnu11 -g3 -DDEBUG -DUSE_HAL_DRIVER -DSTM32F103xB -c -I../Core/Inc -I../Drivers/STM32F1xx_HAL_Driver/Inc/Legacy -I../Drivers/STM32F1xx_HAL_Driver/Inc -I../Drivers/CMSIS/Device/ST/STM32F1xx/Include -I../Drivers/CMSIS/Include -O0 -ffunction-sections -fdata-sections -Wall -fstack-usage -fcyclomatic-complexity -MMD -MP -MF"Core/Src/main.d" -MT"Core/Src/main.o" --specs=nano.specs -mfloat-abi=soft -mthumb -o "Core/Src/main.o"
../Core/Src/main.c: In function 'motionTrack':
../Core/Src/main.c:320:27: warning: comparison between 'GPIO_PinState' and 'enum <anonymous>' [-Wenum-compare]
  320 |         if(motionDetected == SET)
      |                           ^~
../Core/Src/main.c: In function 'gasTrack':
../Core/Src/main.c:345:25: warning: '0' flag ignored with precision and '%d' gnu_printf format [-Wformat=]
  345 |           sprintf(data, "current gas value: %0.2d\r\n", gasVal);
      |                         ^~~~~~~~~~~~~~~~~~~~~~~~~~~~~~
../Core/Src/main.c:345:49: warning: format '%d' expects argument of type 'int', but argument 3 has type 'double' [-Wformat=]
  345 |           sprintf(data, "current gas value: %0.2d\r\n", gasVal);
      |                                             ~~~~^       ~~~~~~
      |                                                 |       |
      |                                                 int     double
      |                                             %0.2f
arm-none-eabi-gcc -o "STMain.elf" @"objects.list"   -mcpu=cortex-m3 -T"C:\IotBuild\pes\STMain\STM32F103RBTX_FLASH.ld" --specs=nosys.specs -Wl,-Map="STMain.map" -Wl,--gc-sections -static --specs=nano.specs -mfloat-abi=soft -mthumb -u _printf_float -Wl,--start-group -lc -lm -Wl,--end-group
Finished building target: STMain.elf
 
arm-none-eabi-size  STMain.elf 
arm-none-eabi-objdump -h -S STMain.elf  > "STMain.list"
   text	   data	    bss	    dec	    hex	filename
  26452	    476	   2156	  29084	   719c	STMain.elf
Finished building: default.size.stdout
 
Finished building: STMain.list
 
13:05:35 **** Incremental Build of configuration Debug for project STMain ****
make -j8 all 
arm-none-eabi-gcc "../Core/Src/main.c" -mcpu=cortex-m3 -std=gnu11 -g3 -DDEBUG -DUSE_HAL_DRIVER -DSTM32F103xB -c -I../Core/Inc -I../Drivers/STM32F1xx_HAL_Driver/Inc/Legacy -I../Drivers/STM32F1xx_HAL_Driver/Inc -I../Drivers/CMSIS/Device/ST/STM32F1xx/Include -I../Drivers/CMSIS/Include -O0 -ffunction-sections -fdata-sections -Wall -fstack-usage -fcyclomatic-complexity -MMD -MP -MF"Core/Src/main.d" -MT"Core/Src/main.o" --specs=nano.specs -mfloat-abi=soft -mthumb -o "Core/Src/main.o"
../Core/Src/main.c: In function 'main':
../Core/Src/main.c:119:26: error: expected ';' before 'HAL_Delay'
  119 |           relayUnitTest()
      |                          ^
      |                          ;
  120 |           HAL_Delay(1500);
      |           ~~~~~~~~~       
../Core/Src/main.c: In function 'motionTrack':
../Core/Src/main.c:320:27: warning: comparison between 'GPIO_PinState' and 'enum <anonymous>' [-Wenum-compare]
  320 |         if(motionDetected == SET)
      |                           ^~
../Core/Src/main.c: In function 'gasTrack':
../Core/Src/main.c:345:25: warning: '0' flag ignored with precision and '%d' gnu_printf format [-Wformat=]
  345 |           sprintf(data, "current gas value: %0.2d\r\n", gasVal);
      |                         ^~~~~~~~~~~~~~~~~~~~~~~~~~~~~~
../Core/Src/main.c:345:49: warning: format '%d' expects argument of type 'int', but argument 3 has type 'double' [-Wformat=]
  345 |           sprintf(data, "current gas value: %0.2d\r\n", gasVal);
      |                                             ~~~~^       ~~~~~~
      |                                                 |       |
      |                                                 int     double
      |                                             %0.2f
make: *** [Core/Src/subdir.mk:34: Core/Src/main.o] Error 1
"make -j8 all" terminated with exit code 2. Build might be incomplete.
13:05:45 **** Incremental Build of configuration Debug for project STMain ****
make -j8 all 
arm-none-eabi-gcc "../Core/Src/main.c" -mcpu=cortex-m3 -std=gnu11 -g3 -DDEBUG -DUSE_HAL_DRIVER -DSTM32F103xB -c -I../Core/Inc -I../Drivers/STM32F1xx_HAL_Driver/Inc/Legacy -I../Drivers/STM32F1xx_HAL_Driver/Inc -I../Drivers/CMSIS/Device/ST/STM32F1xx/Include -I../Drivers/CMSIS/Include -O0 -ffunction-sections -fdata-sections -Wall -fstack-usage -fcyclomatic-complexity -MMD -MP -MF"Core/Src/main.d" -MT"Core/Src/main.o" --specs=nano.specs -mfloat-abi=soft -mthumb -o "Core/Src/main.o"
../Core/Src/main.c: In function 'motionTrack':
../Core/Src/main.c:320:27: warning: comparison between 'GPIO_PinState' and 'enum <anonymous>' [-Wenum-compare]
  320 |         if(motionDetected == SET)
      |                           ^~
../Core/Src/main.c: In function 'gasTrack':
../Core/Src/main.c:345:25: warning: '0' flag ignored with precision and '%d' gnu_printf format [-Wformat=]
  345 |           sprintf(data, "current gas value: %0.2d\r\n", gasVal);
      |                         ^~~~~~~~~~~~~~~~~~~~~~~~~~~~~~
../Core/Src/main.c:345:49: warning: format '%d' expects argument of type 'int', but argument 3 has type 'double' [-Wformat=]
  345 |           sprintf(data, "current gas value: %0.2d\r\n", gasVal);
      |                                             ~~~~^       ~~~~~~
      |                                                 |       |
      |                                                 int     double
      |                                             %0.2f
arm-none-eabi-gcc -o "STMain.elf" @"objects.list"   -mcpu=cortex-m3 -T"C:\IotBuild\pes\STMain\STM32F103RBTX_FLASH.ld" --specs=nosys.specs -Wl,-Map="STMain.map" -Wl,--gc-sections -static --specs=nano.specs -mfloat-abi=soft -mthumb -u _printf_float -Wl,--start-group -lc -lm -Wl,--end-group
Finished building target: STMain.elf
 
arm-none-eabi-size  STMain.elf 
arm-none-eabi-objdump -h -S STMain.elf  > "STMain.list"
   text	   data	    bss	    dec	    hex	filename
  26460	    476	   2156	  29092	   71a4	STMain.elf
Finished building: default.size.stdout
 
Finished building: STMain.list
 
