17:00:41 **** Incremental Build of configuration Debug for project STMain ****
make -j8 all 
arm-none-eabi-gcc "../Core/Src/main.c" -mcpu=cortex-m3 -std=gnu11 -g3 -DDEBUG -DUSE_HAL_DRIVER -DSTM32F103xB -c -I../Core/Inc -I../Drivers/STM32F1xx_HAL_Driver/Inc/Legacy -I../Drivers/STM32F1xx_HAL_Driver/Inc -I../Drivers/CMSIS/Device/ST/STM32F1xx/Include -I../Drivers/CMSIS/Include -O0 -ffunction-sections -fdata-sections -Wall -fstack-usage -fcyclomatic-complexity -MMD -MP -MF"Core/Src/main.d" -MT"Core/Src/main.o" --specs=nano.specs -mfloat-abi=soft -mthumb -o "Core/Src/main.o"
../Core/Src/main.c:56:4: error: expected '=', ',', ';', 'asm' or '__attribute__' before '.' token
   56 | com.charSize = 0;
      |    ^
../Core/Src/main.c:57:4: error: expected '=', ',', ';', 'asm' or '__attribute__' before '.' token
   57 | com.printingBuffer[com.charSize] = '\0';
      |    ^
../Core/Src/main.c: In function 'HAL_UART_RxCpltCallback':
../Core/Src/main.c:336:54: warning: passing argument 2 of 'memset' makes integer from pointer without a cast [-Wint-conversion]
  336 |                         memset(com.writingBuffer, com.printingBuffer, sizeof(com.printingBuffer)/sizeof(com.printingBuffer[0]));
      |                                                   ~~~^~~~~~~~~~~~~~~
      |                                                      |
      |                                                      char *
In file included from ../Core/Src/main.c:25:
C:\ST\STM32CubeIDE_1.13.2\STM32CubeIDE\plugins\com.st.stm32cube.ide.mcu.externaltools.gnu-tools-for-stm32.11.3.rel1.win32_1.1.100.202309141235\tools\bin/../lib/gcc/arm-none-eabi/11.3.1/../../../../arm-none-eabi/include/string.h:33:26: note: expected 'int' but argument is of type 'char *'
   33 | void *   memset (void *, int, size_t);
      |                          ^~~
../Core/Src/main.c: In function 'motionTrack':
../Core/Src/main.c:358:27: warning: comparison between 'GPIO_PinState' and 'enum <anonymous>' [-Wenum-compare]
  358 |         if(motionDetected == SET)
      |                           ^~
../Core/Src/main.c: In function 'gasTrack':
../Core/Src/main.c:383:25: warning: '0' flag ignored with precision and '%d' gnu_printf format [-Wformat=]
  383 |           sprintf(data, "current gas value: %0.2d\r\n", gasVal);
      |                         ^~~~~~~~~~~~~~~~~~~~~~~~~~~~~~
../Core/Src/main.c:383:49: warning: format '%d' expects argument of type 'int', but argument 3 has type 'double' [-Wformat=]
  383 |           sprintf(data, "current gas value: %0.2d\r\n", gasVal);
      |                                             ~~~~^       ~~~~~~
      |                                                 |       |
      |                                                 int     double
      |                                             %0.2f
make: *** [Core/Src/subdir.mk:34: Core/Src/main.o] Error 1
"make -j8 all" terminated with exit code 2. Build might be incomplete.
17:01:39 **** Incremental Build of configuration Debug for project STMain ****
make -j8 all 
arm-none-eabi-gcc "../Core/Src/main.c" -mcpu=cortex-m3 -std=gnu11 -g3 -DDEBUG -DUSE_HAL_DRIVER -DSTM32F103xB -c -I../Core/Inc -I../Drivers/STM32F1xx_HAL_Driver/Inc/Legacy -I../Drivers/STM32F1xx_HAL_Driver/Inc -I../Drivers/CMSIS/Device/ST/STM32F1xx/Include -I../Drivers/CMSIS/Include -O0 -ffunction-sections -fdata-sections -Wall -fstack-usage -fcyclomatic-complexity -MMD -MP -MF"Core/Src/main.d" -MT"Core/Src/main.o" --specs=nano.specs -mfloat-abi=soft -mthumb -o "Core/Src/main.o"
../Core/Src/main.c: In function 'main':
../Core/Src/main.c:90:38: warning: passing argument 2 of 'memset' makes integer from pointer without a cast [-Wint-conversion]
   90 |         memset(com.writingBuffer, com.printingBuffer, sizeof(com.printingBuffer)/sizeof(com.printingBuffer[0]));
      |                                   ~~~^~~~~~~~~~~~~~~
      |                                      |
      |                                      char *
In file included from ../Core/Src/main.c:25:
C:\ST\STM32CubeIDE_1.13.2\STM32CubeIDE\plugins\com.st.stm32cube.ide.mcu.externaltools.gnu-tools-for-stm32.11.3.rel1.win32_1.1.100.202309141235\tools\bin/../lib/gcc/arm-none-eabi/11.3.1/../../../../arm-none-eabi/include/string.h:33:26: note: expected 'int' but argument is of type 'char *'
   33 | void *   memset (void *, int, size_t);
      |                          ^~~
../Core/Src/main.c: In function 'HAL_UART_RxCpltCallback':
../Core/Src/main.c:338:54: warning: passing argument 2 of 'memset' makes integer from pointer without a cast [-Wint-conversion]
  338 |                         memset(com.writingBuffer, com.printingBuffer, sizeof(com.printingBuffer)/sizeof(com.printingBuffer[0]));
      |                                                   ~~~^~~~~~~~~~~~~~~
      |                                                      |
      |                                                      char *
In file included from ../Core/Src/main.c:25:
C:\ST\STM32CubeIDE_1.13.2\STM32CubeIDE\plugins\com.st.stm32cube.ide.mcu.externaltools.gnu-tools-for-stm32.11.3.rel1.win32_1.1.100.202309141235\tools\bin/../lib/gcc/arm-none-eabi/11.3.1/../../../../arm-none-eabi/include/string.h:33:26: note: expected 'int' but argument is of type 'char *'
   33 | void *   memset (void *, int, size_t);
      |                          ^~~
../Core/Src/main.c: In function 'motionTrack':
../Core/Src/main.c:360:27: warning: comparison between 'GPIO_PinState' and 'enum <anonymous>' [-Wenum-compare]
  360 |         if(motionDetected == SET)
      |                           ^~
../Core/Src/main.c: In function 'gasTrack':
../Core/Src/main.c:385:25: warning: '0' flag ignored with precision and '%d' gnu_printf format [-Wformat=]
  385 |           sprintf(data, "current gas value: %0.2d\r\n", gasVal);
      |                         ^~~~~~~~~~~~~~~~~~~~~~~~~~~~~~
../Core/Src/main.c:385:49: warning: format '%d' expects argument of type 'int', but argument 3 has type 'double' [-Wformat=]
  385 |           sprintf(data, "current gas value: %0.2d\r\n", gasVal);
      |                                             ~~~~^       ~~~~~~
      |                                                 |       |
      |                                                 int     double
      |                                             %0.2f
arm-none-eabi-gcc -o "STMain.elf" @"objects.list"   -mcpu=cortex-m3 -T"C:\IotBuild\pes\STMain\STM32F103RBTX_FLASH.ld" --specs=nosys.specs -Wl,-Map="STMain.map" -Wl,--gc-sections -static --specs=nano.specs -mfloat-abi=soft -mthumb -u _printf_float -Wl,--start-group -lc -lm -Wl,--end-group
Finished building target: STMain.elf
 
arm-none-eabi-size  STMain.elf 
arm-none-eabi-objdump -h -S STMain.elf  > "STMain.list"
   text	   data	    bss	    dec	    hex	filename
  25212	    476	   4084	  29772	   744c	STMain.elf
Finished building: default.size.stdout
 
Finished building: STMain.list
 
17:01:47 **** Incremental Build of configuration Debug for project STMain ****
make -j8 all 
arm-none-eabi-size  STMain.elf 
   text	   data	    bss	    dec	    hex	filename
  25212	    476	   4084	  29772	   744c	STMain.elf
Finished building: default.size.stdout
 
17:02:00 **** Incremental Build of configuration Debug for project STMain ****
make -j8 all 
arm-none-eabi-size  STMain.elf 
   text	   data	    bss	    dec	    hex	filename
  25212	    476	   4084	  29772	   744c	STMain.elf
Finished building: default.size.stdout
 
17:04:20 **** Incremental Build of configuration Debug for project STMain ****
make -j8 all 
arm-none-eabi-gcc "../Core/Src/main.c" -mcpu=cortex-m3 -std=gnu11 -g3 -DDEBUG -DUSE_HAL_DRIVER -DSTM32F103xB -c -I../Core/Inc -I../Drivers/STM32F1xx_HAL_Driver/Inc/Legacy -I../Drivers/STM32F1xx_HAL_Driver/Inc -I../Drivers/CMSIS/Device/ST/STM32F1xx/Include -I../Drivers/CMSIS/Include -O0 -ffunction-sections -fdata-sections -Wall -fstack-usage -fcyclomatic-complexity -MMD -MP -MF"Core/Src/main.d" -MT"Core/Src/main.o" --specs=nano.specs -mfloat-abi=soft -mthumb -o "Core/Src/main.o"
../Core/Src/main.c: In function 'HAL_UART_RxCpltCallback':
../Core/Src/main.c:338:54: warning: passing argument 2 of 'memset' makes integer from pointer without a cast [-Wint-conversion]
  338 |                         memset(com.writingBuffer, com.printingBuffer, sizeof(com.printingBuffer)/sizeof(com.printingBuffer[0]));
      |                                                   ~~~^~~~~~~~~~~~~~~
      |                                                      |
      |                                                      char *
In file included from ../Core/Src/main.c:25:
C:\ST\STM32CubeIDE_1.13.2\STM32CubeIDE\plugins\com.st.stm32cube.ide.mcu.externaltools.gnu-tools-for-stm32.11.3.rel1.win32_1.1.100.202309141235\tools\bin/../lib/gcc/arm-none-eabi/11.3.1/../../../../arm-none-eabi/include/string.h:33:26: note: expected 'int' but argument is of type 'char *'
   33 | void *   memset (void *, int, size_t);
      |                          ^~~
../Core/Src/main.c: In function 'motionTrack':
../Core/Src/main.c:360:27: warning: comparison between 'GPIO_PinState' and 'enum <anonymous>' [-Wenum-compare]
  360 |         if(motionDetected == SET)
      |                           ^~
../Core/Src/main.c: In function 'gasTrack':
../Core/Src/main.c:385:25: warning: '0' flag ignored with precision and '%d' gnu_printf format [-Wformat=]
  385 |           sprintf(data, "current gas value: %0.2d\r\n", gasVal);
      |                         ^~~~~~~~~~~~~~~~~~~~~~~~~~~~~~
../Core/Src/main.c:385:49: warning: format '%d' expects argument of type 'int', but argument 3 has type 'double' [-Wformat=]
  385 |           sprintf(data, "current gas value: %0.2d\r\n", gasVal);
      |                                             ~~~~^       ~~~~~~
      |                                                 |       |
      |                                                 int     double
      |                                             %0.2f
arm-none-eabi-gcc -o "STMain.elf" @"objects.list"   -mcpu=cortex-m3 -T"C:\IotBuild\pes\STMain\STM32F103RBTX_FLASH.ld" --specs=nosys.specs -Wl,-Map="STMain.map" -Wl,--gc-sections -static --specs=nano.specs -mfloat-abi=soft -mthumb -u _printf_float -Wl,--start-group -lc -lm -Wl,--end-group
Finished building target: STMain.elf
 
arm-none-eabi-size  STMain.elf 
arm-none-eabi-objdump -h -S STMain.elf  > "STMain.list"
   text	   data	    bss	    dec	    hex	filename
  25216	    476	   4084	  29776	   7450	STMain.elf
Finished building: default.size.stdout
 
Finished building: STMain.list
 
17:30:45 **** Incremental Build of configuration Debug for project STMain ****
make -j8 all 
arm-none-eabi-gcc "../Core/Src/main.c" -mcpu=cortex-m3 -std=gnu11 -g3 -DDEBUG -DUSE_HAL_DRIVER -DSTM32F103xB -c -I../Core/Inc -I../Drivers/STM32F1xx_HAL_Driver/Inc/Legacy -I../Drivers/STM32F1xx_HAL_Driver/Inc -I../Drivers/CMSIS/Device/ST/STM32F1xx/Include -I../Drivers/CMSIS/Include -O0 -ffunction-sections -fdata-sections -Wall -fstack-usage -fcyclomatic-complexity -MMD -MP -MF"Core/Src/main.d" -MT"Core/Src/main.o" --specs=nano.specs -mfloat-abi=soft -mthumb -o "Core/Src/main.o"
arm-none-eabi-gcc "../Core/Src/stm32f1xx_hal_msp.c" -mcpu=cortex-m3 -std=gnu11 -g3 -DDEBUG -DUSE_HAL_DRIVER -DSTM32F103xB -c -I../Core/Inc -I../Drivers/STM32F1xx_HAL_Driver/Inc/Legacy -I../Drivers/STM32F1xx_HAL_Driver/Inc -I../Drivers/CMSIS/Device/ST/STM32F1xx/Include -I../Drivers/CMSIS/Include -O0 -ffunction-sections -fdata-sections -Wall -fstack-usage -fcyclomatic-complexity -MMD -MP -MF"Core/Src/stm32f1xx_hal_msp.d" -MT"Core/Src/stm32f1xx_hal_msp.o" --specs=nano.specs -mfloat-abi=soft -mthumb -o "Core/Src/stm32f1xx_hal_msp.o"
arm-none-eabi-gcc "../Core/Src/stm32f1xx_it.c" -mcpu=cortex-m3 -std=gnu11 -g3 -DDEBUG -DUSE_HAL_DRIVER -DSTM32F103xB -c -I../Core/Inc -I../Drivers/STM32F1xx_HAL_Driver/Inc/Legacy -I../Drivers/STM32F1xx_HAL_Driver/Inc -I../Drivers/CMSIS/Device/ST/STM32F1xx/Include -I../Drivers/CMSIS/Include -O0 -ffunction-sections -fdata-sections -Wall -fstack-usage -fcyclomatic-complexity -MMD -MP -MF"Core/Src/stm32f1xx_it.d" -MT"Core/Src/stm32f1xx_it.o" --specs=nano.specs -mfloat-abi=soft -mthumb -o "Core/Src/stm32f1xx_it.o"
../Core/Src/main.c: In function 'main':
../Core/Src/main.c:138:5: warning: implicit declaration of function 'UserCommands' [-Wimplicit-function-declaration]
  138 |     UserCommands();
      |     ^~~~~~~~~~~~
../Core/Src/main.c: At top level:
../Core/Src/main.c:359:6: error: conflicting types for 'UserCommands'; have 'bool()'
  359 | bool UserCommands()
      |      ^~~~~~~~~~~~
../Core/Src/main.c:138:5: note: previous implicit declaration of 'UserCommands' with type 'int()'
  138 |     UserCommands();
      |     ^~~~~~~~~~~~
../Core/Src/main.c: In function 'motionTrack':
../Core/Src/main.c:392:27: warning: comparison between 'GPIO_PinState' and 'enum <anonymous>' [-Wenum-compare]
  392 |         if(motionDetected == SET)
      |                           ^~
../Core/Src/main.c: In function 'gasTrack':
../Core/Src/main.c:417:25: warning: '0' flag ignored with precision and '%d' gnu_printf format [-Wformat=]
  417 |           sprintf(data, "current gas value: %0.2d\r\n", gasVal);
      |                         ^~~~~~~~~~~~~~~~~~~~~~~~~~~~~~
../Core/Src/main.c:417:49: warning: format '%d' expects argument of type 'int', but argument 3 has type 'double' [-Wformat=]
  417 |           sprintf(data, "current gas value: %0.2d\r\n", gasVal);
      |                                             ~~~~^       ~~~~~~
      |                                                 |       |
      |                                                 int     double
      |                                             %0.2f
make: *** [Core/Src/subdir.mk:34: Core/Src/main.o] Error 1
make: *** Waiting for unfinished jobs....
"make -j8 all" terminated with exit code 2. Build might be incomplete.
17:31:26 **** Incremental Build of configuration Debug for project STMain ****
make -j8 all 
arm-none-eabi-gcc "../Core/Src/main.c" -mcpu=cortex-m3 -std=gnu11 -g3 -DDEBUG -DUSE_HAL_DRIVER -DSTM32F103xB -c -I../Core/Inc -I../Drivers/STM32F1xx_HAL_Driver/Inc/Legacy -I../Drivers/STM32F1xx_HAL_Driver/Inc -I../Drivers/CMSIS/Device/ST/STM32F1xx/Include -I../Drivers/CMSIS/Include -O0 -ffunction-sections -fdata-sections -Wall -fstack-usage -fcyclomatic-complexity -MMD -MP -MF"Core/Src/main.d" -MT"Core/Src/main.o" --specs=nano.specs -mfloat-abi=soft -mthumb -o "Core/Src/main.o"
../Core/Src/main.c: In function 'main':
../Core/Src/main.c:138:5: warning: implicit declaration of function 'UserCommands' [-Wimplicit-function-declaration]
  138 |     UserCommands();
      |     ^~~~~~~~~~~~
../Core/Src/main.c: At top level:
../Core/Src/main.c:359:1: error: unknown type name 'bool'
  359 | bool UserCommands()
      | ^~~~
../Core/Src/main.c:26:1: note: 'bool' is defined in header '<stdbool.h>'; did you forget to '#include <stdbool.h>'?
   25 | #include "string.h"
  +++ |+#include <stdbool.h>
   26 | /* USER CODE END Includes */
../Core/Src/main.c: In function 'UserCommands':
../Core/Src/main.c:363:24: error: 'false' undeclared (first use in this function)
  363 |                 return false;
      |                        ^~~~~
../Core/Src/main.c:363:24: note: 'false' is defined in header '<stdbool.h>'; did you forget to '#include <stdbool.h>'?
../Core/Src/main.c:363:24: note: each undeclared identifier is reported only once for each function it appears in
../Core/Src/main.c:382:16: error: 'true' undeclared (first use in this function)
  382 |         return true;
      |                ^~~~
../Core/Src/main.c:382:16: note: 'true' is defined in header '<stdbool.h>'; did you forget to '#include <stdbool.h>'?
../Core/Src/main.c: In function 'motionTrack':
../Core/Src/main.c:392:27: warning: comparison between 'GPIO_PinState' and 'enum <anonymous>' [-Wenum-compare]
  392 |         if(motionDetected == SET)
      |                           ^~
../Core/Src/main.c: In function 'gasTrack':
../Core/Src/main.c:417:25: warning: '0' flag ignored with precision and '%d' gnu_printf format [-Wformat=]
  417 |           sprintf(data, "current gas value: %0.2d\r\n", gasVal);
      |                         ^~~~~~~~~~~~~~~~~~~~~~~~~~~~~~
../Core/Src/main.c:417:49: warning: format '%d' expects argument of type 'int', but argument 3 has type 'double' [-Wformat=]
  417 |           sprintf(data, "current gas value: %0.2d\r\n", gasVal);
      |                                             ~~~~^       ~~~~~~
      |                                                 |       |
      |                                                 int     double
      |                                             %0.2f
../Core/Src/main.c: In function 'UserCommands':
../Core/Src/main.c:383:1: warning: control reaches end of non-void function [-Wreturn-type]
  383 | }
      | ^
make: *** [Core/Src/subdir.mk:34: Core/Src/main.o] Error 1
"make -j8 all" terminated with exit code 2. Build might be incomplete.
17:31:43 **** Incremental Build of configuration Debug for project STMain ****
make -j8 all 
arm-none-eabi-gcc "../Core/Src/main.c" -mcpu=cortex-m3 -std=gnu11 -g3 -DDEBUG -DUSE_HAL_DRIVER -DSTM32F103xB -c -I../Core/Inc -I../Drivers/STM32F1xx_HAL_Driver/Inc/Legacy -I../Drivers/STM32F1xx_HAL_Driver/Inc -I../Drivers/CMSIS/Device/ST/STM32F1xx/Include -I../Drivers/CMSIS/Include -O0 -ffunction-sections -fdata-sections -Wall -fstack-usage -fcyclomatic-complexity -MMD -MP -MF"Core/Src/main.d" -MT"Core/Src/main.o" --specs=nano.specs -mfloat-abi=soft -mthumb -o "Core/Src/main.o"
../Core/Src/main.c: In function 'main':
../Core/Src/main.c:138:5: warning: implicit declaration of function 'UserCommands' [-Wimplicit-function-declaration]
  138 |     UserCommands();
      |     ^~~~~~~~~~~~
../Core/Src/main.c: At top level:
../Core/Src/main.c:359:6: error: conflicting types for 'UserCommands'; have 'BOOL()'
  359 | BOOL UserCommands()
      |      ^~~~~~~~~~~~
../Core/Src/main.c:138:5: note: previous implicit declaration of 'UserCommands' with type 'int()'
  138 |     UserCommands();
      |     ^~~~~~~~~~~~
../Core/Src/main.c: In function 'motionTrack':
../Core/Src/main.c:392:27: warning: comparison between 'GPIO_PinState' and 'enum <anonymous>' [-Wenum-compare]
  392 |         if(motionDetected == SET)
      |                           ^~
../Core/Src/main.c: In function 'gasTrack':
../Core/Src/main.c:417:25: warning: '0' flag ignored with precision and '%d' gnu_printf format [-Wformat=]
  417 |           sprintf(data, "current gas value: %0.2d\r\n", gasVal);
      |                         ^~~~~~~~~~~~~~~~~~~~~~~~~~~~~~
../Core/Src/main.c:417:49: warning: format '%d' expects argument of type 'int', but argument 3 has type 'double' [-Wformat=]
  417 |           sprintf(data, "current gas value: %0.2d\r\n", gasVal);
      |                                             ~~~~^       ~~~~~~
      |                                                 |       |
      |                                                 int     double
      |                                             %0.2f
make: *** [Core/Src/subdir.mk:34: Core/Src/main.o] Error 1
"make -j8 all" terminated with exit code 2. Build might be incomplete.
17:32:38 **** Incremental Build of configuration Debug for project STMain ****
make -j8 all 
arm-none-eabi-gcc "../Core/Src/main.c" -mcpu=cortex-m3 -std=gnu11 -g3 -DDEBUG -DUSE_HAL_DRIVER -DSTM32F103xB -c -I../Core/Inc -I../Drivers/STM32F1xx_HAL_Driver/Inc/Legacy -I../Drivers/STM32F1xx_HAL_Driver/Inc -I../Drivers/CMSIS/Device/ST/STM32F1xx/Include -I../Drivers/CMSIS/Include -O0 -ffunction-sections -fdata-sections -Wall -fstack-usage -fcyclomatic-complexity -MMD -MP -MF"Core/Src/main.d" -MT"Core/Src/main.o" --specs=nano.specs -mfloat-abi=soft -mthumb -o "Core/Src/main.o"
../Core/Src/main.c: In function 'motionTrack':
../Core/Src/main.c:393:27: warning: comparison between 'GPIO_PinState' and 'enum <anonymous>' [-Wenum-compare]
  393 |         if(motionDetected == SET)
      |                           ^~
../Core/Src/main.c: In function 'gasTrack':
../Core/Src/main.c:418:25: warning: '0' flag ignored with precision and '%d' gnu_printf format [-Wformat=]
  418 |           sprintf(data, "current gas value: %0.2d\r\n", gasVal);
      |                         ^~~~~~~~~~~~~~~~~~~~~~~~~~~~~~
../Core/Src/main.c:418:49: warning: format '%d' expects argument of type 'int', but argument 3 has type 'double' [-Wformat=]
  418 |           sprintf(data, "current gas value: %0.2d\r\n", gasVal);
      |                                             ~~~~^       ~~~~~~
      |                                                 |       |
      |                                                 int     double
      |                                             %0.2f
arm-none-eabi-gcc -o "STMain.elf" @"objects.list"   -mcpu=cortex-m3 -T"C:\IotBuild\pes\STMain\STM32F103RBTX_FLASH.ld" --specs=nosys.specs -Wl,-Map="STMain.map" -Wl,--gc-sections -static --specs=nano.specs -mfloat-abi=soft -mthumb -u _printf_float -Wl,--start-group -lc -lm -Wl,--end-group
Finished building target: STMain.elf
 
arm-none-eabi-size  STMain.elf 
arm-none-eabi-objdump -h -S STMain.elf  > "STMain.list"
   text	   data	    bss	    dec	    hex	filename
  25360	    480	   4080	  29920	   74e0	STMain.elf
Finished building: default.size.stdout
 
Finished building: STMain.list
 
17:33:43 **** Incremental Build of configuration Debug for project STMain ****
make -j8 all 
arm-none-eabi-gcc "../Core/Src/main.c" -mcpu=cortex-m3 -std=gnu11 -g3 -DDEBUG -DUSE_HAL_DRIVER -DSTM32F103xB -c -I../Core/Inc -I../Drivers/STM32F1xx_HAL_Driver/Inc/Legacy -I../Drivers/STM32F1xx_HAL_Driver/Inc -I../Drivers/CMSIS/Device/ST/STM32F1xx/Include -I../Drivers/CMSIS/Include -O0 -ffunction-sections -fdata-sections -Wall -fstack-usage -fcyclomatic-complexity -MMD -MP -MF"Core/Src/main.d" -MT"Core/Src/main.o" --specs=nano.specs -mfloat-abi=soft -mthumb -o "Core/Src/main.o"
../Core/Src/main.c: In function 'UserCommands':
../Core/Src/main.c:364:37: error: expected ';' before 'return'
  364 |                 printf("err 1:\r\n")
      |                                     ^
      |                                     ;
  365 |                 return false;
      |                 ~~~~~~               
../Core/Src/main.c:371:45: error: expected ';' before 'return'
  371 |                         printf("err 2:\r\n")
      |                                             ^
      |                                             ;
  372 |                         return false;
      |                         ~~~~~~               
../Core/Src/main.c: In function 'motionTrack':
../Core/Src/main.c:395:27: warning: comparison between 'GPIO_PinState' and 'enum <anonymous>' [-Wenum-compare]
  395 |         if(motionDetected == SET)
      |                           ^~
../Core/Src/main.c: In function 'gasTrack':
../Core/Src/main.c:420:25: warning: '0' flag ignored with precision and '%d' gnu_printf format [-Wformat=]
  420 |           sprintf(data, "current gas value: %0.2d\r\n", gasVal);
      |                         ^~~~~~~~~~~~~~~~~~~~~~~~~~~~~~
../Core/Src/main.c:420:49: warning: format '%d' expects argument of type 'int', but argument 3 has type 'double' [-Wformat=]
  420 |           sprintf(data, "current gas value: %0.2d\r\n", gasVal);
      |                                             ~~~~^       ~~~~~~
      |                                                 |       |
      |                                                 int     double
      |                                             %0.2f
make: *** [Core/Src/subdir.mk:34: Core/Src/main.o] Error 1
"make -j8 all" terminated with exit code 2. Build might be incomplete.
17:33:54 **** Incremental Build of configuration Debug for project STMain ****
make -j8 all 
arm-none-eabi-gcc "../Core/Src/main.c" -mcpu=cortex-m3 -std=gnu11 -g3 -DDEBUG -DUSE_HAL_DRIVER -DSTM32F103xB -c -I../Core/Inc -I../Drivers/STM32F1xx_HAL_Driver/Inc/Legacy -I../Drivers/STM32F1xx_HAL_Driver/Inc -I../Drivers/CMSIS/Device/ST/STM32F1xx/Include -I../Drivers/CMSIS/Include -O0 -ffunction-sections -fdata-sections -Wall -fstack-usage -fcyclomatic-complexity -MMD -MP -MF"Core/Src/main.d" -MT"Core/Src/main.o" --specs=nano.specs -mfloat-abi=soft -mthumb -o "Core/Src/main.o"
../Core/Src/main.c: In function 'motionTrack':
../Core/Src/main.c:395:27: warning: comparison between 'GPIO_PinState' and 'enum <anonymous>' [-Wenum-compare]
  395 |         if(motionDetected == SET)
      |                           ^~
../Core/Src/main.c: In function 'gasTrack':
../Core/Src/main.c:420:25: warning: '0' flag ignored with precision and '%d' gnu_printf format [-Wformat=]
  420 |           sprintf(data, "current gas value: %0.2d\r\n", gasVal);
      |                         ^~~~~~~~~~~~~~~~~~~~~~~~~~~~~~
../Core/Src/main.c:420:49: warning: format '%d' expects argument of type 'int', but argument 3 has type 'double' [-Wformat=]
  420 |           sprintf(data, "current gas value: %0.2d\r\n", gasVal);
      |                                             ~~~~^       ~~~~~~
      |                                                 |       |
      |                                                 int     double
      |                                             %0.2f
arm-none-eabi-gcc -o "STMain.elf" @"objects.list"   -mcpu=cortex-m3 -T"C:\IotBuild\pes\STMain\STM32F103RBTX_FLASH.ld" --specs=nosys.specs -Wl,-Map="STMain.map" -Wl,--gc-sections -static --specs=nano.specs -mfloat-abi=soft -mthumb -u _printf_float -Wl,--start-group -lc -lm -Wl,--end-group
Finished building target: STMain.elf
 
arm-none-eabi-size  STMain.elf 
arm-none-eabi-objdump -h -S STMain.elf  > "STMain.list"
   text	   data	    bss	    dec	    hex	filename
  25400	    480	   4080	  29960	   7508	STMain.elf
Finished building: default.size.stdout
 
Finished building: STMain.list
 
17:34:47 **** Incremental Build of configuration Debug for project STMain ****
make -j8 all 
arm-none-eabi-gcc "../Core/Src/main.c" -mcpu=cortex-m3 -std=gnu11 -g3 -DDEBUG -DUSE_HAL_DRIVER -DSTM32F103xB -c -I../Core/Inc -I../Drivers/STM32F1xx_HAL_Driver/Inc/Legacy -I../Drivers/STM32F1xx_HAL_Driver/Inc -I../Drivers/CMSIS/Device/ST/STM32F1xx/Include -I../Drivers/CMSIS/Include -O0 -ffunction-sections -fdata-sections -Wall -fstack-usage -fcyclomatic-complexity -MMD -MP -MF"Core/Src/main.d" -MT"Core/Src/main.o" --specs=nano.specs -mfloat-abi=soft -mthumb -o "Core/Src/main.o"
../Core/Src/main.c: In function 'motionTrack':
../Core/Src/main.c:393:27: warning: comparison between 'GPIO_PinState' and 'enum <anonymous>' [-Wenum-compare]
  393 |         if(motionDetected == SET)
      |                           ^~
../Core/Src/main.c: In function 'gasTrack':
../Core/Src/main.c:418:25: warning: '0' flag ignored with precision and '%d' gnu_printf format [-Wformat=]
  418 |           sprintf(data, "current gas value: %0.2d\r\n", gasVal);
      |                         ^~~~~~~~~~~~~~~~~~~~~~~~~~~~~~
../Core/Src/main.c:418:49: warning: format '%d' expects argument of type 'int', but argument 3 has type 'double' [-Wformat=]
  418 |           sprintf(data, "current gas value: %0.2d\r\n", gasVal);
      |                                             ~~~~^       ~~~~~~
      |                                                 |       |
      |                                                 int     double
      |                                             %0.2f
arm-none-eabi-gcc -o "STMain.elf" @"objects.list"   -mcpu=cortex-m3 -T"C:\IotBuild\pes\STMain\STM32F103RBTX_FLASH.ld" --specs=nosys.specs -Wl,-Map="STMain.map" -Wl,--gc-sections -static --specs=nano.specs -mfloat-abi=soft -mthumb -u _printf_float -Wl,--start-group -lc -lm -Wl,--end-group
Finished building target: STMain.elf
 
arm-none-eabi-size  STMain.elf 
arm-none-eabi-objdump -h -S STMain.elf  > "STMain.list"
   text	   data	    bss	    dec	    hex	filename
  25360	    480	   4080	  29920	   74e0	STMain.elf
Finished building: default.size.stdout
 
Finished building: STMain.list
 
17:35:44 **** Incremental Build of configuration Debug for project STMain ****
make -j8 all 
arm-none-eabi-gcc "../Core/Src/main.c" -mcpu=cortex-m3 -std=gnu11 -g3 -DDEBUG -DUSE_HAL_DRIVER -DSTM32F103xB -c -I../Core/Inc -I../Drivers/STM32F1xx_HAL_Driver/Inc/Legacy -I../Drivers/STM32F1xx_HAL_Driver/Inc -I../Drivers/CMSIS/Device/ST/STM32F1xx/Include -I../Drivers/CMSIS/Include -O0 -ffunction-sections -fdata-sections -Wall -fstack-usage -fcyclomatic-complexity -MMD -MP -MF"Core/Src/main.d" -MT"Core/Src/main.o" --specs=nano.specs -mfloat-abi=soft -mthumb -o "Core/Src/main.o"
../Core/Src/main.c: In function 'motionTrack':
../Core/Src/main.c:394:27: warning: comparison between 'GPIO_PinState' and 'enum <anonymous>' [-Wenum-compare]
  394 |         if(motionDetected == SET)
      |                           ^~
../Core/Src/main.c: In function 'gasTrack':
../Core/Src/main.c:419:25: warning: '0' flag ignored with precision and '%d' gnu_printf format [-Wformat=]
  419 |           sprintf(data, "current gas value: %0.2d\r\n", gasVal);
      |                         ^~~~~~~~~~~~~~~~~~~~~~~~~~~~~~
../Core/Src/main.c:419:49: warning: format '%d' expects argument of type 'int', but argument 3 has type 'double' [-Wformat=]
  419 |           sprintf(data, "current gas value: %0.2d\r\n", gasVal);
      |                                             ~~~~^       ~~~~~~
      |                                                 |       |
      |                                                 int     double
      |                                             %0.2f
arm-none-eabi-gcc -o "STMain.elf" @"objects.list"   -mcpu=cortex-m3 -T"C:\IotBuild\pes\STMain\STM32F103RBTX_FLASH.ld" --specs=nosys.specs -Wl,-Map="STMain.map" -Wl,--gc-sections -static --specs=nano.specs -mfloat-abi=soft -mthumb -u _printf_float -Wl,--start-group -lc -lm -Wl,--end-group
Finished building target: STMain.elf
 
arm-none-eabi-size  STMain.elf 
arm-none-eabi-objdump -h -S STMain.elf  > "STMain.list"
   text	   data	    bss	    dec	    hex	filename
  25392	    480	   4080	  29952	   7500	STMain.elf
Finished building: default.size.stdout
 
Finished building: STMain.list
 
17:36:28 **** Incremental Build of configuration Debug for project STMain ****
make -j8 all 
arm-none-eabi-gcc "../Core/Src/main.c" -mcpu=cortex-m3 -std=gnu11 -g3 -DDEBUG -DUSE_HAL_DRIVER -DSTM32F103xB -c -I../Core/Inc -I../Drivers/STM32F1xx_HAL_Driver/Inc/Legacy -I../Drivers/STM32F1xx_HAL_Driver/Inc -I../Drivers/CMSIS/Device/ST/STM32F1xx/Include -I../Drivers/CMSIS/Include -O0 -ffunction-sections -fdata-sections -Wall -fstack-usage -fcyclomatic-complexity -MMD -MP -MF"Core/Src/main.d" -MT"Core/Src/main.o" --specs=nano.specs -mfloat-abi=soft -mthumb -o "Core/Src/main.o"
../Core/Src/main.c: In function 'motionTrack':
../Core/Src/main.c:394:27: warning: comparison between 'GPIO_PinState' and 'enum <anonymous>' [-Wenum-compare]
  394 |         if(motionDetected == SET)
      |                           ^~
../Core/Src/main.c: In function 'gasTrack':
../Core/Src/main.c:419:25: warning: '0' flag ignored with precision and '%d' gnu_printf format [-Wformat=]
  419 |           sprintf(data, "current gas value: %0.2d\r\n", gasVal);
      |                         ^~~~~~~~~~~~~~~~~~~~~~~~~~~~~~
../Core/Src/main.c:419:49: warning: format '%d' expects argument of type 'int', but argument 3 has type 'double' [-Wformat=]
  419 |           sprintf(data, "current gas value: %0.2d\r\n", gasVal);
      |                                             ~~~~^       ~~~~~~
      |                                                 |       |
      |                                                 int     double
      |                                             %0.2f
arm-none-eabi-gcc -o "STMain.elf" @"objects.list"   -mcpu=cortex-m3 -T"C:\IotBuild\pes\STMain\STM32F103RBTX_FLASH.ld" --specs=nosys.specs -Wl,-Map="STMain.map" -Wl,--gc-sections -static --specs=nano.specs -mfloat-abi=soft -mthumb -u _printf_float -Wl,--start-group -lc -lm -Wl,--end-group
Finished building target: STMain.elf
 
arm-none-eabi-size  STMain.elf 
arm-none-eabi-objdump -h -S STMain.elf  > "STMain.list"
   text	   data	    bss	    dec	    hex	filename
  25392	    480	   4080	  29952	   7500	STMain.elf
Finished building: default.size.stdout
 
Finished building: STMain.list
 
17:36:46 **** Incremental Build of configuration Debug for project STMain ****
make -j8 all 
arm-none-eabi-gcc "../Core/Src/main.c" -mcpu=cortex-m3 -std=gnu11 -g3 -DDEBUG -DUSE_HAL_DRIVER -DSTM32F103xB -c -I../Core/Inc -I../Drivers/STM32F1xx_HAL_Driver/Inc/Legacy -I../Drivers/STM32F1xx_HAL_Driver/Inc -I../Drivers/CMSIS/Device/ST/STM32F1xx/Include -I../Drivers/CMSIS/Include -O0 -ffunction-sections -fdata-sections -Wall -fstack-usage -fcyclomatic-complexity -MMD -MP -MF"Core/Src/main.d" -MT"Core/Src/main.o" --specs=nano.specs -mfloat-abi=soft -mthumb -o "Core/Src/main.o"
../Core/Src/main.c: In function 'motionTrack':
../Core/Src/main.c:394:27: warning: comparison between 'GPIO_PinState' and 'enum <anonymous>' [-Wenum-compare]
  394 |         if(motionDetected == SET)
      |                           ^~
../Core/Src/main.c: In function 'gasTrack':
../Core/Src/main.c:419:25: warning: '0' flag ignored with precision and '%d' gnu_printf format [-Wformat=]
  419 |           sprintf(data, "current gas value: %0.2d\r\n", gasVal);
      |                         ^~~~~~~~~~~~~~~~~~~~~~~~~~~~~~
../Core/Src/main.c:419:49: warning: format '%d' expects argument of type 'int', but argument 3 has type 'double' [-Wformat=]
  419 |           sprintf(data, "current gas value: %0.2d\r\n", gasVal);
      |                                             ~~~~^       ~~~~~~
      |                                                 |       |
      |                                                 int     double
      |                                             %0.2f
arm-none-eabi-gcc -o "STMain.elf" @"objects.list"   -mcpu=cortex-m3 -T"C:\IotBuild\pes\STMain\STM32F103RBTX_FLASH.ld" --specs=nosys.specs -Wl,-Map="STMain.map" -Wl,--gc-sections -static --specs=nano.specs -mfloat-abi=soft -mthumb -u _printf_float -Wl,--start-group -lc -lm -Wl,--end-group
Finished building target: STMain.elf
 
arm-none-eabi-size  STMain.elf 
arm-none-eabi-objdump -h -S STMain.elf  > "STMain.list"
   text	   data	    bss	    dec	    hex	filename
  25392	    480	   4080	  29952	   7500	STMain.elf
Finished building: default.size.stdout
 
Finished building: STMain.list
 
17:37:27 **** Incremental Build of configuration Debug for project STMain ****
make -j8 all 
arm-none-eabi-gcc "../Core/Src/main.c" -mcpu=cortex-m3 -std=gnu11 -g3 -DDEBUG -DUSE_HAL_DRIVER -DSTM32F103xB -c -I../Core/Inc -I../Drivers/STM32F1xx_HAL_Driver/Inc/Legacy -I../Drivers/STM32F1xx_HAL_Driver/Inc -I../Drivers/CMSIS/Device/ST/STM32F1xx/Include -I../Drivers/CMSIS/Include -O0 -ffunction-sections -fdata-sections -Wall -fstack-usage -fcyclomatic-complexity -MMD -MP -MF"Core/Src/main.d" -MT"Core/Src/main.o" --specs=nano.specs -mfloat-abi=soft -mthumb -o "Core/Src/main.o"
../Core/Src/main.c: In function 'motionTrack':
../Core/Src/main.c:394:27: warning: comparison between 'GPIO_PinState' and 'enum <anonymous>' [-Wenum-compare]
  394 |         if(motionDetected == SET)
      |                           ^~
../Core/Src/main.c: In function 'gasTrack':
../Core/Src/main.c:419:25: warning: '0' flag ignored with precision and '%d' gnu_printf format [-Wformat=]
  419 |           sprintf(data, "current gas value: %0.2d\r\n", gasVal);
      |                         ^~~~~~~~~~~~~~~~~~~~~~~~~~~~~~
../Core/Src/main.c:419:49: warning: format '%d' expects argument of type 'int', but argument 3 has type 'double' [-Wformat=]
  419 |           sprintf(data, "current gas value: %0.2d\r\n", gasVal);
      |                                             ~~~~^       ~~~~~~
      |                                                 |       |
      |                                                 int     double
      |                                             %0.2f
arm-none-eabi-gcc -o "STMain.elf" @"objects.list"   -mcpu=cortex-m3 -T"C:\IotBuild\pes\STMain\STM32F103RBTX_FLASH.ld" --specs=nosys.specs -Wl,-Map="STMain.map" -Wl,--gc-sections -static --specs=nano.specs -mfloat-abi=soft -mthumb -u _printf_float -Wl,--start-group -lc -lm -Wl,--end-group
Finished building target: STMain.elf
 
arm-none-eabi-size  STMain.elf 
arm-none-eabi-objdump -h -S STMain.elf  > "STMain.list"
   text	   data	    bss	    dec	    hex	filename
  25392	    480	   4080	  29952	   7500	STMain.elf
Finished building: default.size.stdout
 
Finished building: STMain.list
 
17:38:04 **** Incremental Build of configuration Debug for project STMain ****
make -j8 all 
arm-none-eabi-gcc "../Core/Src/main.c" -mcpu=cortex-m3 -std=gnu11 -g3 -DDEBUG -DUSE_HAL_DRIVER -DSTM32F103xB -c -I../Core/Inc -I../Drivers/STM32F1xx_HAL_Driver/Inc/Legacy -I../Drivers/STM32F1xx_HAL_Driver/Inc -I../Drivers/CMSIS/Device/ST/STM32F1xx/Include -I../Drivers/CMSIS/Include -O0 -ffunction-sections -fdata-sections -Wall -fstack-usage -fcyclomatic-complexity -MMD -MP -MF"Core/Src/main.d" -MT"Core/Src/main.o" --specs=nano.specs -mfloat-abi=soft -mthumb -o "Core/Src/main.o"
../Core/Src/main.c: In function 'motionTrack':
../Core/Src/main.c:394:27: warning: comparison between 'GPIO_PinState' and 'enum <anonymous>' [-Wenum-compare]
  394 |         if(motionDetected == SET)
      |                           ^~
../Core/Src/main.c: In function 'gasTrack':
../Core/Src/main.c:419:25: warning: '0' flag ignored with precision and '%d' gnu_printf format [-Wformat=]
  419 |           sprintf(data, "current gas value: %0.2d\r\n", gasVal);
      |                         ^~~~~~~~~~~~~~~~~~~~~~~~~~~~~~
../Core/Src/main.c:419:49: warning: format '%d' expects argument of type 'int', but argument 3 has type 'double' [-Wformat=]
  419 |           sprintf(data, "current gas value: %0.2d\r\n", gasVal);
      |                                             ~~~~^       ~~~~~~
      |                                                 |       |
      |                                                 int     double
      |                                             %0.2f
arm-none-eabi-gcc -o "STMain.elf" @"objects.list"   -mcpu=cortex-m3 -T"C:\IotBuild\pes\STMain\STM32F103RBTX_FLASH.ld" --specs=nosys.specs -Wl,-Map="STMain.map" -Wl,--gc-sections -static --specs=nano.specs -mfloat-abi=soft -mthumb -u _printf_float -Wl,--start-group -lc -lm -Wl,--end-group
Finished building target: STMain.elf
 
arm-none-eabi-size  STMain.elf 
arm-none-eabi-objdump -h -S STMain.elf  > "STMain.list"
   text	   data	    bss	    dec	    hex	filename
  25392	    480	   4080	  29952	   7500	STMain.elf
Finished building: default.size.stdout
 
Finished building: STMain.list
 
17:38:35 **** Incremental Build of configuration Debug for project STMain ****
make -j8 all 
arm-none-eabi-gcc "../Core/Src/main.c" -mcpu=cortex-m3 -std=gnu11 -g3 -DDEBUG -DUSE_HAL_DRIVER -DSTM32F103xB -c -I../Core/Inc -I../Drivers/STM32F1xx_HAL_Driver/Inc/Legacy -I../Drivers/STM32F1xx_HAL_Driver/Inc -I../Drivers/CMSIS/Device/ST/STM32F1xx/Include -I../Drivers/CMSIS/Include -O0 -ffunction-sections -fdata-sections -Wall -fstack-usage -fcyclomatic-complexity -MMD -MP -MF"Core/Src/main.d" -MT"Core/Src/main.o" --specs=nano.specs -mfloat-abi=soft -mthumb -o "Core/Src/main.o"
../Core/Src/main.c: In function 'motionTrack':
../Core/Src/main.c:394:27: warning: comparison between 'GPIO_PinState' and 'enum <anonymous>' [-Wenum-compare]
  394 |         if(motionDetected == SET)
      |                           ^~
../Core/Src/main.c: In function 'gasTrack':
../Core/Src/main.c:419:25: warning: '0' flag ignored with precision and '%d' gnu_printf format [-Wformat=]
  419 |           sprintf(data, "current gas value: %0.2d\r\n", gasVal);
      |                         ^~~~~~~~~~~~~~~~~~~~~~~~~~~~~~
../Core/Src/main.c:419:49: warning: format '%d' expects argument of type 'int', but argument 3 has type 'double' [-Wformat=]
  419 |           sprintf(data, "current gas value: %0.2d\r\n", gasVal);
      |                                             ~~~~^       ~~~~~~
      |                                                 |       |
      |                                                 int     double
      |                                             %0.2f
arm-none-eabi-gcc -o "STMain.elf" @"objects.list"   -mcpu=cortex-m3 -T"C:\IotBuild\pes\STMain\STM32F103RBTX_FLASH.ld" --specs=nosys.specs -Wl,-Map="STMain.map" -Wl,--gc-sections -static --specs=nano.specs -mfloat-abi=soft -mthumb -u _printf_float -Wl,--start-group -lc -lm -Wl,--end-group
Finished building target: STMain.elf
 
arm-none-eabi-size  STMain.elf 
arm-none-eabi-objdump -h -S STMain.elf  > "STMain.list"
   text	   data	    bss	    dec	    hex	filename
  25392	    480	   4080	  29952	   7500	STMain.elf
Finished building: default.size.stdout
 
Finished building: STMain.list
 
17:39:24 **** Incremental Build of configuration Debug for project STMain ****
make -j8 all 
arm-none-eabi-gcc "../Core/Src/main.c" -mcpu=cortex-m3 -std=gnu11 -g3 -DDEBUG -DUSE_HAL_DRIVER -DSTM32F103xB -c -I../Core/Inc -I../Drivers/STM32F1xx_HAL_Driver/Inc/Legacy -I../Drivers/STM32F1xx_HAL_Driver/Inc -I../Drivers/CMSIS/Device/ST/STM32F1xx/Include -I../Drivers/CMSIS/Include -O0 -ffunction-sections -fdata-sections -Wall -fstack-usage -fcyclomatic-complexity -MMD -MP -MF"Core/Src/main.d" -MT"Core/Src/main.o" --specs=nano.specs -mfloat-abi=soft -mthumb -o "Core/Src/main.o"
../Core/Src/main.c: In function 'motionTrack':
../Core/Src/main.c:394:27: warning: comparison between 'GPIO_PinState' and 'enum <anonymous>' [-Wenum-compare]
  394 |         if(motionDetected == SET)
      |                           ^~
../Core/Src/main.c: In function 'gasTrack':
../Core/Src/main.c:419:25: warning: '0' flag ignored with precision and '%d' gnu_printf format [-Wformat=]
  419 |           sprintf(data, "current gas value: %0.2d\r\n", gasVal);
      |                         ^~~~~~~~~~~~~~~~~~~~~~~~~~~~~~
../Core/Src/main.c:419:49: warning: format '%d' expects argument of type 'int', but argument 3 has type 'double' [-Wformat=]
  419 |           sprintf(data, "current gas value: %0.2d\r\n", gasVal);
      |                                             ~~~~^       ~~~~~~
      |                                                 |       |
      |                                                 int     double
      |                                             %0.2f
arm-none-eabi-gcc -o "STMain.elf" @"objects.list"   -mcpu=cortex-m3 -T"C:\IotBuild\pes\STMain\STM32F103RBTX_FLASH.ld" --specs=nosys.specs -Wl,-Map="STMain.map" -Wl,--gc-sections -static --specs=nano.specs -mfloat-abi=soft -mthumb -u _printf_float -Wl,--start-group -lc -lm -Wl,--end-group
Finished building target: STMain.elf
 
arm-none-eabi-size  STMain.elf 
arm-none-eabi-objdump -h -S STMain.elf  > "STMain.list"
   text	   data	    bss	    dec	    hex	filename
  25392	    480	   4080	  29952	   7500	STMain.elf
Finished building: default.size.stdout
 
Finished building: STMain.list
 
17:41:25 **** Incremental Build of configuration Debug for project STMain ****
make -j8 all 
arm-none-eabi-gcc "../Core/Src/main.c" -mcpu=cortex-m3 -std=gnu11 -g3 -DDEBUG -DUSE_HAL_DRIVER -DSTM32F103xB -c -I../Core/Inc -I../Drivers/STM32F1xx_HAL_Driver/Inc/Legacy -I../Drivers/STM32F1xx_HAL_Driver/Inc -I../Drivers/CMSIS/Device/ST/STM32F1xx/Include -I../Drivers/CMSIS/Include -O0 -ffunction-sections -fdata-sections -Wall -fstack-usage -fcyclomatic-complexity -MMD -MP -MF"Core/Src/main.d" -MT"Core/Src/main.o" --specs=nano.specs -mfloat-abi=soft -mthumb -o "Core/Src/main.o"
../Core/Src/main.c: In function 'motionTrack':
../Core/Src/main.c:395:27: warning: comparison between 'GPIO_PinState' and 'enum <anonymous>' [-Wenum-compare]
  395 |         if(motionDetected == SET)
      |                           ^~
../Core/Src/main.c: In function 'gasTrack':
../Core/Src/main.c:420:25: warning: '0' flag ignored with precision and '%d' gnu_printf format [-Wformat=]
  420 |           sprintf(data, "current gas value: %0.2d\r\n", gasVal);
      |                         ^~~~~~~~~~~~~~~~~~~~~~~~~~~~~~
../Core/Src/main.c:420:49: warning: format '%d' expects argument of type 'int', but argument 3 has type 'double' [-Wformat=]
  420 |           sprintf(data, "current gas value: %0.2d\r\n", gasVal);
      |                                             ~~~~^       ~~~~~~
      |                                                 |       |
      |                                                 int     double
      |                                             %0.2f
arm-none-eabi-gcc -o "STMain.elf" @"objects.list"   -mcpu=cortex-m3 -T"C:\IotBuild\pes\STMain\STM32F103RBTX_FLASH.ld" --specs=nosys.specs -Wl,-Map="STMain.map" -Wl,--gc-sections -static --specs=nano.specs -mfloat-abi=soft -mthumb -u _printf_float -Wl,--start-group -lc -lm -Wl,--end-group
Finished building target: STMain.elf
 
arm-none-eabi-size  STMain.elf 
arm-none-eabi-objdump -h -S STMain.elf  > "STMain.list"
   text	   data	    bss	    dec	    hex	filename
  25408	    480	   4080	  29968	   7510	STMain.elf
Finished building: default.size.stdout
 
Finished building: STMain.list
 
17:42:33 **** Incremental Build of configuration Debug for project STMain ****
make -j8 all 
arm-none-eabi-gcc "../Core/Src/main.c" -mcpu=cortex-m3 -std=gnu11 -g3 -DDEBUG -DUSE_HAL_DRIVER -DSTM32F103xB -c -I../Core/Inc -I../Drivers/STM32F1xx_HAL_Driver/Inc/Legacy -I../Drivers/STM32F1xx_HAL_Driver/Inc -I../Drivers/CMSIS/Device/ST/STM32F1xx/Include -I../Drivers/CMSIS/Include -O0 -ffunction-sections -fdata-sections -Wall -fstack-usage -fcyclomatic-complexity -MMD -MP -MF"Core/Src/main.d" -MT"Core/Src/main.o" --specs=nano.specs -mfloat-abi=soft -mthumb -o "Core/Src/main.o"
../Core/Src/main.c: In function 'motionTrack':
../Core/Src/main.c:395:27: warning: comparison between 'GPIO_PinState' and 'enum <anonymous>' [-Wenum-compare]
  395 |         if(motionDetected == SET)
      |                           ^~
../Core/Src/main.c: In function 'gasTrack':
../Core/Src/main.c:420:25: warning: '0' flag ignored with precision and '%d' gnu_printf format [-Wformat=]
  420 |           sprintf(data, "current gas value: %0.2d\r\n", gasVal);
      |                         ^~~~~~~~~~~~~~~~~~~~~~~~~~~~~~
../Core/Src/main.c:420:49: warning: format '%d' expects argument of type 'int', but argument 3 has type 'double' [-Wformat=]
  420 |           sprintf(data, "current gas value: %0.2d\r\n", gasVal);
      |                                             ~~~~^       ~~~~~~
      |                                                 |       |
      |                                                 int     double
      |                                             %0.2f
arm-none-eabi-gcc -o "STMain.elf" @"objects.list"   -mcpu=cortex-m3 -T"C:\IotBuild\pes\STMain\STM32F103RBTX_FLASH.ld" --specs=nosys.specs -Wl,-Map="STMain.map" -Wl,--gc-sections -static --specs=nano.specs -mfloat-abi=soft -mthumb -u _printf_float -Wl,--start-group -lc -lm -Wl,--end-group
Finished building target: STMain.elf
 
arm-none-eabi-size  STMain.elf 
arm-none-eabi-objdump -h -S STMain.elf  > "STMain.list"
   text	   data	    bss	    dec	    hex	filename
  25408	    480	   4080	  29968	   7510	STMain.elf
Finished building: default.size.stdout
 
Finished building: STMain.list
 
17:45:02 **** Incremental Build of configuration Debug for project STMain ****
make -j8 all 
arm-none-eabi-gcc "../Core/Src/main.c" -mcpu=cortex-m3 -std=gnu11 -g3 -DDEBUG -DUSE_HAL_DRIVER -DSTM32F103xB -c -I../Core/Inc -I../Drivers/STM32F1xx_HAL_Driver/Inc/Legacy -I../Drivers/STM32F1xx_HAL_Driver/Inc -I../Drivers/CMSIS/Device/ST/STM32F1xx/Include -I../Drivers/CMSIS/Include -O0 -ffunction-sections -fdata-sections -Wall -fstack-usage -fcyclomatic-complexity -MMD -MP -MF"Core/Src/main.d" -MT"Core/Src/main.o" --specs=nano.specs -mfloat-abi=soft -mthumb -o "Core/Src/main.o"
../Core/Src/main.c:33:9: error: unknown type name 'bool'
   33 |         bool trigger;
      |         ^~~~
../Core/Src/main.c: In function 'motionTrack':
../Core/Src/main.c:402:27: warning: comparison between 'GPIO_PinState' and 'enum <anonymous>' [-Wenum-compare]
  402 |         if(motionDetected == SET)
      |                           ^~
../Core/Src/main.c: In function 'gasTrack':
../Core/Src/main.c:427:25: warning: '0' flag ignored with precision and '%d' gnu_printf format [-Wformat=]
  427 |           sprintf(data, "current gas value: %0.2d\r\n", gasVal);
      |                         ^~~~~~~~~~~~~~~~~~~~~~~~~~~~~~
../Core/Src/main.c:427:49: warning: format '%d' expects argument of type 'int', but argument 3 has type 'double' [-Wformat=]
  427 |           sprintf(data, "current gas value: %0.2d\r\n", gasVal);
      |                                             ~~~~^       ~~~~~~
      |                                                 |       |
      |                                                 int     double
      |                                             %0.2f
make: *** [Core/Src/subdir.mk:34: Core/Src/main.o] Error 1
"make -j8 all" terminated with exit code 2. Build might be incomplete.
17:45:34 **** Incremental Build of configuration Debug for project STMain ****
make -j8 all 
arm-none-eabi-gcc "../Core/Src/main.c" -mcpu=cortex-m3 -std=gnu11 -g3 -DDEBUG -DUSE_HAL_DRIVER -DSTM32F103xB -c -I../Core/Inc -I../Drivers/STM32F1xx_HAL_Driver/Inc/Legacy -I../Drivers/STM32F1xx_HAL_Driver/Inc -I../Drivers/CMSIS/Device/ST/STM32F1xx/Include -I../Drivers/CMSIS/Include -O0 -ffunction-sections -fdata-sections -Wall -fstack-usage -fcyclomatic-complexity -MMD -MP -MF"Core/Src/main.d" -MT"Core/Src/main.o" --specs=nano.specs -mfloat-abi=soft -mthumb -o "Core/Src/main.o"
arm-none-eabi-gcc "../Core/Src/stm32f1xx_hal_msp.c" -mcpu=cortex-m3 -std=gnu11 -g3 -DDEBUG -DUSE_HAL_DRIVER -DSTM32F103xB -c -I../Core/Inc -I../Drivers/STM32F1xx_HAL_Driver/Inc/Legacy -I../Drivers/STM32F1xx_HAL_Driver/Inc -I../Drivers/CMSIS/Device/ST/STM32F1xx/Include -I../Drivers/CMSIS/Include -O0 -ffunction-sections -fdata-sections -Wall -fstack-usage -fcyclomatic-complexity -MMD -MP -MF"Core/Src/stm32f1xx_hal_msp.d" -MT"Core/Src/stm32f1xx_hal_msp.o" --specs=nano.specs -mfloat-abi=soft -mthumb -o "Core/Src/stm32f1xx_hal_msp.o"
arm-none-eabi-gcc "../Core/Src/stm32f1xx_it.c" -mcpu=cortex-m3 -std=gnu11 -g3 -DDEBUG -DUSE_HAL_DRIVER -DSTM32F103xB -c -I../Core/Inc -I../Drivers/STM32F1xx_HAL_Driver/Inc/Legacy -I../Drivers/STM32F1xx_HAL_Driver/Inc -I../Drivers/CMSIS/Device/ST/STM32F1xx/Include -I../Drivers/CMSIS/Include -O0 -ffunction-sections -fdata-sections -Wall -fstack-usage -fcyclomatic-complexity -MMD -MP -MF"Core/Src/stm32f1xx_it.d" -MT"Core/Src/stm32f1xx_it.o" --specs=nano.specs -mfloat-abi=soft -mthumb -o "Core/Src/stm32f1xx_it.o"
../Core/Src/main.c: In function 'motionTrack':
../Core/Src/main.c:399:27: warning: comparison between 'GPIO_PinState' and 'enum <anonymous>' [-Wenum-compare]
  399 |         if(motionDetected == SET)
      |                           ^~
../Core/Src/main.c: In function 'gasTrack':
../Core/Src/main.c:424:25: warning: '0' flag ignored with precision and '%d' gnu_printf format [-Wformat=]
  424 |           sprintf(data, "current gas value: %0.2d\r\n", gasVal);
      |                         ^~~~~~~~~~~~~~~~~~~~~~~~~~~~~~
../Core/Src/main.c:424:49: warning: format '%d' expects argument of type 'int', but argument 3 has type 'double' [-Wformat=]
  424 |           sprintf(data, "current gas value: %0.2d\r\n", gasVal);
      |                                             ~~~~^       ~~~~~~
      |                                                 |       |
      |                                                 int     double
      |                                             %0.2f
arm-none-eabi-gcc -o "STMain.elf" @"objects.list"   -mcpu=cortex-m3 -T"C:\IotBuild\pes\STMain\STM32F103RBTX_FLASH.ld" --specs=nosys.specs -Wl,-Map="STMain.map" -Wl,--gc-sections -static --specs=nano.specs -mfloat-abi=soft -mthumb -u _printf_float -Wl,--start-group -lc -lm -Wl,--end-group
Finished building target: STMain.elf
 
arm-none-eabi-size  STMain.elf 
arm-none-eabi-objdump -h -S STMain.elf  > "STMain.list"
   text	   data	    bss	    dec	    hex	filename
  25432	    480	   4080	  29992	   7528	STMain.elf
Finished building: default.size.stdout
 
Finished building: STMain.list
 
17:47:04 **** Incremental Build of configuration Debug for project STMain ****
make -j8 all 
arm-none-eabi-gcc "../Core/Src/main.c" -mcpu=cortex-m3 -std=gnu11 -g3 -DDEBUG -DUSE_HAL_DRIVER -DSTM32F103xB -c -I../Core/Inc -I../Drivers/STM32F1xx_HAL_Driver/Inc/Legacy -I../Drivers/STM32F1xx_HAL_Driver/Inc -I../Drivers/CMSIS/Device/ST/STM32F1xx/Include -I../Drivers/CMSIS/Include -O0 -ffunction-sections -fdata-sections -Wall -fstack-usage -fcyclomatic-complexity -MMD -MP -MF"Core/Src/main.d" -MT"Core/Src/main.o" --specs=nano.specs -mfloat-abi=soft -mthumb -o "Core/Src/main.o"
../Core/Src/main.c: In function 'motionTrack':
../Core/Src/main.c:399:27: warning: comparison between 'GPIO_PinState' and 'enum <anonymous>' [-Wenum-compare]
  399 |         if(motionDetected == SET)
      |                           ^~
../Core/Src/main.c: In function 'gasTrack':
../Core/Src/main.c:424:25: warning: '0' flag ignored with precision and '%d' gnu_printf format [-Wformat=]
  424 |           sprintf(data, "current gas value: %0.2d\r\n", gasVal);
      |                         ^~~~~~~~~~~~~~~~~~~~~~~~~~~~~~
../Core/Src/main.c:424:49: warning: format '%d' expects argument of type 'int', but argument 3 has type 'double' [-Wformat=]
  424 |           sprintf(data, "current gas value: %0.2d\r\n", gasVal);
      |                                             ~~~~^       ~~~~~~
      |                                                 |       |
      |                                                 int     double
      |                                             %0.2f
arm-none-eabi-gcc -o "STMain.elf" @"objects.list"   -mcpu=cortex-m3 -T"C:\IotBuild\pes\STMain\STM32F103RBTX_FLASH.ld" --specs=nosys.specs -Wl,-Map="STMain.map" -Wl,--gc-sections -static --specs=nano.specs -mfloat-abi=soft -mthumb -u _printf_float -Wl,--start-group -lc -lm -Wl,--end-group
Finished building target: STMain.elf
 
arm-none-eabi-size  STMain.elf 
arm-none-eabi-objdump -h -S STMain.elf  > "STMain.list"
   text	   data	    bss	    dec	    hex	filename
  25480	    480	   4080	  30040	   7558	STMain.elf
Finished building: default.size.stdout
 
Finished building: STMain.list
 
17:48:07 **** Incremental Build of configuration Debug for project STMain ****
make -j8 all 
arm-none-eabi-gcc "../Core/Src/main.c" -mcpu=cortex-m3 -std=gnu11 -g3 -DDEBUG -DUSE_HAL_DRIVER -DSTM32F103xB -c -I../Core/Inc -I../Drivers/STM32F1xx_HAL_Driver/Inc/Legacy -I../Drivers/STM32F1xx_HAL_Driver/Inc -I../Drivers/CMSIS/Device/ST/STM32F1xx/Include -I../Drivers/CMSIS/Include -O0 -ffunction-sections -fdata-sections -Wall -fstack-usage -fcyclomatic-complexity -MMD -MP -MF"Core/Src/main.d" -MT"Core/Src/main.o" --specs=nano.specs -mfloat-abi=soft -mthumb -o "Core/Src/main.o"
../Core/Src/main.c: In function 'motionTrack':
../Core/Src/main.c:400:27: warning: comparison between 'GPIO_PinState' and 'enum <anonymous>' [-Wenum-compare]
  400 |         if(motionDetected == SET)
      |                           ^~
../Core/Src/main.c: In function 'gasTrack':
../Core/Src/main.c:425:25: warning: '0' flag ignored with precision and '%d' gnu_printf format [-Wformat=]
  425 |           sprintf(data, "current gas value: %0.2d\r\n", gasVal);
      |                         ^~~~~~~~~~~~~~~~~~~~~~~~~~~~~~
../Core/Src/main.c:425:49: warning: format '%d' expects argument of type 'int', but argument 3 has type 'double' [-Wformat=]
  425 |           sprintf(data, "current gas value: %0.2d\r\n", gasVal);
      |                                             ~~~~^       ~~~~~~
      |                                                 |       |
      |                                                 int     double
      |                                             %0.2f
arm-none-eabi-gcc -o "STMain.elf" @"objects.list"   -mcpu=cortex-m3 -T"C:\IotBuild\pes\STMain\STM32F103RBTX_FLASH.ld" --specs=nosys.specs -Wl,-Map="STMain.map" -Wl,--gc-sections -static --specs=nano.specs -mfloat-abi=soft -mthumb -u _printf_float -Wl,--start-group -lc -lm -Wl,--end-group
Finished building target: STMain.elf
 
arm-none-eabi-size  STMain.elf 
arm-none-eabi-objdump -h -S STMain.elf  > "STMain.list"
   text	   data	    bss	    dec	    hex	filename
  25512	    480	   4080	  30072	   7578	STMain.elf
Finished building: default.size.stdout
 
Finished building: STMain.list
 
17:49:52 **** Incremental Build of configuration Debug for project STMain ****
make -j8 all 
arm-none-eabi-gcc "../Core/Src/main.c" -mcpu=cortex-m3 -std=gnu11 -g3 -DDEBUG -DUSE_HAL_DRIVER -DSTM32F103xB -c -I../Core/Inc -I../Drivers/STM32F1xx_HAL_Driver/Inc/Legacy -I../Drivers/STM32F1xx_HAL_Driver/Inc -I../Drivers/CMSIS/Device/ST/STM32F1xx/Include -I../Drivers/CMSIS/Include -O0 -ffunction-sections -fdata-sections -Wall -fstack-usage -fcyclomatic-complexity -MMD -MP -MF"Core/Src/main.d" -MT"Core/Src/main.o" --specs=nano.specs -mfloat-abi=soft -mthumb -o "Core/Src/main.o"
../Core/Src/main.c: In function 'motionTrack':
../Core/Src/main.c:403:27: warning: comparison between 'GPIO_PinState' and 'enum <anonymous>' [-Wenum-compare]
  403 |         if(motionDetected == SET)
      |                           ^~
../Core/Src/main.c: In function 'gasTrack':
../Core/Src/main.c:428:25: warning: '0' flag ignored with precision and '%d' gnu_printf format [-Wformat=]
  428 |           sprintf(data, "current gas value: %0.2d\r\n", gasVal);
      |                         ^~~~~~~~~~~~~~~~~~~~~~~~~~~~~~
../Core/Src/main.c:428:49: warning: format '%d' expects argument of type 'int', but argument 3 has type 'double' [-Wformat=]
  428 |           sprintf(data, "current gas value: %0.2d\r\n", gasVal);
      |                                             ~~~~^       ~~~~~~
      |                                                 |       |
      |                                                 int     double
      |                                             %0.2f
arm-none-eabi-gcc -o "STMain.elf" @"objects.list"   -mcpu=cortex-m3 -T"C:\IotBuild\pes\STMain\STM32F103RBTX_FLASH.ld" --specs=nosys.specs -Wl,-Map="STMain.map" -Wl,--gc-sections -static --specs=nano.specs -mfloat-abi=soft -mthumb -u _printf_float -Wl,--start-group -lc -lm -Wl,--end-group
Finished building target: STMain.elf
 
arm-none-eabi-size  STMain.elf 
arm-none-eabi-objdump -h -S STMain.elf  > "STMain.list"
   text	   data	    bss	    dec	    hex	filename
  25512	    480	   4080	  30072	   7578	STMain.elf
Finished building: default.size.stdout
 
Finished building: STMain.list
 
17:51:11 **** Incremental Build of configuration Debug for project STMain ****
make -j8 all 
arm-none-eabi-gcc "../Core/Src/main.c" -mcpu=cortex-m3 -std=gnu11 -g3 -DDEBUG -DUSE_HAL_DRIVER -DSTM32F103xB -c -I../Core/Inc -I../Drivers/STM32F1xx_HAL_Driver/Inc/Legacy -I../Drivers/STM32F1xx_HAL_Driver/Inc -I../Drivers/CMSIS/Device/ST/STM32F1xx/Include -I../Drivers/CMSIS/Include -O0 -ffunction-sections -fdata-sections -Wall -fstack-usage -fcyclomatic-complexity -MMD -MP -MF"Core/Src/main.d" -MT"Core/Src/main.o" --specs=nano.specs -mfloat-abi=soft -mthumb -o "Core/Src/main.o"
../Core/Src/main.c: In function 'motionTrack':
../Core/Src/main.c:405:27: warning: comparison between 'GPIO_PinState' and 'enum <anonymous>' [-Wenum-compare]
  405 |         if(motionDetected == SET)
      |                           ^~
../Core/Src/main.c: In function 'gasTrack':
../Core/Src/main.c:430:25: warning: '0' flag ignored with precision and '%d' gnu_printf format [-Wformat=]
  430 |           sprintf(data, "current gas value: %0.2d\r\n", gasVal);
      |                         ^~~~~~~~~~~~~~~~~~~~~~~~~~~~~~
../Core/Src/main.c:430:49: warning: format '%d' expects argument of type 'int', but argument 3 has type 'double' [-Wformat=]
  430 |           sprintf(data, "current gas value: %0.2d\r\n", gasVal);
      |                                             ~~~~^       ~~~~~~
      |                                                 |       |
      |                                                 int     double
      |                                             %0.2f
arm-none-eabi-gcc -o "STMain.elf" @"objects.list"   -mcpu=cortex-m3 -T"C:\IotBuild\pes\STMain\STM32F103RBTX_FLASH.ld" --specs=nosys.specs -Wl,-Map="STMain.map" -Wl,--gc-sections -static --specs=nano.specs -mfloat-abi=soft -mthumb -u _printf_float -Wl,--start-group -lc -lm -Wl,--end-group
Finished building target: STMain.elf
 
arm-none-eabi-size  STMain.elf 
arm-none-eabi-objdump -h -S STMain.elf  > "STMain.list"
   text	   data	    bss	    dec	    hex	filename
  25520	    480	   4080	  30080	   7580	STMain.elf
Finished building: default.size.stdout
 
Finished building: STMain.list
 
17:53:06 **** Incremental Build of configuration Debug for project STMain ****
make -j8 all 
arm-none-eabi-gcc "../Core/Src/main.c" -mcpu=cortex-m3 -std=gnu11 -g3 -DDEBUG -DUSE_HAL_DRIVER -DSTM32F103xB -c -I../Core/Inc -I../Drivers/STM32F1xx_HAL_Driver/Inc/Legacy -I../Drivers/STM32F1xx_HAL_Driver/Inc -I../Drivers/CMSIS/Device/ST/STM32F1xx/Include -I../Drivers/CMSIS/Include -O0 -ffunction-sections -fdata-sections -Wall -fstack-usage -fcyclomatic-complexity -MMD -MP -MF"Core/Src/main.d" -MT"Core/Src/main.o" --specs=nano.specs -mfloat-abi=soft -mthumb -o "Core/Src/main.o"
../Core/Src/main.c: In function 'motionTrack':
../Core/Src/main.c:405:27: warning: comparison between 'GPIO_PinState' and 'enum <anonymous>' [-Wenum-compare]
  405 |         if(motionDetected == SET)
      |                           ^~
../Core/Src/main.c: In function 'gasTrack':
../Core/Src/main.c:430:25: warning: '0' flag ignored with precision and '%d' gnu_printf format [-Wformat=]
  430 |           sprintf(data, "current gas value: %0.2d\r\n", gasVal);
      |                         ^~~~~~~~~~~~~~~~~~~~~~~~~~~~~~
../Core/Src/main.c:430:49: warning: format '%d' expects argument of type 'int', but argument 3 has type 'double' [-Wformat=]
  430 |           sprintf(data, "current gas value: %0.2d\r\n", gasVal);
      |                                             ~~~~^       ~~~~~~
      |                                                 |       |
      |                                                 int     double
      |                                             %0.2f
arm-none-eabi-gcc -o "STMain.elf" @"objects.list"   -mcpu=cortex-m3 -T"C:\IotBuild\pes\STMain\STM32F103RBTX_FLASH.ld" --specs=nosys.specs -Wl,-Map="STMain.map" -Wl,--gc-sections -static --specs=nano.specs -mfloat-abi=soft -mthumb -u _printf_float -Wl,--start-group -lc -lm -Wl,--end-group
Finished building target: STMain.elf
 
arm-none-eabi-size  STMain.elf 
arm-none-eabi-objdump -h -S STMain.elf  > "STMain.list"
   text	   data	    bss	    dec	    hex	filename
  25520	    480	   4080	  30080	   7580	STMain.elf
Finished building: default.size.stdout
 
Finished building: STMain.list
 
17:53:50 **** Incremental Build of configuration Debug for project STMain ****
make -j8 all 
arm-none-eabi-gcc "../Core/Src/main.c" -mcpu=cortex-m3 -std=gnu11 -g3 -DDEBUG -DUSE_HAL_DRIVER -DSTM32F103xB -c -I../Core/Inc -I../Drivers/STM32F1xx_HAL_Driver/Inc/Legacy -I../Drivers/STM32F1xx_HAL_Driver/Inc -I../Drivers/CMSIS/Device/ST/STM32F1xx/Include -I../Drivers/CMSIS/Include -O0 -ffunction-sections -fdata-sections -Wall -fstack-usage -fcyclomatic-complexity -MMD -MP -MF"Core/Src/main.d" -MT"Core/Src/main.o" --specs=nano.specs -mfloat-abi=soft -mthumb -o "Core/Src/main.o"
../Core/Src/main.c: In function 'motionTrack':
../Core/Src/main.c:405:27: warning: comparison between 'GPIO_PinState' and 'enum <anonymous>' [-Wenum-compare]
  405 |         if(motionDetected == SET)
      |                           ^~
../Core/Src/main.c: In function 'gasTrack':
../Core/Src/main.c:430:25: warning: '0' flag ignored with precision and '%d' gnu_printf format [-Wformat=]
  430 |           sprintf(data, "current gas value: %0.2d\r\n", gasVal);
      |                         ^~~~~~~~~~~~~~~~~~~~~~~~~~~~~~
../Core/Src/main.c:430:49: warning: format '%d' expects argument of type 'int', but argument 3 has type 'double' [-Wformat=]
  430 |           sprintf(data, "current gas value: %0.2d\r\n", gasVal);
      |                                             ~~~~^       ~~~~~~
      |                                                 |       |
      |                                                 int     double
      |                                             %0.2f
arm-none-eabi-gcc -o "STMain.elf" @"objects.list"   -mcpu=cortex-m3 -T"C:\IotBuild\pes\STMain\STM32F103RBTX_FLASH.ld" --specs=nosys.specs -Wl,-Map="STMain.map" -Wl,--gc-sections -static --specs=nano.specs -mfloat-abi=soft -mthumb -u _printf_float -Wl,--start-group -lc -lm -Wl,--end-group
Finished building target: STMain.elf
 
arm-none-eabi-size  STMain.elf 
arm-none-eabi-objdump -h -S STMain.elf  > "STMain.list"
   text	   data	    bss	    dec	    hex	filename
  25520	    480	   4080	  30080	   7580	STMain.elf
Finished building: default.size.stdout
 
Finished building: STMain.list
 
17:54:25 **** Incremental Build of configuration Debug for project STMain ****
make -j8 all 
arm-none-eabi-gcc "../Core/Src/main.c" -mcpu=cortex-m3 -std=gnu11 -g3 -DDEBUG -DUSE_HAL_DRIVER -DSTM32F103xB -c -I../Core/Inc -I../Drivers/STM32F1xx_HAL_Driver/Inc/Legacy -I../Drivers/STM32F1xx_HAL_Driver/Inc -I../Drivers/CMSIS/Device/ST/STM32F1xx/Include -I../Drivers/CMSIS/Include -O0 -ffunction-sections -fdata-sections -Wall -fstack-usage -fcyclomatic-complexity -MMD -MP -MF"Core/Src/main.d" -MT"Core/Src/main.o" --specs=nano.specs -mfloat-abi=soft -mthumb -o "Core/Src/main.o"
../Core/Src/main.c: In function 'motionTrack':
../Core/Src/main.c:405:27: warning: comparison between 'GPIO_PinState' and 'enum <anonymous>' [-Wenum-compare]
  405 |         if(motionDetected == SET)
      |                           ^~
../Core/Src/main.c: In function 'gasTrack':
../Core/Src/main.c:430:25: warning: '0' flag ignored with precision and '%d' gnu_printf format [-Wformat=]
  430 |           sprintf(data, "current gas value: %0.2d\r\n", gasVal);
      |                         ^~~~~~~~~~~~~~~~~~~~~~~~~~~~~~
../Core/Src/main.c:430:49: warning: format '%d' expects argument of type 'int', but argument 3 has type 'double' [-Wformat=]
  430 |           sprintf(data, "current gas value: %0.2d\r\n", gasVal);
      |                                             ~~~~^       ~~~~~~
      |                                                 |       |
      |                                                 int     double
      |                                             %0.2f
arm-none-eabi-gcc -o "STMain.elf" @"objects.list"   -mcpu=cortex-m3 -T"C:\IotBuild\pes\STMain\STM32F103RBTX_FLASH.ld" --specs=nosys.specs -Wl,-Map="STMain.map" -Wl,--gc-sections -static --specs=nano.specs -mfloat-abi=soft -mthumb -u _printf_float -Wl,--start-group -lc -lm -Wl,--end-group
Finished building target: STMain.elf
 
arm-none-eabi-size  STMain.elf 
arm-none-eabi-objdump -h -S STMain.elf  > "STMain.list"
   text	   data	    bss	    dec	    hex	filename
  25520	    480	   4080	  30080	   7580	STMain.elf
Finished building: default.size.stdout
 
Finished building: STMain.list
 
17:56:15 **** Incremental Build of configuration Debug for project STMain ****
make -j8 all 
arm-none-eabi-gcc "../Core/Src/main.c" -mcpu=cortex-m3 -std=gnu11 -g3 -DDEBUG -DUSE_HAL_DRIVER -DSTM32F103xB -c -I../Core/Inc -I../Drivers/STM32F1xx_HAL_Driver/Inc/Legacy -I../Drivers/STM32F1xx_HAL_Driver/Inc -I../Drivers/CMSIS/Device/ST/STM32F1xx/Include -I../Drivers/CMSIS/Include -O0 -ffunction-sections -fdata-sections -Wall -fstack-usage -fcyclomatic-complexity -MMD -MP -MF"Core/Src/main.d" -MT"Core/Src/main.o" --specs=nano.specs -mfloat-abi=soft -mthumb -o "Core/Src/main.o"
../Core/Src/main.c: In function 'motionTrack':
../Core/Src/main.c:406:27: warning: comparison between 'GPIO_PinState' and 'enum <anonymous>' [-Wenum-compare]
  406 |         if(motionDetected == SET)
      |                           ^~
../Core/Src/main.c: In function 'gasTrack':
../Core/Src/main.c:431:25: warning: '0' flag ignored with precision and '%d' gnu_printf format [-Wformat=]
  431 |           sprintf(data, "current gas value: %0.2d\r\n", gasVal);
      |                         ^~~~~~~~~~~~~~~~~~~~~~~~~~~~~~
../Core/Src/main.c:431:49: warning: format '%d' expects argument of type 'int', but argument 3 has type 'double' [-Wformat=]
  431 |           sprintf(data, "current gas value: %0.2d\r\n", gasVal);
      |                                             ~~~~^       ~~~~~~
      |                                                 |       |
      |                                                 int     double
      |                                             %0.2f
arm-none-eabi-gcc -o "STMain.elf" @"objects.list"   -mcpu=cortex-m3 -T"C:\IotBuild\pes\STMain\STM32F103RBTX_FLASH.ld" --specs=nosys.specs -Wl,-Map="STMain.map" -Wl,--gc-sections -static --specs=nano.specs -mfloat-abi=soft -mthumb -u _printf_float -Wl,--start-group -lc -lm -Wl,--end-group
Finished building target: STMain.elf
 
arm-none-eabi-size  STMain.elf 
arm-none-eabi-objdump -h -S STMain.elf  > "STMain.list"
   text	   data	    bss	    dec	    hex	filename
  25520	    480	   4080	  30080	   7580	STMain.elf
Finished building: default.size.stdout
 
Finished building: STMain.list
 
17:57:01 **** Incremental Build of configuration Debug for project STMain ****
make -j8 all 
arm-none-eabi-gcc "../Core/Src/main.c" -mcpu=cortex-m3 -std=gnu11 -g3 -DDEBUG -DUSE_HAL_DRIVER -DSTM32F103xB -c -I../Core/Inc -I../Drivers/STM32F1xx_HAL_Driver/Inc/Legacy -I../Drivers/STM32F1xx_HAL_Driver/Inc -I../Drivers/CMSIS/Device/ST/STM32F1xx/Include -I../Drivers/CMSIS/Include -O0 -ffunction-sections -fdata-sections -Wall -fstack-usage -fcyclomatic-complexity -MMD -MP -MF"Core/Src/main.d" -MT"Core/Src/main.o" --specs=nano.specs -mfloat-abi=soft -mthumb -o "Core/Src/main.o"
../Core/Src/main.c: In function 'motionTrack':
../Core/Src/main.c:406:27: warning: comparison between 'GPIO_PinState' and 'enum <anonymous>' [-Wenum-compare]
  406 |         if(motionDetected == SET)
      |                           ^~
../Core/Src/main.c: In function 'gasTrack':
../Core/Src/main.c:431:25: warning: '0' flag ignored with precision and '%d' gnu_printf format [-Wformat=]
  431 |           sprintf(data, "current gas value: %0.2d\r\n", gasVal);
      |                         ^~~~~~~~~~~~~~~~~~~~~~~~~~~~~~
../Core/Src/main.c:431:49: warning: format '%d' expects argument of type 'int', but argument 3 has type 'double' [-Wformat=]
  431 |           sprintf(data, "current gas value: %0.2d\r\n", gasVal);
      |                                             ~~~~^       ~~~~~~
      |                                                 |       |
      |                                                 int     double
      |                                             %0.2f
arm-none-eabi-gcc -o "STMain.elf" @"objects.list"   -mcpu=cortex-m3 -T"C:\IotBuild\pes\STMain\STM32F103RBTX_FLASH.ld" --specs=nosys.specs -Wl,-Map="STMain.map" -Wl,--gc-sections -static --specs=nano.specs -mfloat-abi=soft -mthumb -u _printf_float -Wl,--start-group -lc -lm -Wl,--end-group
Finished building target: STMain.elf
 
arm-none-eabi-size  STMain.elf 
arm-none-eabi-objdump -h -S STMain.elf  > "STMain.list"
   text	   data	    bss	    dec	    hex	filename
  25520	    480	   4080	  30080	   7580	STMain.elf
Finished building: default.size.stdout
 
Finished building: STMain.list
 
13:34:23 **** Incremental Build of configuration Debug for project STMain ****
make -j8 all 
arm-none-eabi-gcc "../Core/Src/main.c" -mcpu=cortex-m3 -std=gnu11 -g3 -DDEBUG -DUSE_HAL_DRIVER -DSTM32F103xB -c -I../Core/Inc -I../Drivers/STM32F1xx_HAL_Driver/Inc/Legacy -I../Drivers/STM32F1xx_HAL_Driver/Inc -I../Drivers/CMSIS/Device/ST/STM32F1xx/Include -I../Drivers/CMSIS/Include -O0 -ffunction-sections -fdata-sections -Wall -fstack-usage -fcyclomatic-complexity -MMD -MP -MF"Core/Src/main.d" -MT"Core/Src/main.o" --specs=nano.specs -mfloat-abi=soft -mthumb -o "Core/Src/main.o"
../Core/Src/main.c: In function 'motionTrack':
../Core/Src/main.c:408:27: warning: comparison between 'GPIO_PinState' and 'enum <anonymous>' [-Wenum-compare]
  408 |         if(motionDetected == SET)
      |                           ^~
../Core/Src/main.c: In function 'gasTrack':
../Core/Src/main.c:433:25: warning: '0' flag ignored with precision and '%d' gnu_printf format [-Wformat=]
  433 |           sprintf(data, "current gas value: %0.2d\r\n", gasVal);
      |                         ^~~~~~~~~~~~~~~~~~~~~~~~~~~~~~
../Core/Src/main.c:433:49: warning: format '%d' expects argument of type 'int', but argument 3 has type 'double' [-Wformat=]
  433 |           sprintf(data, "current gas value: %0.2d\r\n", gasVal);
      |                                             ~~~~^       ~~~~~~
      |                                                 |       |
      |                                                 int     double
      |                                             %0.2f
arm-none-eabi-gcc -o "STMain.elf" @"objects.list"   -mcpu=cortex-m3 -T"C:\IotBuild\pes\STMain\STM32F103RBTX_FLASH.ld" --specs=nosys.specs -Wl,-Map="STMain.map" -Wl,--gc-sections -static --specs=nano.specs -mfloat-abi=soft -mthumb -u _printf_float -Wl,--start-group -lc -lm -Wl,--end-group
Finished building target: STMain.elf
 
arm-none-eabi-size  STMain.elf 
arm-none-eabi-objdump -h -S STMain.elf  > "STMain.list"
   text	   data	    bss	    dec	    hex	filename
  25664	    480	   4080	  30224	   7610	STMain.elf
Finished building: default.size.stdout
 
Finished building: STMain.list
 
13:35:49 **** Incremental Build of configuration Debug for project STMain ****
make -j8 all 
arm-none-eabi-gcc "../Core/Src/main.c" -mcpu=cortex-m3 -std=gnu11 -g3 -DDEBUG -DUSE_HAL_DRIVER -DSTM32F103xB -c -I../Core/Inc -I../Drivers/STM32F1xx_HAL_Driver/Inc/Legacy -I../Drivers/STM32F1xx_HAL_Driver/Inc -I../Drivers/CMSIS/Device/ST/STM32F1xx/Include -I../Drivers/CMSIS/Include -O0 -ffunction-sections -fdata-sections -Wall -fstack-usage -fcyclomatic-complexity -MMD -MP -MF"Core/Src/main.d" -MT"Core/Src/main.o" --specs=nano.specs -mfloat-abi=soft -mthumb -o "Core/Src/main.o"
../Core/Src/main.c: In function 'motionTrack':
../Core/Src/main.c:408:27: warning: comparison between 'GPIO_PinState' and 'enum <anonymous>' [-Wenum-compare]
  408 |         if(motionDetected == SET)
      |                           ^~
../Core/Src/main.c: In function 'gasTrack':
../Core/Src/main.c:433:25: warning: '0' flag ignored with precision and '%d' gnu_printf format [-Wformat=]
  433 |           sprintf(data, "current gas value: %0.2d\r\n", gasVal);
      |                         ^~~~~~~~~~~~~~~~~~~~~~~~~~~~~~
../Core/Src/main.c:433:49: warning: format '%d' expects argument of type 'int', but argument 3 has type 'double' [-Wformat=]
  433 |           sprintf(data, "current gas value: %0.2d\r\n", gasVal);
      |                                             ~~~~^       ~~~~~~
      |                                                 |       |
      |                                                 int     double
      |                                             %0.2f
arm-none-eabi-gcc -o "STMain.elf" @"objects.list"   -mcpu=cortex-m3 -T"C:\IotBuild\pes\STMain\STM32F103RBTX_FLASH.ld" --specs=nosys.specs -Wl,-Map="STMain.map" -Wl,--gc-sections -static --specs=nano.specs -mfloat-abi=soft -mthumb -u _printf_float -Wl,--start-group -lc -lm -Wl,--end-group
Finished building target: STMain.elf
 
arm-none-eabi-size  STMain.elf 
arm-none-eabi-objdump -h -S STMain.elf  > "STMain.list"
   text	   data	    bss	    dec	    hex	filename
  25664	    480	   4080	  30224	   7610	STMain.elf
Finished building: default.size.stdout
 
Finished building: STMain.list
 
