10:23:45 **** Clean-only build of configuration Debug for project STMain ****
make -j8 clean 
rm -rf ./Drivers/STM32F1xx_HAL_Driver/Src/stm32f1xx_hal.cyclo ./Drivers/STM32F1xx_HAL_Driver/Src/stm32f1xx_hal.d ./Drivers/STM32F1xx_HAL_Driver/Src/stm32f1xx_hal.o ./Drivers/STM32F1xx_HAL_Driver/Src/stm32f1xx_hal.su ./Drivers/STM32F1xx_HAL_Driver/Src/stm32f1xx_hal_adc.cyclo ./Drivers/STM32F1xx_HAL_Driver/Src/stm32f1xx_hal_adc.d ./Drivers/STM32F1xx_HAL_Driver/Src/stm32f1xx_hal_adc.o ./Drivers/STM32F1xx_HAL_Driver/Src/stm32f1xx_hal_adc.su ./Drivers/STM32F1xx_HAL_Driver/Src/stm32f1xx_hal_adc_ex.cyclo ./Drivers/STM32F1xx_HAL_Driver/Src/stm32f1xx_hal_adc_ex.d ./Drivers/STM32F1xx_HAL_Driver/Src/stm32f1xx_hal_adc_ex.o ./Drivers/STM32F1xx_HAL_Driver/Src/stm32f1xx_hal_adc_ex.su ./Drivers/STM32F1xx_HAL_Driver/Src/stm32f1xx_hal_cortex.cyclo ./Drivers/STM32F1xx_HAL_Driver/Src/stm32f1xx_hal_cortex.d ./Drivers/STM32F1xx_HAL_Driver/Src/stm32f1xx_hal_cortex.o ./Drivers/STM32F1xx_HAL_Driver/Src/stm32f1xx_hal_cortex.su ./Drivers/STM32F1xx_HAL_Driver/Src/stm32f1xx_hal_dma.cyclo ./Drivers/STM32F1xx_HAL_Driver/Src/stm32f1xx_hal_dma.d ./Drivers/STM32F1xx_HAL_Driver/Src/stm32f1xx_hal_dma.o ./Drivers/STM32F1xx_HAL_Driver/Src/stm32f1xx_hal_dma.su ./Drivers/STM32F1xx_HAL_Driver/Src/stm32f1xx_hal_exti.cyclo ./Drivers/STM32F1xx_HAL_Driver/Src/stm32f1xx_hal_exti.d ./Drivers/STM32F1xx_HAL_Driver/Src/stm32f1xx_hal_exti.o ./Drivers/STM32F1xx_HAL_Driver/Src/stm32f1xx_hal_exti.su ./Drivers/STM32F1xx_HAL_Driver/Src/stm32f1xx_hal_flash.cyclo ./Drivers/STM32F1xx_HAL_Driver/Src/stm32f1xx_hal_flash.d ./Drivers/STM32F1xx_HAL_Driver/Src/stm32f1xx_hal_flash.o ./Drivers/STM32F1xx_HAL_Driver/Src/stm32f1xx_hal_flash.su ./Drivers/STM32F1xx_HAL_Driver/Src/stm32f1xx_hal_flash_ex.cyclo ./Drivers/STM32F1xx_HAL_Driver/Src/stm32f1xx_hal_flash_ex.d ./Drivers/STM32F1xx_HAL_Driver/Src/stm32f1xx_hal_flash_ex.o ./Drivers/STM32F1xx_HAL_Driver/Src/stm32f1xx_hal_flash_ex.su ./Drivers/STM32F1xx_HAL_Driver/Src/stm32f1xx_hal_gpio.cyclo ./Drivers/STM32F1xx_HAL_Driver/Src/stm32f1xx_hal_gpio.d ./Drivers/STM32F1xx_HAL_Driver/Src/stm32f1xx_hal_gpio.o ./Drivers/STM32F1xx_HAL_Driver/Src/stm32f1xx_hal_gpio.su ./Drivers/STM32F1xx_HAL_Driver/Src/stm32f1xx_hal_gpio_ex.cyclo ./Drivers/STM32F1xx_HAL_Driver/Src/stm32f1xx_hal_gpio_ex.d ./Drivers/STM32F1xx_HAL_Driver/Src/stm32f1xx_hal_gpio_ex.o ./Drivers/STM32F1xx_HAL_Driver/Src/stm32f1xx_hal_gpio_ex.su ./Drivers/STM32F1xx_HAL_Driver/Src/stm32f1xx_hal_pwr.cyclo ./Drivers/STM32F1xx_HAL_Driver/Src/stm32f1xx_hal_pwr.d ./Drivers/STM32F1xx_HAL_Driver/Src/stm32f1xx_hal_pwr.o ./Drivers/STM32F1xx_HAL_Driver/Src/stm32f1xx_hal_pwr.su ./Drivers/STM32F1xx_HAL_Driver/Src/stm32f1xx_hal_rcc.cyclo ./Drivers/STM32F1xx_HAL_Driver/Src/stm32f1xx_hal_rcc.d ./Drivers/STM32F1xx_HAL_Driver/Src/stm32f1xx_hal_rcc.o ./Drivers/STM32F1xx_HAL_Driver/Src/stm32f1xx_hal_rcc.su ./Drivers/STM32F1xx_HAL_Driver/Src/stm32f1xx_hal_rcc_ex.cyclo ./Drivers/STM32F1xx_HAL_Driver/Src/stm32f1xx_hal_rcc_ex.d ./Drivers/STM32F1xx_HAL_Driver/Src/stm32f1xx_hal_rcc_ex.o ./Drivers/STM32F1xx_HAL_Driver/Src/stm32f1xx_hal_rcc_ex.su ./Drivers/STM32F1xx_HAL_Driver/Src/stm32f1xx_hal_tim.cyclo ./Drivers/STM32F1xx_HAL_Driver/Src/stm32f1xx_hal_tim.d ./Drivers/STM32F1xx_HAL_Driver/Src/stm32f1xx_hal_tim.o ./Drivers/STM32F1xx_HAL_Driver/Src/stm32f1xx_hal_tim.su ./Drivers/STM32F1xx_HAL_Driver/Src/stm32f1xx_hal_tim_ex.cyclo ./Drivers/STM32F1xx_HAL_Driver/Src/stm32f1xx_hal_tim_ex.d ./Drivers/STM32F1xx_HAL_Driver/Src/stm32f1xx_hal_tim_ex.o ./Drivers/STM32F1xx_HAL_Driver/Src/stm32f1xx_hal_tim_ex.su ./Drivers/STM32F1xx_HAL_Driver/Src/stm32f1xx_hal_uart.cyclo ./Drivers/STM32F1xx_HAL_Driver/Src/stm32f1xx_hal_uart.d ./Drivers/STM32F1xx_HAL_Driver/Src/stm32f1xx_hal_uart.o ./Drivers/STM32F1xx_HAL_Driver/Src/stm32f1xx_hal_uart.su
rm -rf ./Core/Startup/startup_stm32f103rbtx.d ./Core/Startup/startup_stm32f103rbtx.o
rm -rf ./Core/Src/main.cyclo ./Core/Src/main.d ./Core/Src/main.o ./Core/Src/main.su ./Core/Src/stm32f1xx_hal_msp.cyclo ./Core/Src/stm32f1xx_hal_msp.d ./Core/Src/stm32f1xx_hal_msp.o ./Core/Src/stm32f1xx_hal_msp.su ./Core/Src/stm32f1xx_it.cyclo ./Core/Src/stm32f1xx_it.d ./Core/Src/stm32f1xx_it.o ./Core/Src/stm32f1xx_it.su ./Core/Src/syscalls.cyclo ./Core/Src/syscalls.d ./Core/Src/syscalls.o ./Core/Src/syscalls.su ./Core/Src/sysmem.cyclo ./Core/Src/sysmem.d ./Core/Src/sysmem.o ./Core/Src/sysmem.su ./Core/Src/system_stm32f1xx.cyclo ./Core/Src/system_stm32f1xx.d ./Core/Src/system_stm32f1xx.o ./Core/Src/system_stm32f1xx.su
rm -rf STMain.elf STMain.list STMain.map default.size.stdout
 
10:23:50 **** Build of configuration Debug for project STMain ****
make -j8 all 
arm-none-eabi-gcc "../Drivers/STM32F1xx_HAL_Driver/Src/stm32f1xx_hal.c" -mcpu=cortex-m3 -std=gnu11 -g3 -DDEBUG -DUSE_HAL_DRIVER -DSTM32F103xB -c -I../Core/Inc -I../Drivers/STM32F1xx_HAL_Driver/Inc/Legacy -I../Drivers/STM32F1xx_HAL_Driver/Inc -I../Drivers/CMSIS/Device/ST/STM32F1xx/Include -I../Drivers/CMSIS/Include -O0 -ffunction-sections -fdata-sections -Wall -fstack-usage -fcyclomatic-complexity -MMD -MP -MF"Drivers/STM32F1xx_HAL_Driver/Src/stm32f1xx_hal.d" -MT"Drivers/STM32F1xx_HAL_Driver/Src/stm32f1xx_hal.o" --specs=nano.specs -mfloat-abi=soft -mthumb -o "Drivers/STM32F1xx_HAL_Driver/Src/stm32f1xx_hal.o"
arm-none-eabi-gcc "../Drivers/STM32F1xx_HAL_Driver/Src/stm32f1xx_hal_adc.c" -mcpu=cortex-m3 -std=gnu11 -g3 -DDEBUG -DUSE_HAL_DRIVER -DSTM32F103xB -c -I../Core/Inc -I../Drivers/STM32F1xx_HAL_Driver/Inc/Legacy -I../Drivers/STM32F1xx_HAL_Driver/Inc -I../Drivers/CMSIS/Device/ST/STM32F1xx/Include -I../Drivers/CMSIS/Include -O0 -ffunction-sections -fdata-sections -Wall -fstack-usage -fcyclomatic-complexity -MMD -MP -MF"Drivers/STM32F1xx_HAL_Driver/Src/stm32f1xx_hal_adc.d" -MT"Drivers/STM32F1xx_HAL_Driver/Src/stm32f1xx_hal_adc.o" --specs=nano.specs -mfloat-abi=soft -mthumb -o "Drivers/STM32F1xx_HAL_Driver/Src/stm32f1xx_hal_adc.o"
arm-none-eabi-gcc "../Drivers/STM32F1xx_HAL_Driver/Src/stm32f1xx_hal_adc_ex.c" -mcpu=cortex-m3 -std=gnu11 -g3 -DDEBUG -DUSE_HAL_DRIVER -DSTM32F103xB -c -I../Core/Inc -I../Drivers/STM32F1xx_HAL_Driver/Inc/Legacy -I../Drivers/STM32F1xx_HAL_Driver/Inc -I../Drivers/CMSIS/Device/ST/STM32F1xx/Include -I../Drivers/CMSIS/Include -O0 -ffunction-sections -fdata-sections -Wall -fstack-usage -fcyclomatic-complexity -MMD -MP -MF"Drivers/STM32F1xx_HAL_Driver/Src/stm32f1xx_hal_adc_ex.d" -MT"Drivers/STM32F1xx_HAL_Driver/Src/stm32f1xx_hal_adc_ex.o" --specs=nano.specs -mfloat-abi=soft -mthumb -o "Drivers/STM32F1xx_HAL_Driver/Src/stm32f1xx_hal_adc_ex.o"
arm-none-eabi-gcc "../Drivers/STM32F1xx_HAL_Driver/Src/stm32f1xx_hal_cortex.c" -mcpu=cortex-m3 -std=gnu11 -g3 -DDEBUG -DUSE_HAL_DRIVER -DSTM32F103xB -c -I../Core/Inc -I../Drivers/STM32F1xx_HAL_Driver/Inc/Legacy -I../Drivers/STM32F1xx_HAL_Driver/Inc -I../Drivers/CMSIS/Device/ST/STM32F1xx/Include -I../Drivers/CMSIS/Include -O0 -ffunction-sections -fdata-sections -Wall -fstack-usage -fcyclomatic-complexity -MMD -MP -MF"Drivers/STM32F1xx_HAL_Driver/Src/stm32f1xx_hal_cortex.d" -MT"Drivers/STM32F1xx_HAL_Driver/Src/stm32f1xx_hal_cortex.o" --specs=nano.specs -mfloat-abi=soft -mthumb -o "Drivers/STM32F1xx_HAL_Driver/Src/stm32f1xx_hal_cortex.o"
arm-none-eabi-gcc "../Drivers/STM32F1xx_HAL_Driver/Src/stm32f1xx_hal_dma.c" -mcpu=cortex-m3 -std=gnu11 -g3 -DDEBUG -DUSE_HAL_DRIVER -DSTM32F103xB -c -I../Core/Inc -I../Drivers/STM32F1xx_HAL_Driver/Inc/Legacy -I../Drivers/STM32F1xx_HAL_Driver/Inc -I../Drivers/CMSIS/Device/ST/STM32F1xx/Include -I../Drivers/CMSIS/Include -O0 -ffunction-sections -fdata-sections -Wall -fstack-usage -fcyclomatic-complexity -MMD -MP -MF"Drivers/STM32F1xx_HAL_Driver/Src/stm32f1xx_hal_dma.d" -MT"Drivers/STM32F1xx_HAL_Driver/Src/stm32f1xx_hal_dma.o" --specs=nano.specs -mfloat-abi=soft -mthumb -o "Drivers/STM32F1xx_HAL_Driver/Src/stm32f1xx_hal_dma.o"
arm-none-eabi-gcc "../Drivers/STM32F1xx_HAL_Driver/Src/stm32f1xx_hal_exti.c" -mcpu=cortex-m3 -std=gnu11 -g3 -DDEBUG -DUSE_HAL_DRIVER -DSTM32F103xB -c -I../Core/Inc -I../Drivers/STM32F1xx_HAL_Driver/Inc/Legacy -I../Drivers/STM32F1xx_HAL_Driver/Inc -I../Drivers/CMSIS/Device/ST/STM32F1xx/Include -I../Drivers/CMSIS/Include -O0 -ffunction-sections -fdata-sections -Wall -fstack-usage -fcyclomatic-complexity -MMD -MP -MF"Drivers/STM32F1xx_HAL_Driver/Src/stm32f1xx_hal_exti.d" -MT"Drivers/STM32F1xx_HAL_Driver/Src/stm32f1xx_hal_exti.o" --specs=nano.specs -mfloat-abi=soft -mthumb -o "Drivers/STM32F1xx_HAL_Driver/Src/stm32f1xx_hal_exti.o"
arm-none-eabi-gcc "../Drivers/STM32F1xx_HAL_Driver/Src/stm32f1xx_hal_flash.c" -mcpu=cortex-m3 -std=gnu11 -g3 -DDEBUG -DUSE_HAL_DRIVER -DSTM32F103xB -c -I../Core/Inc -I../Drivers/STM32F1xx_HAL_Driver/Inc/Legacy -I../Drivers/STM32F1xx_HAL_Driver/Inc -I../Drivers/CMSIS/Device/ST/STM32F1xx/Include -I../Drivers/CMSIS/Include -O0 -ffunction-sections -fdata-sections -Wall -fstack-usage -fcyclomatic-complexity -MMD -MP -MF"Drivers/STM32F1xx_HAL_Driver/Src/stm32f1xx_hal_flash.d" -MT"Drivers/STM32F1xx_HAL_Driver/Src/stm32f1xx_hal_flash.o" --specs=nano.specs -mfloat-abi=soft -mthumb -o "Drivers/STM32F1xx_HAL_Driver/Src/stm32f1xx_hal_flash.o"
arm-none-eabi-gcc "../Drivers/STM32F1xx_HAL_Driver/Src/stm32f1xx_hal_flash_ex.c" -mcpu=cortex-m3 -std=gnu11 -g3 -DDEBUG -DUSE_HAL_DRIVER -DSTM32F103xB -c -I../Core/Inc -I../Drivers/STM32F1xx_HAL_Driver/Inc/Legacy -I../Drivers/STM32F1xx_HAL_Driver/Inc -I../Drivers/CMSIS/Device/ST/STM32F1xx/Include -I../Drivers/CMSIS/Include -O0 -ffunction-sections -fdata-sections -Wall -fstack-usage -fcyclomatic-complexity -MMD -MP -MF"Drivers/STM32F1xx_HAL_Driver/Src/stm32f1xx_hal_flash_ex.d" -MT"Drivers/STM32F1xx_HAL_Driver/Src/stm32f1xx_hal_flash_ex.o" --specs=nano.specs -mfloat-abi=soft -mthumb -o "Drivers/STM32F1xx_HAL_Driver/Src/stm32f1xx_hal_flash_ex.o"
arm-none-eabi-gcc "../Drivers/STM32F1xx_HAL_Driver/Src/stm32f1xx_hal_gpio.c" -mcpu=cortex-m3 -std=gnu11 -g3 -DDEBUG -DUSE_HAL_DRIVER -DSTM32F103xB -c -I../Core/Inc -I../Drivers/STM32F1xx_HAL_Driver/Inc/Legacy -I../Drivers/STM32F1xx_HAL_Driver/Inc -I../Drivers/CMSIS/Device/ST/STM32F1xx/Include -I../Drivers/CMSIS/Include -O0 -ffunction-sections -fdata-sections -Wall -fstack-usage -fcyclomatic-complexity -MMD -MP -MF"Drivers/STM32F1xx_HAL_Driver/Src/stm32f1xx_hal_gpio.d" -MT"Drivers/STM32F1xx_HAL_Driver/Src/stm32f1xx_hal_gpio.o" --specs=nano.specs -mfloat-abi=soft -mthumb -o "Drivers/STM32F1xx_HAL_Driver/Src/stm32f1xx_hal_gpio.o"
arm-none-eabi-gcc "../Drivers/STM32F1xx_HAL_Driver/Src/stm32f1xx_hal_gpio_ex.c" -mcpu=cortex-m3 -std=gnu11 -g3 -DDEBUG -DUSE_HAL_DRIVER -DSTM32F103xB -c -I../Core/Inc -I../Drivers/STM32F1xx_HAL_Driver/Inc/Legacy -I../Drivers/STM32F1xx_HAL_Driver/Inc -I../Drivers/CMSIS/Device/ST/STM32F1xx/Include -I../Drivers/CMSIS/Include -O0 -ffunction-sections -fdata-sections -Wall -fstack-usage -fcyclomatic-complexity -MMD -MP -MF"Drivers/STM32F1xx_HAL_Driver/Src/stm32f1xx_hal_gpio_ex.d" -MT"Drivers/STM32F1xx_HAL_Driver/Src/stm32f1xx_hal_gpio_ex.o" --specs=nano.specs -mfloat-abi=soft -mthumb -o "Drivers/STM32F1xx_HAL_Driver/Src/stm32f1xx_hal_gpio_ex.o"
arm-none-eabi-gcc "../Drivers/STM32F1xx_HAL_Driver/Src/stm32f1xx_hal_pwr.c" -mcpu=cortex-m3 -std=gnu11 -g3 -DDEBUG -DUSE_HAL_DRIVER -DSTM32F103xB -c -I../Core/Inc -I../Drivers/STM32F1xx_HAL_Driver/Inc/Legacy -I../Drivers/STM32F1xx_HAL_Driver/Inc -I../Drivers/CMSIS/Device/ST/STM32F1xx/Include -I../Drivers/CMSIS/Include -O0 -ffunction-sections -fdata-sections -Wall -fstack-usage -fcyclomatic-complexity -MMD -MP -MF"Drivers/STM32F1xx_HAL_Driver/Src/stm32f1xx_hal_pwr.d" -MT"Drivers/STM32F1xx_HAL_Driver/Src/stm32f1xx_hal_pwr.o" --specs=nano.specs -mfloat-abi=soft -mthumb -o "Drivers/STM32F1xx_HAL_Driver/Src/stm32f1xx_hal_pwr.o"
arm-none-eabi-gcc "../Drivers/STM32F1xx_HAL_Driver/Src/stm32f1xx_hal_rcc.c" -mcpu=cortex-m3 -std=gnu11 -g3 -DDEBUG -DUSE_HAL_DRIVER -DSTM32F103xB -c -I../Core/Inc -I../Drivers/STM32F1xx_HAL_Driver/Inc/Legacy -I../Drivers/STM32F1xx_HAL_Driver/Inc -I../Drivers/CMSIS/Device/ST/STM32F1xx/Include -I../Drivers/CMSIS/Include -O0 -ffunction-sections -fdata-sections -Wall -fstack-usage -fcyclomatic-complexity -MMD -MP -MF"Drivers/STM32F1xx_HAL_Driver/Src/stm32f1xx_hal_rcc.d" -MT"Drivers/STM32F1xx_HAL_Driver/Src/stm32f1xx_hal_rcc.o" --specs=nano.specs -mfloat-abi=soft -mthumb -o "Drivers/STM32F1xx_HAL_Driver/Src/stm32f1xx_hal_rcc.o"
arm-none-eabi-gcc "../Drivers/STM32F1xx_HAL_Driver/Src/stm32f1xx_hal_rcc_ex.c" -mcpu=cortex-m3 -std=gnu11 -g3 -DDEBUG -DUSE_HAL_DRIVER -DSTM32F103xB -c -I../Core/Inc -I../Drivers/STM32F1xx_HAL_Driver/Inc/Legacy -I../Drivers/STM32F1xx_HAL_Driver/Inc -I../Drivers/CMSIS/Device/ST/STM32F1xx/Include -I../Drivers/CMSIS/Include -O0 -ffunction-sections -fdata-sections -Wall -fstack-usage -fcyclomatic-complexity -MMD -MP -MF"Drivers/STM32F1xx_HAL_Driver/Src/stm32f1xx_hal_rcc_ex.d" -MT"Drivers/STM32F1xx_HAL_Driver/Src/stm32f1xx_hal_rcc_ex.o" --specs=nano.specs -mfloat-abi=soft -mthumb -o "Drivers/STM32F1xx_HAL_Driver/Src/stm32f1xx_hal_rcc_ex.o"
arm-none-eabi-gcc "../Drivers/STM32F1xx_HAL_Driver/Src/stm32f1xx_hal_tim.c" -mcpu=cortex-m3 -std=gnu11 -g3 -DDEBUG -DUSE_HAL_DRIVER -DSTM32F103xB -c -I../Core/Inc -I../Drivers/STM32F1xx_HAL_Driver/Inc/Legacy -I../Drivers/STM32F1xx_HAL_Driver/Inc -I../Drivers/CMSIS/Device/ST/STM32F1xx/Include -I../Drivers/CMSIS/Include -O0 -ffunction-sections -fdata-sections -Wall -fstack-usage -fcyclomatic-complexity -MMD -MP -MF"Drivers/STM32F1xx_HAL_Driver/Src/stm32f1xx_hal_tim.d" -MT"Drivers/STM32F1xx_HAL_Driver/Src/stm32f1xx_hal_tim.o" --specs=nano.specs -mfloat-abi=soft -mthumb -o "Drivers/STM32F1xx_HAL_Driver/Src/stm32f1xx_hal_tim.o"
arm-none-eabi-gcc "../Drivers/STM32F1xx_HAL_Driver/Src/stm32f1xx_hal_tim_ex.c" -mcpu=cortex-m3 -std=gnu11 -g3 -DDEBUG -DUSE_HAL_DRIVER -DSTM32F103xB -c -I../Core/Inc -I../Drivers/STM32F1xx_HAL_Driver/Inc/Legacy -I../Drivers/STM32F1xx_HAL_Driver/Inc -I../Drivers/CMSIS/Device/ST/STM32F1xx/Include -I../Drivers/CMSIS/Include -O0 -ffunction-sections -fdata-sections -Wall -fstack-usage -fcyclomatic-complexity -MMD -MP -MF"Drivers/STM32F1xx_HAL_Driver/Src/stm32f1xx_hal_tim_ex.d" -MT"Drivers/STM32F1xx_HAL_Driver/Src/stm32f1xx_hal_tim_ex.o" --specs=nano.specs -mfloat-abi=soft -mthumb -o "Drivers/STM32F1xx_HAL_Driver/Src/stm32f1xx_hal_tim_ex.o"
arm-none-eabi-gcc "../Drivers/STM32F1xx_HAL_Driver/Src/stm32f1xx_hal_uart.c" -mcpu=cortex-m3 -std=gnu11 -g3 -DDEBUG -DUSE_HAL_DRIVER -DSTM32F103xB -c -I../Core/Inc -I../Drivers/STM32F1xx_HAL_Driver/Inc/Legacy -I../Drivers/STM32F1xx_HAL_Driver/Inc -I../Drivers/CMSIS/Device/ST/STM32F1xx/Include -I../Drivers/CMSIS/Include -O0 -ffunction-sections -fdata-sections -Wall -fstack-usage -fcyclomatic-complexity -MMD -MP -MF"Drivers/STM32F1xx_HAL_Driver/Src/stm32f1xx_hal_uart.d" -MT"Drivers/STM32F1xx_HAL_Driver/Src/stm32f1xx_hal_uart.o" --specs=nano.specs -mfloat-abi=soft -mthumb -o "Drivers/STM32F1xx_HAL_Driver/Src/stm32f1xx_hal_uart.o"
arm-none-eabi-gcc -mcpu=cortex-m3 -g3 -DDEBUG -c -x assembler-with-cpp -MMD -MP -MF"Core/Startup/startup_stm32f103rbtx.d" -MT"Core/Startup/startup_stm32f103rbtx.o" --specs=nano.specs -mfloat-abi=soft -mthumb -o "Core/Startup/startup_stm32f103rbtx.o" "../Core/Startup/startup_stm32f103rbtx.s"
arm-none-eabi-gcc "../Core/Src/main.c" -mcpu=cortex-m3 -std=gnu11 -g3 -DDEBUG -DUSE_HAL_DRIVER -DSTM32F103xB -c -I../Core/Inc -I../Drivers/STM32F1xx_HAL_Driver/Inc/Legacy -I../Drivers/STM32F1xx_HAL_Driver/Inc -I../Drivers/CMSIS/Device/ST/STM32F1xx/Include -I../Drivers/CMSIS/Include -O0 -ffunction-sections -fdata-sections -Wall -fstack-usage -fcyclomatic-complexity -MMD -MP -MF"Core/Src/main.d" -MT"Core/Src/main.o" --specs=nano.specs -mfloat-abi=soft -mthumb -o "Core/Src/main.o"
arm-none-eabi-gcc "../Core/Src/stm32f1xx_hal_msp.c" -mcpu=cortex-m3 -std=gnu11 -g3 -DDEBUG -DUSE_HAL_DRIVER -DSTM32F103xB -c -I../Core/Inc -I../Drivers/STM32F1xx_HAL_Driver/Inc/Legacy -I../Drivers/STM32F1xx_HAL_Driver/Inc -I../Drivers/CMSIS/Device/ST/STM32F1xx/Include -I../Drivers/CMSIS/Include -O0 -ffunction-sections -fdata-sections -Wall -fstack-usage -fcyclomatic-complexity -MMD -MP -MF"Core/Src/stm32f1xx_hal_msp.d" -MT"Core/Src/stm32f1xx_hal_msp.o" --specs=nano.specs -mfloat-abi=soft -mthumb -o "Core/Src/stm32f1xx_hal_msp.o"
arm-none-eabi-gcc "../Core/Src/stm32f1xx_it.c" -mcpu=cortex-m3 -std=gnu11 -g3 -DDEBUG -DUSE_HAL_DRIVER -DSTM32F103xB -c -I../Core/Inc -I../Drivers/STM32F1xx_HAL_Driver/Inc/Legacy -I../Drivers/STM32F1xx_HAL_Driver/Inc -I../Drivers/CMSIS/Device/ST/STM32F1xx/Include -I../Drivers/CMSIS/Include -O0 -ffunction-sections -fdata-sections -Wall -fstack-usage -fcyclomatic-complexity -MMD -MP -MF"Core/Src/stm32f1xx_it.d" -MT"Core/Src/stm32f1xx_it.o" --specs=nano.specs -mfloat-abi=soft -mthumb -o "Core/Src/stm32f1xx_it.o"
arm-none-eabi-gcc "../Core/Src/syscalls.c" -mcpu=cortex-m3 -std=gnu11 -g3 -DDEBUG -DUSE_HAL_DRIVER -DSTM32F103xB -c -I../Core/Inc -I../Drivers/STM32F1xx_HAL_Driver/Inc/Legacy -I../Drivers/STM32F1xx_HAL_Driver/Inc -I../Drivers/CMSIS/Device/ST/STM32F1xx/Include -I../Drivers/CMSIS/Include -O0 -ffunction-sections -fdata-sections -Wall -fstack-usage -fcyclomatic-complexity -MMD -MP -MF"Core/Src/syscalls.d" -MT"Core/Src/syscalls.o" --specs=nano.specs -mfloat-abi=soft -mthumb -o "Core/Src/syscalls.o"
arm-none-eabi-gcc "../Core/Src/sysmem.c" -mcpu=cortex-m3 -std=gnu11 -g3 -DDEBUG -DUSE_HAL_DRIVER -DSTM32F103xB -c -I../Core/Inc -I../Drivers/STM32F1xx_HAL_Driver/Inc/Legacy -I../Drivers/STM32F1xx_HAL_Driver/Inc -I../Drivers/CMSIS/Device/ST/STM32F1xx/Include -I../Drivers/CMSIS/Include -O0 -ffunction-sections -fdata-sections -Wall -fstack-usage -fcyclomatic-complexity -MMD -MP -MF"Core/Src/sysmem.d" -MT"Core/Src/sysmem.o" --specs=nano.specs -mfloat-abi=soft -mthumb -o "Core/Src/sysmem.o"
arm-none-eabi-gcc "../Core/Src/system_stm32f1xx.c" -mcpu=cortex-m3 -std=gnu11 -g3 -DDEBUG -DUSE_HAL_DRIVER -DSTM32F103xB -c -I../Core/Inc -I../Drivers/STM32F1xx_HAL_Driver/Inc/Legacy -I../Drivers/STM32F1xx_HAL_Driver/Inc -I../Drivers/CMSIS/Device/ST/STM32F1xx/Include -I../Drivers/CMSIS/Include -O0 -ffunction-sections -fdata-sections -Wall -fstack-usage -fcyclomatic-complexity -MMD -MP -MF"Core/Src/system_stm32f1xx.d" -MT"Core/Src/system_stm32f1xx.o" --specs=nano.specs -mfloat-abi=soft -mthumb -o "Core/Src/system_stm32f1xx.o"
../Core/Src/main.c: In function 'main':
../Core/Src/main.c:156:19: warning: unused variable 'safeRun' [-Wunused-variable]
  156 |     StatusTypeDef safeRun;
      |                   ^~~~~~~
../Core/Src/main.c: In function 'motionTrack':
../Core/Src/main.c:552:27: warning: comparison between 'GPIO_PinState' and 'enum <anonymous>' [-Wenum-compare]
  552 |         if(motionDetected == SET)
      |                           ^~
../Core/Src/main.c: In function 'gasTrack':
../Core/Src/main.c:577:25: warning: '0' flag ignored with precision and '%d' gnu_printf format [-Wformat=]
  577 |           sprintf(data, "current gas value: %0.2d\r\n", gasVal);
      |                         ^~~~~~~~~~~~~~~~~~~~~~~~~~~~~~
../Core/Src/main.c:577:49: warning: format '%d' expects argument of type 'int', but argument 3 has type 'double' [-Wformat=]
  577 |           sprintf(data, "current gas value: %0.2d\r\n", gasVal);
      |                                             ~~~~^       ~~~~~~
      |                                                 |       |
      |                                                 int     double
      |                                             %0.2f
../Core/Src/main.c: In function 'SleepMode':
../Core/Src/main.c:493:1: warning: control reaches end of non-void function [-Wreturn-type]
  493 | }
      | ^
../Core/Src/main.c: In function 'WakeUPMode':
../Core/Src/main.c:498:1: warning: control reaches end of non-void function [-Wreturn-type]
  498 | }
      | ^
arm-none-eabi-gcc -o "STMain.elf" @"objects.list"   -mcpu=cortex-m3 -T"C:\IotBuild\pes\STMain\STM32F103RBTX_FLASH.ld" --specs=nosys.specs -Wl,-Map="STMain.map" -Wl,--gc-sections -static --specs=nano.specs -mfloat-abi=soft -mthumb -u _printf_float -Wl,--start-group -lc -lm -Wl,--end-group
Finished building target: STMain.elf
 
arm-none-eabi-size  STMain.elf 
arm-none-eabi-objdump -h -S STMain.elf  > "STMain.list"
   text	   data	    bss	    dec	    hex	filename
  25940	    476	   4084	  30500	   7724	STMain.elf
Finished building: default.size.stdout
 
Finished building: STMain.list
 
10:25:27 **** Incremental Build of configuration Debug for project STMain ****
make -j8 all 
arm-none-eabi-gcc "../Core/Src/main.c" -mcpu=cortex-m3 -std=gnu11 -g3 -DDEBUG -DUSE_HAL_DRIVER -DSTM32F103xB -c -I../Core/Inc -I../Drivers/STM32F1xx_HAL_Driver/Inc/Legacy -I../Drivers/STM32F1xx_HAL_Driver/Inc -I../Drivers/CMSIS/Device/ST/STM32F1xx/Include -I../Drivers/CMSIS/Include -O0 -ffunction-sections -fdata-sections -Wall -fstack-usage -fcyclomatic-complexity -MMD -MP -MF"Core/Src/main.d" -MT"Core/Src/main.o" --specs=nano.specs -mfloat-abi=soft -mthumb -o "Core/Src/main.o"
../Core/Src/main.c: In function 'main':
../Core/Src/main.c:157:19: warning: unused variable 'safeRun' [-Wunused-variable]
  157 |     StatusTypeDef safeRun;
      |                   ^~~~~~~
../Core/Src/main.c: In function 'motionTrack':
../Core/Src/main.c:553:27: warning: comparison between 'GPIO_PinState' and 'enum <anonymous>' [-Wenum-compare]
  553 |         if(motionDetected == SET)
      |                           ^~
../Core/Src/main.c: In function 'gasTrack':
../Core/Src/main.c:578:25: warning: '0' flag ignored with precision and '%d' gnu_printf format [-Wformat=]
  578 |           sprintf(data, "current gas value: %0.2d\r\n", gasVal);
      |                         ^~~~~~~~~~~~~~~~~~~~~~~~~~~~~~
../Core/Src/main.c:578:49: warning: format '%d' expects argument of type 'int', but argument 3 has type 'double' [-Wformat=]
  578 |           sprintf(data, "current gas value: %0.2d\r\n", gasVal);
      |                                             ~~~~^       ~~~~~~
      |                                                 |       |
      |                                                 int     double
      |                                             %0.2f
../Core/Src/main.c: In function 'SleepMode':
../Core/Src/main.c:494:1: warning: control reaches end of non-void function [-Wreturn-type]
  494 | }
      | ^
../Core/Src/main.c: In function 'WakeUPMode':
../Core/Src/main.c:499:1: warning: control reaches end of non-void function [-Wreturn-type]
  499 | }
      | ^
arm-none-eabi-gcc -o "STMain.elf" @"objects.list"   -mcpu=cortex-m3 -T"C:\IotBuild\pes\STMain\STM32F103RBTX_FLASH.ld" --specs=nosys.specs -Wl,-Map="STMain.map" -Wl,--gc-sections -static --specs=nano.specs -mfloat-abi=soft -mthumb -u _printf_float -Wl,--start-group -lc -lm -Wl,--end-group
Finished building target: STMain.elf
 
arm-none-eabi-size  STMain.elf 
arm-none-eabi-objdump -h -S STMain.elf  > "STMain.list"
   text	   data	    bss	    dec	    hex	filename
  25964	    476	   4084	  30524	   773c	STMain.elf
Finished building: default.size.stdout
 
Finished building: STMain.list
 
10:25:53 **** Incremental Build of configuration Debug for project STMain ****
make -j8 all 
arm-none-eabi-gcc "../Core/Src/main.c" -mcpu=cortex-m3 -std=gnu11 -g3 -DDEBUG -DUSE_HAL_DRIVER -DSTM32F103xB -c -I../Core/Inc -I../Drivers/STM32F1xx_HAL_Driver/Inc/Legacy -I../Drivers/STM32F1xx_HAL_Driver/Inc -I../Drivers/CMSIS/Device/ST/STM32F1xx/Include -I../Drivers/CMSIS/Include -O0 -ffunction-sections -fdata-sections -Wall -fstack-usage -fcyclomatic-complexity -MMD -MP -MF"Core/Src/main.d" -MT"Core/Src/main.o" --specs=nano.specs -mfloat-abi=soft -mthumb -o "Core/Src/main.o"
../Core/Src/main.c: In function 'main':
../Core/Src/main.c:157:19: warning: unused variable 'safeRun' [-Wunused-variable]
  157 |     StatusTypeDef safeRun;
      |                   ^~~~~~~
../Core/Src/main.c: In function 'motionTrack':
../Core/Src/main.c:553:27: warning: comparison between 'GPIO_PinState' and 'enum <anonymous>' [-Wenum-compare]
  553 |         if(motionDetected == SET)
      |                           ^~
../Core/Src/main.c: In function 'gasTrack':
../Core/Src/main.c:578:25: warning: '0' flag ignored with precision and '%d' gnu_printf format [-Wformat=]
  578 |           sprintf(data, "current gas value: %0.2d\r\n", gasVal);
      |                         ^~~~~~~~~~~~~~~~~~~~~~~~~~~~~~
../Core/Src/main.c:578:49: warning: format '%d' expects argument of type 'int', but argument 3 has type 'double' [-Wformat=]
  578 |           sprintf(data, "current gas value: %0.2d\r\n", gasVal);
      |                                             ~~~~^       ~~~~~~
      |                                                 |       |
      |                                                 int     double
      |                                             %0.2f
../Core/Src/main.c: In function 'SleepMode':
../Core/Src/main.c:494:1: warning: control reaches end of non-void function [-Wreturn-type]
  494 | }
      | ^
../Core/Src/main.c: In function 'WakeUPMode':
../Core/Src/main.c:499:1: warning: control reaches end of non-void function [-Wreturn-type]
  499 | }
      | ^
arm-none-eabi-gcc -o "STMain.elf" @"objects.list"   -mcpu=cortex-m3 -T"C:\IotBuild\pes\STMain\STM32F103RBTX_FLASH.ld" --specs=nosys.specs -Wl,-Map="STMain.map" -Wl,--gc-sections -static --specs=nano.specs -mfloat-abi=soft -mthumb -u _printf_float -Wl,--start-group -lc -lm -Wl,--end-group
Finished building target: STMain.elf
 
arm-none-eabi-size  STMain.elf 
arm-none-eabi-objdump -h -S STMain.elf  > "STMain.list"
   text	   data	    bss	    dec	    hex	filename
  25964	    476	   4084	  30524	   773c	STMain.elf
Finished building: default.size.stdout
 
Finished building: STMain.list
 
10:26:38 **** Incremental Build of configuration Debug for project STMain ****
make -j8 all 
arm-none-eabi-gcc "../Core/Src/main.c" -mcpu=cortex-m3 -std=gnu11 -g3 -DDEBUG -DUSE_HAL_DRIVER -DSTM32F103xB -c -I../Core/Inc -I../Drivers/STM32F1xx_HAL_Driver/Inc/Legacy -I../Drivers/STM32F1xx_HAL_Driver/Inc -I../Drivers/CMSIS/Device/ST/STM32F1xx/Include -I../Drivers/CMSIS/Include -O0 -ffunction-sections -fdata-sections -Wall -fstack-usage -fcyclomatic-complexity -MMD -MP -MF"Core/Src/main.d" -MT"Core/Src/main.o" --specs=nano.specs -mfloat-abi=soft -mthumb -o "Core/Src/main.o"
../Core/Src/main.c: In function 'main':
../Core/Src/main.c:157:19: warning: variable 'safeRun' set but not used [-Wunused-but-set-variable]
  157 |     StatusTypeDef safeRun;
      |                   ^~~~~~~
../Core/Src/main.c: In function 'motionTrack':
../Core/Src/main.c:553:27: warning: comparison between 'GPIO_PinState' and 'enum <anonymous>' [-Wenum-compare]
  553 |         if(motionDetected == SET)
      |                           ^~
../Core/Src/main.c: In function 'gasTrack':
../Core/Src/main.c:578:25: warning: '0' flag ignored with precision and '%d' gnu_printf format [-Wformat=]
  578 |           sprintf(data, "current gas value: %0.2d\r\n", gasVal);
      |                         ^~~~~~~~~~~~~~~~~~~~~~~~~~~~~~
../Core/Src/main.c:578:49: warning: format '%d' expects argument of type 'int', but argument 3 has type 'double' [-Wformat=]
  578 |           sprintf(data, "current gas value: %0.2d\r\n", gasVal);
      |                                             ~~~~^       ~~~~~~
      |                                                 |       |
      |                                                 int     double
      |                                             %0.2f
../Core/Src/main.c: In function 'SleepMode':
../Core/Src/main.c:494:1: warning: control reaches end of non-void function [-Wreturn-type]
  494 | }
      | ^
../Core/Src/main.c: In function 'WakeUPMode':
../Core/Src/main.c:499:1: warning: control reaches end of non-void function [-Wreturn-type]
  499 | }
      | ^
arm-none-eabi-gcc -o "STMain.elf" @"objects.list"   -mcpu=cortex-m3 -T"C:\IotBuild\pes\STMain\STM32F103RBTX_FLASH.ld" --specs=nosys.specs -Wl,-Map="STMain.map" -Wl,--gc-sections -static --specs=nano.specs -mfloat-abi=soft -mthumb -u _printf_float -Wl,--start-group -lc -lm -Wl,--end-group
Finished building target: STMain.elf
 
arm-none-eabi-size  STMain.elf 
arm-none-eabi-objdump -h -S STMain.elf  > "STMain.list"
   text	   data	    bss	    dec	    hex	filename
  25980	    476	   4084	  30540	   774c	STMain.elf
Finished building: default.size.stdout
 
Finished building: STMain.list
 
10:28:02 **** Incremental Build of configuration Debug for project STMain ****
make -j8 all 
arm-none-eabi-gcc "../Core/Src/main.c" -mcpu=cortex-m3 -std=gnu11 -g3 -DDEBUG -DUSE_HAL_DRIVER -DSTM32F103xB -c -I../Core/Inc -I../Drivers/STM32F1xx_HAL_Driver/Inc/Legacy -I../Drivers/STM32F1xx_HAL_Driver/Inc -I../Drivers/CMSIS/Device/ST/STM32F1xx/Include -I../Drivers/CMSIS/Include -O0 -ffunction-sections -fdata-sections -Wall -fstack-usage -fcyclomatic-complexity -MMD -MP -MF"Core/Src/main.d" -MT"Core/Src/main.o" --specs=nano.specs -mfloat-abi=soft -mthumb -o "Core/Src/main.o"
arm-none-eabi-gcc "../Core/Src/stm32f1xx_hal_msp.c" -mcpu=cortex-m3 -std=gnu11 -g3 -DDEBUG -DUSE_HAL_DRIVER -DSTM32F103xB -c -I../Core/Inc -I../Drivers/STM32F1xx_HAL_Driver/Inc/Legacy -I../Drivers/STM32F1xx_HAL_Driver/Inc -I../Drivers/CMSIS/Device/ST/STM32F1xx/Include -I../Drivers/CMSIS/Include -O0 -ffunction-sections -fdata-sections -Wall -fstack-usage -fcyclomatic-complexity -MMD -MP -MF"Core/Src/stm32f1xx_hal_msp.d" -MT"Core/Src/stm32f1xx_hal_msp.o" --specs=nano.specs -mfloat-abi=soft -mthumb -o "Core/Src/stm32f1xx_hal_msp.o"
arm-none-eabi-gcc "../Core/Src/stm32f1xx_it.c" -mcpu=cortex-m3 -std=gnu11 -g3 -DDEBUG -DUSE_HAL_DRIVER -DSTM32F103xB -c -I../Core/Inc -I../Drivers/STM32F1xx_HAL_Driver/Inc/Legacy -I../Drivers/STM32F1xx_HAL_Driver/Inc -I../Drivers/CMSIS/Device/ST/STM32F1xx/Include -I../Drivers/CMSIS/Include -O0 -ffunction-sections -fdata-sections -Wall -fstack-usage -fcyclomatic-complexity -MMD -MP -MF"Core/Src/stm32f1xx_it.d" -MT"Core/Src/stm32f1xx_it.o" --specs=nano.specs -mfloat-abi=soft -mthumb -o "Core/Src/stm32f1xx_it.o"
../Core/Src/main.c: In function 'motionTrack':
../Core/Src/main.c:557:27: warning: comparison between 'GPIO_PinState' and 'enum <anonymous>' [-Wenum-compare]
  557 |         if(motionDetected == SET)
      |                           ^~
../Core/Src/main.c: In function 'gasTrack':
../Core/Src/main.c:582:25: warning: '0' flag ignored with precision and '%d' gnu_printf format [-Wformat=]
  582 |           sprintf(data, "current gas value: %0.2d\r\n", gasVal);
      |                         ^~~~~~~~~~~~~~~~~~~~~~~~~~~~~~
../Core/Src/main.c:582:49: warning: format '%d' expects argument of type 'int', but argument 3 has type 'double' [-Wformat=]
  582 |           sprintf(data, "current gas value: %0.2d\r\n", gasVal);
      |                                             ~~~~^       ~~~~~~
      |                                                 |       |
      |                                                 int     double
      |                                             %0.2f
../Core/Src/main.c: In function 'SleepMode':
../Core/Src/main.c:498:1: warning: control reaches end of non-void function [-Wreturn-type]
  498 | }
      | ^
../Core/Src/main.c: In function 'WakeUPMode':
../Core/Src/main.c:503:1: warning: control reaches end of non-void function [-Wreturn-type]
  503 | }
      | ^
arm-none-eabi-gcc -o "STMain.elf" @"objects.list"   -mcpu=cortex-m3 -T"C:\IotBuild\pes\STMain\STM32F103RBTX_FLASH.ld" --specs=nosys.specs -Wl,-Map="STMain.map" -Wl,--gc-sections -static --specs=nano.specs -mfloat-abi=soft -mthumb -u _printf_float -Wl,--start-group -lc -lm -Wl,--end-group
Finished building target: STMain.elf
 
arm-none-eabi-size  STMain.elf 
arm-none-eabi-objdump -h -S STMain.elf  > "STMain.list"
   text	   data	    bss	    dec	    hex	filename
  26076	    476	   4084	  30636	   77ac	STMain.elf
Finished building: default.size.stdout
 
Finished building: STMain.list
 
10:28:30 **** Incremental Build of configuration Debug for project STMain ****
make -j8 all 
arm-none-eabi-gcc "../Core/Src/main.c" -mcpu=cortex-m3 -std=gnu11 -g3 -DDEBUG -DUSE_HAL_DRIVER -DSTM32F103xB -c -I../Core/Inc -I../Drivers/STM32F1xx_HAL_Driver/Inc/Legacy -I../Drivers/STM32F1xx_HAL_Driver/Inc -I../Drivers/CMSIS/Device/ST/STM32F1xx/Include -I../Drivers/CMSIS/Include -O0 -ffunction-sections -fdata-sections -Wall -fstack-usage -fcyclomatic-complexity -MMD -MP -MF"Core/Src/main.d" -MT"Core/Src/main.o" --specs=nano.specs -mfloat-abi=soft -mthumb -o "Core/Src/main.o"
../Core/Src/main.c: In function 'motionTrack':
../Core/Src/main.c:557:27: warning: comparison between 'GPIO_PinState' and 'enum <anonymous>' [-Wenum-compare]
  557 |         if(motionDetected == SET)
      |                           ^~
../Core/Src/main.c: In function 'gasTrack':
../Core/Src/main.c:582:25: warning: '0' flag ignored with precision and '%d' gnu_printf format [-Wformat=]
  582 |           sprintf(data, "current gas value: %0.2d\r\n", gasVal);
      |                         ^~~~~~~~~~~~~~~~~~~~~~~~~~~~~~
../Core/Src/main.c:582:49: warning: format '%d' expects argument of type 'int', but argument 3 has type 'double' [-Wformat=]
  582 |           sprintf(data, "current gas value: %0.2d\r\n", gasVal);
      |                                             ~~~~^       ~~~~~~
      |                                                 |       |
      |                                                 int     double
      |                                             %0.2f
../Core/Src/main.c: In function 'SleepMode':
../Core/Src/main.c:498:1: warning: control reaches end of non-void function [-Wreturn-type]
  498 | }
      | ^
../Core/Src/main.c: In function 'WakeUPMode':
../Core/Src/main.c:503:1: warning: control reaches end of non-void function [-Wreturn-type]
  503 | }
      | ^
arm-none-eabi-gcc -o "STMain.elf" @"objects.list"   -mcpu=cortex-m3 -T"C:\IotBuild\pes\STMain\STM32F103RBTX_FLASH.ld" --specs=nosys.specs -Wl,-Map="STMain.map" -Wl,--gc-sections -static --specs=nano.specs -mfloat-abi=soft -mthumb -u _printf_float -Wl,--start-group -lc -lm -Wl,--end-group
Finished building target: STMain.elf
 
arm-none-eabi-size  STMain.elf 
arm-none-eabi-objdump -h -S STMain.elf  > "STMain.list"
   text	   data	    bss	    dec	    hex	filename
  26076	    476	   4084	  30636	   77ac	STMain.elf
Finished building: default.size.stdout
 
Finished building: STMain.list
 
10:29:03 **** Incremental Build of configuration Debug for project STMain ****
make -j8 all 
arm-none-eabi-size  STMain.elf 
   text	   data	    bss	    dec	    hex	filename
  26076	    476	   4084	  30636	   77ac	STMain.elf
Finished building: default.size.stdout
 
10:40:23 **** Incremental Build of configuration Debug for project STMain ****
make -j8 all 
arm-none-eabi-gcc "../Core/Src/main.c" -mcpu=cortex-m3 -std=gnu11 -g3 -DDEBUG -DUSE_HAL_DRIVER -DSTM32F103xB -c -I../Core/Inc -I../Drivers/STM32F1xx_HAL_Driver/Inc/Legacy -I../Drivers/STM32F1xx_HAL_Driver/Inc -I../Drivers/CMSIS/Device/ST/STM32F1xx/Include -I../Drivers/CMSIS/Include -O0 -ffunction-sections -fdata-sections -Wall -fstack-usage -fcyclomatic-complexity -MMD -MP -MF"Core/Src/main.d" -MT"Core/Src/main.o" --specs=nano.specs -mfloat-abi=soft -mthumb -o "Core/Src/main.o"
../Core/Src/main.c: In function 'motionTrack':
../Core/Src/main.c:559:27: warning: comparison between 'GPIO_PinState' and 'enum <anonymous>' [-Wenum-compare]
  559 |         if(motionDetected == SET)
      |                           ^~
../Core/Src/main.c: In function 'gasTrack':
../Core/Src/main.c:584:25: warning: '0' flag ignored with precision and '%d' gnu_printf format [-Wformat=]
  584 |           sprintf(data, "current gas value: %0.2d\r\n", gasVal);
      |                         ^~~~~~~~~~~~~~~~~~~~~~~~~~~~~~
../Core/Src/main.c:584:49: warning: format '%d' expects argument of type 'int', but argument 3 has type 'double' [-Wformat=]
  584 |           sprintf(data, "current gas value: %0.2d\r\n", gasVal);
      |                                             ~~~~^       ~~~~~~
      |                                                 |       |
      |                                                 int     double
      |                                             %0.2f
../Core/Src/main.c: In function 'SleepMode':
../Core/Src/main.c:500:1: warning: control reaches end of non-void function [-Wreturn-type]
  500 | }
      | ^
../Core/Src/main.c: In function 'WakeUPMode':
../Core/Src/main.c:505:1: warning: control reaches end of non-void function [-Wreturn-type]
  505 | }
      | ^
arm-none-eabi-gcc -o "STMain.elf" @"objects.list"   -mcpu=cortex-m3 -T"C:\IotBuild\pes\STMain\STM32F103RBTX_FLASH.ld" --specs=nosys.specs -Wl,-Map="STMain.map" -Wl,--gc-sections -static --specs=nano.specs -mfloat-abi=soft -mthumb -u _printf_float -Wl,--start-group -lc -lm -Wl,--end-group
Finished building target: STMain.elf
 
arm-none-eabi-size  STMain.elf 
arm-none-eabi-objdump -h -S STMain.elf  > "STMain.list"
   text	   data	    bss	    dec	    hex	filename
  26180	    476	   4084	  30740	   7814	STMain.elf
Finished building: default.size.stdout
 
Finished building: STMain.list
 
10:41:20 **** Incremental Build of configuration Debug for project STMain ****
make -j8 all 
arm-none-eabi-size  STMain.elf 
   text	   data	    bss	    dec	    hex	filename
  26180	    476	   4084	  30740	   7814	STMain.elf
Finished building: default.size.stdout
 
10:41:55 **** Incremental Build of configuration Debug for project STMain ****
make -j8 all 
arm-none-eabi-size  STMain.elf 
   text	   data	    bss	    dec	    hex	filename
  26180	    476	   4084	  30740	   7814	STMain.elf
Finished building: default.size.stdout
 
10:42:17 **** Incremental Build of configuration Debug for project STMain ****
make -j8 all 
arm-none-eabi-gcc "../Core/Src/main.c" -mcpu=cortex-m3 -std=gnu11 -g3 -DDEBUG -DUSE_HAL_DRIVER -DSTM32F103xB -c -I../Core/Inc -I../Drivers/STM32F1xx_HAL_Driver/Inc/Legacy -I../Drivers/STM32F1xx_HAL_Driver/Inc -I../Drivers/CMSIS/Device/ST/STM32F1xx/Include -I../Drivers/CMSIS/Include -O0 -ffunction-sections -fdata-sections -Wall -fstack-usage -fcyclomatic-complexity -MMD -MP -MF"Core/Src/main.d" -MT"Core/Src/main.o" --specs=nano.specs -mfloat-abi=soft -mthumb -o "Core/Src/main.o"
../Core/Src/main.c: In function 'motionTrack':
../Core/Src/main.c:559:27: warning: comparison between 'GPIO_PinState' and 'enum <anonymous>' [-Wenum-compare]
  559 |         if(motionDetected == SET)
      |                           ^~
../Core/Src/main.c: In function 'gasTrack':
../Core/Src/main.c:584:25: warning: '0' flag ignored with precision and '%d' gnu_printf format [-Wformat=]
  584 |           sprintf(data, "current gas value: %0.2d\r\n", gasVal);
      |                         ^~~~~~~~~~~~~~~~~~~~~~~~~~~~~~
../Core/Src/main.c:584:49: warning: format '%d' expects argument of type 'int', but argument 3 has type 'double' [-Wformat=]
  584 |           sprintf(data, "current gas value: %0.2d\r\n", gasVal);
      |                                             ~~~~^       ~~~~~~
      |                                                 |       |
      |                                                 int     double
      |                                             %0.2f
../Core/Src/main.c: In function 'SleepMode':
../Core/Src/main.c:500:1: warning: control reaches end of non-void function [-Wreturn-type]
  500 | }
      | ^
../Core/Src/main.c: In function 'WakeUPMode':
../Core/Src/main.c:505:1: warning: control reaches end of non-void function [-Wreturn-type]
  505 | }
      | ^
arm-none-eabi-gcc -o "STMain.elf" @"objects.list"   -mcpu=cortex-m3 -T"C:\IotBuild\pes\STMain\STM32F103RBTX_FLASH.ld" --specs=nosys.specs -Wl,-Map="STMain.map" -Wl,--gc-sections -static --specs=nano.specs -mfloat-abi=soft -mthumb -u _printf_float -Wl,--start-group -lc -lm -Wl,--end-group
Finished building target: STMain.elf
 
arm-none-eabi-size  STMain.elf 
arm-none-eabi-objdump -h -S STMain.elf  > "STMain.list"
   text	   data	    bss	    dec	    hex	filename
  26180	    476	   4084	  30740	   7814	STMain.elf
Finished building: default.size.stdout
 
Finished building: STMain.list
 
10:42:53 **** Incremental Build of configuration Debug for project STMain ****
make -j8 all 
arm-none-eabi-size  STMain.elf 
   text	   data	    bss	    dec	    hex	filename
  26180	    476	   4084	  30740	   7814	STMain.elf
Finished building: default.size.stdout
 
10:48:03 **** Incremental Build of configuration Debug for project STMain ****
make -j8 all 
arm-none-eabi-gcc "../Core/Src/main.c" -mcpu=cortex-m3 -std=gnu11 -g3 -DDEBUG -DUSE_HAL_DRIVER -DSTM32F103xB -c -I../Core/Inc -I../Drivers/STM32F1xx_HAL_Driver/Inc/Legacy -I../Drivers/STM32F1xx_HAL_Driver/Inc -I../Drivers/CMSIS/Device/ST/STM32F1xx/Include -I../Drivers/CMSIS/Include -O0 -ffunction-sections -fdata-sections -Wall -fstack-usage -fcyclomatic-complexity -MMD -MP -MF"Core/Src/main.d" -MT"Core/Src/main.o" --specs=nano.specs -mfloat-abi=soft -mthumb -o "Core/Src/main.o"
../Core/Src/main.c: In function 'motionTrack':
../Core/Src/main.c:564:27: warning: comparison between 'GPIO_PinState' and 'enum <anonymous>' [-Wenum-compare]
  564 |         if(motionDetected == SET)
      |                           ^~
../Core/Src/main.c: In function 'gasTrack':
../Core/Src/main.c:589:25: warning: '0' flag ignored with precision and '%d' gnu_printf format [-Wformat=]
  589 |           sprintf(data, "current gas value: %0.2d\r\n", gasVal);
      |                         ^~~~~~~~~~~~~~~~~~~~~~~~~~~~~~
../Core/Src/main.c:589:49: warning: format '%d' expects argument of type 'int', but argument 3 has type 'double' [-Wformat=]
  589 |           sprintf(data, "current gas value: %0.2d\r\n", gasVal);
      |                                             ~~~~^       ~~~~~~
      |                                                 |       |
      |                                                 int     double
      |                                             %0.2f
../Core/Src/main.c: In function 'SleepMode':
../Core/Src/main.c:505:1: warning: control reaches end of non-void function [-Wreturn-type]
  505 | }
      | ^
../Core/Src/main.c: In function 'WakeUPMode':
../Core/Src/main.c:510:1: warning: control reaches end of non-void function [-Wreturn-type]
  510 | }
      | ^
arm-none-eabi-gcc -o "STMain.elf" @"objects.list"   -mcpu=cortex-m3 -T"C:\IotBuild\pes\STMain\STM32F103RBTX_FLASH.ld" --specs=nosys.specs -Wl,-Map="STMain.map" -Wl,--gc-sections -static --specs=nano.specs -mfloat-abi=soft -mthumb -u _printf_float -Wl,--start-group -lc -lm -Wl,--end-group
Finished building target: STMain.elf
 
arm-none-eabi-size  STMain.elf 
arm-none-eabi-objdump -h -S STMain.elf  > "STMain.list"
   text	   data	    bss	    dec	    hex	filename
  26292	    476	   4084	  30852	   7884	STMain.elf
Finished building: default.size.stdout
 
Finished building: STMain.list
 
10:53:23 **** Incremental Build of configuration Debug for project STMain ****
make -j8 all 
arm-none-eabi-gcc "../Core/Src/main.c" -mcpu=cortex-m3 -std=gnu11 -g3 -DDEBUG -DUSE_HAL_DRIVER -DSTM32F103xB -c -I../Core/Inc -I../Drivers/STM32F1xx_HAL_Driver/Inc/Legacy -I../Drivers/STM32F1xx_HAL_Driver/Inc -I../Drivers/CMSIS/Device/ST/STM32F1xx/Include -I../Drivers/CMSIS/Include -O0 -ffunction-sections -fdata-sections -Wall -fstack-usage -fcyclomatic-complexity -MMD -MP -MF"Core/Src/main.d" -MT"Core/Src/main.o" --specs=nano.specs -mfloat-abi=soft -mthumb -o "Core/Src/main.o"
../Core/Src/main.c: In function 'motionTrack':
../Core/Src/main.c:564:27: warning: comparison between 'GPIO_PinState' and 'enum <anonymous>' [-Wenum-compare]
  564 |         if(motionDetected == SET)
      |                           ^~
../Core/Src/main.c: In function 'gasTrack':
../Core/Src/main.c:589:25: warning: '0' flag ignored with precision and '%d' gnu_printf format [-Wformat=]
  589 |           sprintf(data, "current gas value: %0.2d\r\n", gasVal);
      |                         ^~~~~~~~~~~~~~~~~~~~~~~~~~~~~~
../Core/Src/main.c:589:49: warning: format '%d' expects argument of type 'int', but argument 3 has type 'double' [-Wformat=]
  589 |           sprintf(data, "current gas value: %0.2d\r\n", gasVal);
      |                                             ~~~~^       ~~~~~~
      |                                                 |       |
      |                                                 int     double
      |                                             %0.2f
../Core/Src/main.c: In function 'SleepMode':
../Core/Src/main.c:505:1: warning: control reaches end of non-void function [-Wreturn-type]
  505 | }
      | ^
../Core/Src/main.c: In function 'WakeUPMode':
../Core/Src/main.c:510:1: warning: control reaches end of non-void function [-Wreturn-type]
  510 | }
      | ^
arm-none-eabi-gcc -o "STMain.elf" @"objects.list"   -mcpu=cortex-m3 -T"C:\IotBuild\pes\STMain\STM32F103RBTX_FLASH.ld" --specs=nosys.specs -Wl,-Map="STMain.map" -Wl,--gc-sections -static --specs=nano.specs -mfloat-abi=soft -mthumb -u _printf_float -Wl,--start-group -lc -lm -Wl,--end-group
Finished building target: STMain.elf
 
arm-none-eabi-size  STMain.elf 
arm-none-eabi-objdump -h -S STMain.elf  > "STMain.list"
   text	   data	    bss	    dec	    hex	filename
  26300	    476	   4084	  30860	   788c	STMain.elf
Finished building: default.size.stdout
 
Finished building: STMain.list
 
10:55:05 **** Incremental Build of configuration Debug for project STMain ****
make -j8 all 
arm-none-eabi-gcc "../Core/Src/main.c" -mcpu=cortex-m3 -std=gnu11 -g3 -DDEBUG -DUSE_HAL_DRIVER -DSTM32F103xB -c -I../Core/Inc -I../Drivers/STM32F1xx_HAL_Driver/Inc/Legacy -I../Drivers/STM32F1xx_HAL_Driver/Inc -I../Drivers/CMSIS/Device/ST/STM32F1xx/Include -I../Drivers/CMSIS/Include -O0 -ffunction-sections -fdata-sections -Wall -fstack-usage -fcyclomatic-complexity -MMD -MP -MF"Core/Src/main.d" -MT"Core/Src/main.o" --specs=nano.specs -mfloat-abi=soft -mthumb -o "Core/Src/main.o"
../Core/Src/main.c: In function 'motionTrack':
../Core/Src/main.c:564:27: warning: comparison between 'GPIO_PinState' and 'enum <anonymous>' [-Wenum-compare]
  564 |         if(motionDetected == SET)
      |                           ^~
../Core/Src/main.c: In function 'gasTrack':
../Core/Src/main.c:589:25: warning: '0' flag ignored with precision and '%d' gnu_printf format [-Wformat=]
  589 |           sprintf(data, "current gas value: %0.2d\r\n", gasVal);
      |                         ^~~~~~~~~~~~~~~~~~~~~~~~~~~~~~
../Core/Src/main.c:589:49: warning: format '%d' expects argument of type 'int', but argument 3 has type 'double' [-Wformat=]
  589 |           sprintf(data, "current gas value: %0.2d\r\n", gasVal);
      |                                             ~~~~^       ~~~~~~
      |                                                 |       |
      |                                                 int     double
      |                                             %0.2f
../Core/Src/main.c: In function 'SleepMode':
../Core/Src/main.c:505:1: warning: control reaches end of non-void function [-Wreturn-type]
  505 | }
      | ^
../Core/Src/main.c: In function 'WakeUPMode':
../Core/Src/main.c:510:1: warning: control reaches end of non-void function [-Wreturn-type]
  510 | }
      | ^
arm-none-eabi-gcc -o "STMain.elf" @"objects.list"   -mcpu=cortex-m3 -T"C:\IotBuild\pes\STMain\STM32F103RBTX_FLASH.ld" --specs=nosys.specs -Wl,-Map="STMain.map" -Wl,--gc-sections -static --specs=nano.specs -mfloat-abi=soft -mthumb -u _printf_float -Wl,--start-group -lc -lm -Wl,--end-group
Finished building target: STMain.elf
 
arm-none-eabi-size  STMain.elf 
arm-none-eabi-objdump -h -S STMain.elf  > "STMain.list"
   text	   data	    bss	    dec	    hex	filename
  26268	    476	   4084	  30828	   786c	STMain.elf
Finished building: default.size.stdout
 
Finished building: STMain.list
 
10:56:34 **** Incremental Build of configuration Debug for project STMain ****
make -j8 all 
arm-none-eabi-gcc "../Core/Src/main.c" -mcpu=cortex-m3 -std=gnu11 -g3 -DDEBUG -DUSE_HAL_DRIVER -DSTM32F103xB -c -I../Core/Inc -I../Drivers/STM32F1xx_HAL_Driver/Inc/Legacy -I../Drivers/STM32F1xx_HAL_Driver/Inc -I../Drivers/CMSIS/Device/ST/STM32F1xx/Include -I../Drivers/CMSIS/Include -O0 -ffunction-sections -fdata-sections -Wall -fstack-usage -fcyclomatic-complexity -MMD -MP -MF"Core/Src/main.d" -MT"Core/Src/main.o" --specs=nano.specs -mfloat-abi=soft -mthumb -o "Core/Src/main.o"
../Core/Src/main.c: In function 'motionTrack':
../Core/Src/main.c:563:27: warning: comparison between 'GPIO_PinState' and 'enum <anonymous>' [-Wenum-compare]
  563 |         if(motionDetected == SET)
      |                           ^~
../Core/Src/main.c: In function 'gasTrack':
../Core/Src/main.c:588:25: warning: '0' flag ignored with precision and '%d' gnu_printf format [-Wformat=]
  588 |           sprintf(data, "current gas value: %0.2d\r\n", gasVal);
      |                         ^~~~~~~~~~~~~~~~~~~~~~~~~~~~~~
../Core/Src/main.c:588:49: warning: format '%d' expects argument of type 'int', but argument 3 has type 'double' [-Wformat=]
  588 |           sprintf(data, "current gas value: %0.2d\r\n", gasVal);
      |                                             ~~~~^       ~~~~~~
      |                                                 |       |
      |                                                 int     double
      |                                             %0.2f
../Core/Src/main.c: In function 'SleepMode':
../Core/Src/main.c:504:1: warning: control reaches end of non-void function [-Wreturn-type]
  504 | }
      | ^
../Core/Src/main.c: In function 'WakeUPMode':
../Core/Src/main.c:509:1: warning: control reaches end of non-void function [-Wreturn-type]
  509 | }
      | ^
arm-none-eabi-gcc -o "STMain.elf" @"objects.list"   -mcpu=cortex-m3 -T"C:\IotBuild\pes\STMain\STM32F103RBTX_FLASH.ld" --specs=nosys.specs -Wl,-Map="STMain.map" -Wl,--gc-sections -static --specs=nano.specs -mfloat-abi=soft -mthumb -u _printf_float -Wl,--start-group -lc -lm -Wl,--end-group
Finished building target: STMain.elf
 
arm-none-eabi-size  STMain.elf 
arm-none-eabi-objdump -h -S STMain.elf  > "STMain.list"
   text	   data	    bss	    dec	    hex	filename
  26236	    476	   4084	  30796	   784c	STMain.elf
Finished building: default.size.stdout
 
Finished building: STMain.list
 
10:56:59 **** Incremental Build of configuration Debug for project STMain ****
make -j8 all 
arm-none-eabi-gcc "../Core/Src/main.c" -mcpu=cortex-m3 -std=gnu11 -g3 -DDEBUG -DUSE_HAL_DRIVER -DSTM32F103xB -c -I../Core/Inc -I../Drivers/STM32F1xx_HAL_Driver/Inc/Legacy -I../Drivers/STM32F1xx_HAL_Driver/Inc -I../Drivers/CMSIS/Device/ST/STM32F1xx/Include -I../Drivers/CMSIS/Include -O0 -ffunction-sections -fdata-sections -Wall -fstack-usage -fcyclomatic-complexity -MMD -MP -MF"Core/Src/main.d" -MT"Core/Src/main.o" --specs=nano.specs -mfloat-abi=soft -mthumb -o "Core/Src/main.o"
../Core/Src/main.c: In function 'motionTrack':
../Core/Src/main.c:563:27: warning: comparison between 'GPIO_PinState' and 'enum <anonymous>' [-Wenum-compare]
  563 |         if(motionDetected == SET)
      |                           ^~
../Core/Src/main.c: In function 'gasTrack':
../Core/Src/main.c:588:25: warning: '0' flag ignored with precision and '%d' gnu_printf format [-Wformat=]
  588 |           sprintf(data, "current gas value: %0.2d\r\n", gasVal);
      |                         ^~~~~~~~~~~~~~~~~~~~~~~~~~~~~~
../Core/Src/main.c:588:49: warning: format '%d' expects argument of type 'int', but argument 3 has type 'double' [-Wformat=]
  588 |           sprintf(data, "current gas value: %0.2d\r\n", gasVal);
      |                                             ~~~~^       ~~~~~~
      |                                                 |       |
      |                                                 int     double
      |                                             %0.2f
../Core/Src/main.c: In function 'SleepMode':
../Core/Src/main.c:504:1: warning: control reaches end of non-void function [-Wreturn-type]
  504 | }
      | ^
../Core/Src/main.c: In function 'WakeUPMode':
../Core/Src/main.c:509:1: warning: control reaches end of non-void function [-Wreturn-type]
  509 | }
      | ^
arm-none-eabi-gcc -o "STMain.elf" @"objects.list"   -mcpu=cortex-m3 -T"C:\IotBuild\pes\STMain\STM32F103RBTX_FLASH.ld" --specs=nosys.specs -Wl,-Map="STMain.map" -Wl,--gc-sections -static --specs=nano.specs -mfloat-abi=soft -mthumb -u _printf_float -Wl,--start-group -lc -lm -Wl,--end-group
Finished building target: STMain.elf
 
arm-none-eabi-size  STMain.elf 
arm-none-eabi-objdump -h -S STMain.elf  > "STMain.list"
   text	   data	    bss	    dec	    hex	filename
  26236	    476	   4084	  30796	   784c	STMain.elf
Finished building: default.size.stdout
 
Finished building: STMain.list
 
10:57:29 **** Incremental Build of configuration Debug for project STMain ****
make -j8 all 
arm-none-eabi-gcc "../Core/Src/main.c" -mcpu=cortex-m3 -std=gnu11 -g3 -DDEBUG -DUSE_HAL_DRIVER -DSTM32F103xB -c -I../Core/Inc -I../Drivers/STM32F1xx_HAL_Driver/Inc/Legacy -I../Drivers/STM32F1xx_HAL_Driver/Inc -I../Drivers/CMSIS/Device/ST/STM32F1xx/Include -I../Drivers/CMSIS/Include -O0 -ffunction-sections -fdata-sections -Wall -fstack-usage -fcyclomatic-complexity -MMD -MP -MF"Core/Src/main.d" -MT"Core/Src/main.o" --specs=nano.specs -mfloat-abi=soft -mthumb -o "Core/Src/main.o"
../Core/Src/main.c: In function 'motionTrack':
../Core/Src/main.c:564:27: warning: comparison between 'GPIO_PinState' and 'enum <anonymous>' [-Wenum-compare]
  564 |         if(motionDetected == SET)
      |                           ^~
../Core/Src/main.c: In function 'gasTrack':
../Core/Src/main.c:589:25: warning: '0' flag ignored with precision and '%d' gnu_printf format [-Wformat=]
  589 |           sprintf(data, "current gas value: %0.2d\r\n", gasVal);
      |                         ^~~~~~~~~~~~~~~~~~~~~~~~~~~~~~
../Core/Src/main.c:589:49: warning: format '%d' expects argument of type 'int', but argument 3 has type 'double' [-Wformat=]
  589 |           sprintf(data, "current gas value: %0.2d\r\n", gasVal);
      |                                             ~~~~^       ~~~~~~
      |                                                 |       |
      |                                                 int     double
      |                                             %0.2f
../Core/Src/main.c: In function 'SleepMode':
../Core/Src/main.c:505:1: warning: control reaches end of non-void function [-Wreturn-type]
  505 | }
      | ^
../Core/Src/main.c: In function 'WakeUPMode':
../Core/Src/main.c:510:1: warning: control reaches end of non-void function [-Wreturn-type]
  510 | }
      | ^
arm-none-eabi-gcc -o "STMain.elf" @"objects.list"   -mcpu=cortex-m3 -T"C:\IotBuild\pes\STMain\STM32F103RBTX_FLASH.ld" --specs=nosys.specs -Wl,-Map="STMain.map" -Wl,--gc-sections -static --specs=nano.specs -mfloat-abi=soft -mthumb -u _printf_float -Wl,--start-group -lc -lm -Wl,--end-group
Finished building target: STMain.elf
 
arm-none-eabi-size  STMain.elf 
arm-none-eabi-objdump -h -S STMain.elf  > "STMain.list"
   text	   data	    bss	    dec	    hex	filename
  26276	    476	   4084	  30836	   7874	STMain.elf
Finished building: default.size.stdout
 
Finished building: STMain.list
 
10:58:26 **** Incremental Build of configuration Debug for project STMain ****
make -j8 all 
arm-none-eabi-gcc "../Core/Src/main.c" -mcpu=cortex-m3 -std=gnu11 -g3 -DDEBUG -DUSE_HAL_DRIVER -DSTM32F103xB -c -I../Core/Inc -I../Drivers/STM32F1xx_HAL_Driver/Inc/Legacy -I../Drivers/STM32F1xx_HAL_Driver/Inc -I../Drivers/CMSIS/Device/ST/STM32F1xx/Include -I../Drivers/CMSIS/Include -O0 -ffunction-sections -fdata-sections -Wall -fstack-usage -fcyclomatic-complexity -MMD -MP -MF"Core/Src/main.d" -MT"Core/Src/main.o" --specs=nano.specs -mfloat-abi=soft -mthumb -o "Core/Src/main.o"
../Core/Src/main.c: In function 'motionTrack':
../Core/Src/main.c:565:27: warning: comparison between 'GPIO_PinState' and 'enum <anonymous>' [-Wenum-compare]
  565 |         if(motionDetected == SET)
      |                           ^~
../Core/Src/main.c: In function 'gasTrack':
../Core/Src/main.c:590:25: warning: '0' flag ignored with precision and '%d' gnu_printf format [-Wformat=]
  590 |           sprintf(data, "current gas value: %0.2d\r\n", gasVal);
      |                         ^~~~~~~~~~~~~~~~~~~~~~~~~~~~~~
../Core/Src/main.c:590:49: warning: format '%d' expects argument of type 'int', but argument 3 has type 'double' [-Wformat=]
  590 |           sprintf(data, "current gas value: %0.2d\r\n", gasVal);
      |                                             ~~~~^       ~~~~~~
      |                                                 |       |
      |                                                 int     double
      |                                             %0.2f
../Core/Src/main.c: In function 'SleepMode':
../Core/Src/main.c:506:1: warning: control reaches end of non-void function [-Wreturn-type]
  506 | }
      | ^
../Core/Src/main.c: In function 'WakeUPMode':
../Core/Src/main.c:511:1: warning: control reaches end of non-void function [-Wreturn-type]
  511 | }
      | ^
arm-none-eabi-gcc -o "STMain.elf" @"objects.list"   -mcpu=cortex-m3 -T"C:\IotBuild\pes\STMain\STM32F103RBTX_FLASH.ld" --specs=nosys.specs -Wl,-Map="STMain.map" -Wl,--gc-sections -static --specs=nano.specs -mfloat-abi=soft -mthumb -u _printf_float -Wl,--start-group -lc -lm -Wl,--end-group
Finished building target: STMain.elf
 
arm-none-eabi-size  STMain.elf 
arm-none-eabi-objdump -h -S STMain.elf  > "STMain.list"
   text	   data	    bss	    dec	    hex	filename
  26284	    476	   4084	  30844	   787c	STMain.elf
Finished building: default.size.stdout
 
Finished building: STMain.list
 
10:59:12 **** Incremental Build of configuration Debug for project STMain ****
make -j8 all 
arm-none-eabi-gcc "../Core/Src/main.c" -mcpu=cortex-m3 -std=gnu11 -g3 -DDEBUG -DUSE_HAL_DRIVER -DSTM32F103xB -c -I../Core/Inc -I../Drivers/STM32F1xx_HAL_Driver/Inc/Legacy -I../Drivers/STM32F1xx_HAL_Driver/Inc -I../Drivers/CMSIS/Device/ST/STM32F1xx/Include -I../Drivers/CMSIS/Include -O0 -ffunction-sections -fdata-sections -Wall -fstack-usage -fcyclomatic-complexity -MMD -MP -MF"Core/Src/main.d" -MT"Core/Src/main.o" --specs=nano.specs -mfloat-abi=soft -mthumb -o "Core/Src/main.o"
../Core/Src/main.c: In function 'motionTrack':
../Core/Src/main.c:566:27: warning: comparison between 'GPIO_PinState' and 'enum <anonymous>' [-Wenum-compare]
  566 |         if(motionDetected == SET)
      |                           ^~
../Core/Src/main.c: In function 'gasTrack':
../Core/Src/main.c:591:25: warning: '0' flag ignored with precision and '%d' gnu_printf format [-Wformat=]
  591 |           sprintf(data, "current gas value: %0.2d\r\n", gasVal);
      |                         ^~~~~~~~~~~~~~~~~~~~~~~~~~~~~~
../Core/Src/main.c:591:49: warning: format '%d' expects argument of type 'int', but argument 3 has type 'double' [-Wformat=]
  591 |           sprintf(data, "current gas value: %0.2d\r\n", gasVal);
      |                                             ~~~~^       ~~~~~~
      |                                                 |       |
      |                                                 int     double
      |                                             %0.2f
../Core/Src/main.c: In function 'SleepMode':
../Core/Src/main.c:507:1: warning: control reaches end of non-void function [-Wreturn-type]
  507 | }
      | ^
../Core/Src/main.c: In function 'WakeUPMode':
../Core/Src/main.c:512:1: warning: control reaches end of non-void function [-Wreturn-type]
  512 | }
      | ^
arm-none-eabi-gcc -o "STMain.elf" @"objects.list"   -mcpu=cortex-m3 -T"C:\IotBuild\pes\STMain\STM32F103RBTX_FLASH.ld" --specs=nosys.specs -Wl,-Map="STMain.map" -Wl,--gc-sections -static --specs=nano.specs -mfloat-abi=soft -mthumb -u _printf_float -Wl,--start-group -lc -lm -Wl,--end-group
Finished building target: STMain.elf
 
arm-none-eabi-size  STMain.elf 
arm-none-eabi-objdump -h -S STMain.elf  > "STMain.list"
   text	   data	    bss	    dec	    hex	filename
  26308	    476	   4084	  30868	   7894	STMain.elf
Finished building: default.size.stdout
 
Finished building: STMain.list
 
11:01:14 **** Incremental Build of configuration Debug for project STMain ****
make -j8 all 
arm-none-eabi-gcc "../Core/Src/main.c" -mcpu=cortex-m3 -std=gnu11 -g3 -DDEBUG -DUSE_HAL_DRIVER -DSTM32F103xB -c -I../Core/Inc -I../Drivers/STM32F1xx_HAL_Driver/Inc/Legacy -I../Drivers/STM32F1xx_HAL_Driver/Inc -I../Drivers/CMSIS/Device/ST/STM32F1xx/Include -I../Drivers/CMSIS/Include -O0 -ffunction-sections -fdata-sections -Wall -fstack-usage -fcyclomatic-complexity -MMD -MP -MF"Core/Src/main.d" -MT"Core/Src/main.o" --specs=nano.specs -mfloat-abi=soft -mthumb -o "Core/Src/main.o"
../Core/Src/main.c: In function 'motionTrack':
../Core/Src/main.c:565:27: warning: comparison between 'GPIO_PinState' and 'enum <anonymous>' [-Wenum-compare]
  565 |         if(motionDetected == SET)
      |                           ^~
../Core/Src/main.c: In function 'gasTrack':
../Core/Src/main.c:590:25: warning: '0' flag ignored with precision and '%d' gnu_printf format [-Wformat=]
  590 |           sprintf(data, "current gas value: %0.2d\r\n", gasVal);
      |                         ^~~~~~~~~~~~~~~~~~~~~~~~~~~~~~
../Core/Src/main.c:590:49: warning: format '%d' expects argument of type 'int', but argument 3 has type 'double' [-Wformat=]
  590 |           sprintf(data, "current gas value: %0.2d\r\n", gasVal);
      |                                             ~~~~^       ~~~~~~
      |                                                 |       |
      |                                                 int     double
      |                                             %0.2f
../Core/Src/main.c: In function 'SleepMode':
../Core/Src/main.c:506:1: warning: control reaches end of non-void function [-Wreturn-type]
  506 | }
      | ^
../Core/Src/main.c: In function 'WakeUPMode':
../Core/Src/main.c:511:1: warning: control reaches end of non-void function [-Wreturn-type]
  511 | }
      | ^
arm-none-eabi-gcc -o "STMain.elf" @"objects.list"   -mcpu=cortex-m3 -T"C:\IotBuild\pes\STMain\STM32F103RBTX_FLASH.ld" --specs=nosys.specs -Wl,-Map="STMain.map" -Wl,--gc-sections -static --specs=nano.specs -mfloat-abi=soft -mthumb -u _printf_float -Wl,--start-group -lc -lm -Wl,--end-group
Finished building target: STMain.elf
 
arm-none-eabi-size  STMain.elf 
arm-none-eabi-objdump -h -S STMain.elf  > "STMain.list"
   text	   data	    bss	    dec	    hex	filename
  26284	    476	   4084	  30844	   787c	STMain.elf
Finished building: default.size.stdout
 
Finished building: STMain.list
 
11:03:01 **** Incremental Build of configuration Debug for project STMain ****
make -j8 all 
arm-none-eabi-size  STMain.elf 
   text	   data	    bss	    dec	    hex	filename
  26284	    476	   4084	  30844	   787c	STMain.elf
Finished building: default.size.stdout
 
11:04:28 **** Incremental Build of configuration Debug for project STMain ****
make -j8 all 
arm-none-eabi-gcc "../Core/Src/main.c" -mcpu=cortex-m3 -std=gnu11 -g3 -DDEBUG -DUSE_HAL_DRIVER -DSTM32F103xB -c -I../Core/Inc -I../Drivers/STM32F1xx_HAL_Driver/Inc/Legacy -I../Drivers/STM32F1xx_HAL_Driver/Inc -I../Drivers/CMSIS/Device/ST/STM32F1xx/Include -I../Drivers/CMSIS/Include -O0 -ffunction-sections -fdata-sections -Wall -fstack-usage -fcyclomatic-complexity -MMD -MP -MF"Core/Src/main.d" -MT"Core/Src/main.o" --specs=nano.specs -mfloat-abi=soft -mthumb -o "Core/Src/main.o"
../Core/Src/main.c: In function 'motionTrack':
../Core/Src/main.c:565:27: warning: comparison between 'GPIO_PinState' and 'enum <anonymous>' [-Wenum-compare]
  565 |         if(motionDetected == SET)
      |                           ^~
../Core/Src/main.c: In function 'gasTrack':
../Core/Src/main.c:590:25: warning: '0' flag ignored with precision and '%d' gnu_printf format [-Wformat=]
  590 |           sprintf(data, "current gas value: %0.2d\r\n", gasVal);
      |                         ^~~~~~~~~~~~~~~~~~~~~~~~~~~~~~
../Core/Src/main.c:590:49: warning: format '%d' expects argument of type 'int', but argument 3 has type 'double' [-Wformat=]
  590 |           sprintf(data, "current gas value: %0.2d\r\n", gasVal);
      |                                             ~~~~^       ~~~~~~
      |                                                 |       |
      |                                                 int     double
      |                                             %0.2f
../Core/Src/main.c: In function 'SleepMode':
../Core/Src/main.c:506:1: warning: control reaches end of non-void function [-Wreturn-type]
  506 | }
      | ^
../Core/Src/main.c: In function 'WakeUPMode':
../Core/Src/main.c:511:1: warning: control reaches end of non-void function [-Wreturn-type]
  511 | }
      | ^
arm-none-eabi-gcc -o "STMain.elf" @"objects.list"   -mcpu=cortex-m3 -T"C:\IotBuild\pes\STMain\STM32F103RBTX_FLASH.ld" --specs=nosys.specs -Wl,-Map="STMain.map" -Wl,--gc-sections -static --specs=nano.specs -mfloat-abi=soft -mthumb -u _printf_float -Wl,--start-group -lc -lm -Wl,--end-group
Finished building target: STMain.elf
 
arm-none-eabi-size  STMain.elf 
arm-none-eabi-objdump -h -S STMain.elf  > "STMain.list"
   text	   data	    bss	    dec	    hex	filename
  26284	    476	   4084	  30844	   787c	STMain.elf
Finished building: default.size.stdout
 
Finished building: STMain.list
 
11:05:57 **** Incremental Build of configuration Debug for project STMain ****
make -j8 all 
arm-none-eabi-gcc "../Core/Src/main.c" -mcpu=cortex-m3 -std=gnu11 -g3 -DDEBUG -DUSE_HAL_DRIVER -DSTM32F103xB -c -I../Core/Inc -I../Drivers/STM32F1xx_HAL_Driver/Inc/Legacy -I../Drivers/STM32F1xx_HAL_Driver/Inc -I../Drivers/CMSIS/Device/ST/STM32F1xx/Include -I../Drivers/CMSIS/Include -O0 -ffunction-sections -fdata-sections -Wall -fstack-usage -fcyclomatic-complexity -MMD -MP -MF"Core/Src/main.d" -MT"Core/Src/main.o" --specs=nano.specs -mfloat-abi=soft -mthumb -o "Core/Src/main.o"
../Core/Src/main.c: In function 'motionTrack':
../Core/Src/main.c:565:27: warning: comparison between 'GPIO_PinState' and 'enum <anonymous>' [-Wenum-compare]
  565 |         if(motionDetected == SET)
      |                           ^~
../Core/Src/main.c: In function 'gasTrack':
../Core/Src/main.c:590:25: warning: '0' flag ignored with precision and '%d' gnu_printf format [-Wformat=]
  590 |           sprintf(data, "current gas value: %0.2d\r\n", gasVal);
      |                         ^~~~~~~~~~~~~~~~~~~~~~~~~~~~~~
../Core/Src/main.c:590:49: warning: format '%d' expects argument of type 'int', but argument 3 has type 'double' [-Wformat=]
  590 |           sprintf(data, "current gas value: %0.2d\r\n", gasVal);
      |                                             ~~~~^       ~~~~~~
      |                                                 |       |
      |                                                 int     double
      |                                             %0.2f
../Core/Src/main.c: In function 'SleepMode':
../Core/Src/main.c:506:1: warning: control reaches end of non-void function [-Wreturn-type]
  506 | }
      | ^
../Core/Src/main.c: In function 'WakeUPMode':
../Core/Src/main.c:511:1: warning: control reaches end of non-void function [-Wreturn-type]
  511 | }
      | ^
arm-none-eabi-gcc -o "STMain.elf" @"objects.list"   -mcpu=cortex-m3 -T"C:\IotBuild\pes\STMain\STM32F103RBTX_FLASH.ld" --specs=nosys.specs -Wl,-Map="STMain.map" -Wl,--gc-sections -static --specs=nano.specs -mfloat-abi=soft -mthumb -u _printf_float -Wl,--start-group -lc -lm -Wl,--end-group
Finished building target: STMain.elf
 
arm-none-eabi-size  STMain.elf 
arm-none-eabi-objdump -h -S STMain.elf  > "STMain.list"
   text	   data	    bss	    dec	    hex	filename
  26284	    476	   4084	  30844	   787c	STMain.elf
Finished building: default.size.stdout
 
Finished building: STMain.list
 
11:07:52 **** Incremental Build of configuration Debug for project STMain ****
make -j8 all 
arm-none-eabi-gcc "../Core/Src/main.c" -mcpu=cortex-m3 -std=gnu11 -g3 -DDEBUG -DUSE_HAL_DRIVER -DSTM32F103xB -c -I../Core/Inc -I../Drivers/STM32F1xx_HAL_Driver/Inc/Legacy -I../Drivers/STM32F1xx_HAL_Driver/Inc -I../Drivers/CMSIS/Device/ST/STM32F1xx/Include -I../Drivers/CMSIS/Include -O0 -ffunction-sections -fdata-sections -Wall -fstack-usage -fcyclomatic-complexity -MMD -MP -MF"Core/Src/main.d" -MT"Core/Src/main.o" --specs=nano.specs -mfloat-abi=soft -mthumb -o "Core/Src/main.o"
../Core/Src/main.c: In function 'motionTrack':
../Core/Src/main.c:565:27: warning: comparison between 'GPIO_PinState' and 'enum <anonymous>' [-Wenum-compare]
  565 |         if(motionDetected == SET)
      |                           ^~
../Core/Src/main.c: In function 'gasTrack':
../Core/Src/main.c:590:25: warning: '0' flag ignored with precision and '%d' gnu_printf format [-Wformat=]
  590 |           sprintf(data, "current gas value: %0.2d\r\n", gasVal);
      |                         ^~~~~~~~~~~~~~~~~~~~~~~~~~~~~~
../Core/Src/main.c:590:49: warning: format '%d' expects argument of type 'int', but argument 3 has type 'double' [-Wformat=]
  590 |           sprintf(data, "current gas value: %0.2d\r\n", gasVal);
      |                                             ~~~~^       ~~~~~~
      |                                                 |       |
      |                                                 int     double
      |                                             %0.2f
../Core/Src/main.c: In function 'SleepMode':
../Core/Src/main.c:506:1: warning: control reaches end of non-void function [-Wreturn-type]
  506 | }
      | ^
../Core/Src/main.c: In function 'WakeUPMode':
../Core/Src/main.c:511:1: warning: control reaches end of non-void function [-Wreturn-type]
  511 | }
      | ^
arm-none-eabi-gcc -o "STMain.elf" @"objects.list"   -mcpu=cortex-m3 -T"C:\IotBuild\pes\STMain\STM32F103RBTX_FLASH.ld" --specs=nosys.specs -Wl,-Map="STMain.map" -Wl,--gc-sections -static --specs=nano.specs -mfloat-abi=soft -mthumb -u _printf_float -Wl,--start-group -lc -lm -Wl,--end-group
Finished building target: STMain.elf
 
arm-none-eabi-size  STMain.elf 
arm-none-eabi-objdump -h -S STMain.elf  > "STMain.list"
   text	   data	    bss	    dec	    hex	filename
  26284	    476	   4084	  30844	   787c	STMain.elf
Finished building: default.size.stdout
 
Finished building: STMain.list
 
11:08:19 **** Incremental Build of configuration Debug for project STMain ****
make -j8 all 
arm-none-eabi-gcc "../Core/Src/main.c" -mcpu=cortex-m3 -std=gnu11 -g3 -DDEBUG -DUSE_HAL_DRIVER -DSTM32F103xB -c -I../Core/Inc -I../Drivers/STM32F1xx_HAL_Driver/Inc/Legacy -I../Drivers/STM32F1xx_HAL_Driver/Inc -I../Drivers/CMSIS/Device/ST/STM32F1xx/Include -I../Drivers/CMSIS/Include -O0 -ffunction-sections -fdata-sections -Wall -fstack-usage -fcyclomatic-complexity -MMD -MP -MF"Core/Src/main.d" -MT"Core/Src/main.o" --specs=nano.specs -mfloat-abi=soft -mthumb -o "Core/Src/main.o"
../Core/Src/main.c: In function 'motionTrack':
../Core/Src/main.c:565:27: warning: comparison between 'GPIO_PinState' and 'enum <anonymous>' [-Wenum-compare]
  565 |         if(motionDetected == SET)
      |                           ^~
../Core/Src/main.c: In function 'gasTrack':
../Core/Src/main.c:590:25: warning: '0' flag ignored with precision and '%d' gnu_printf format [-Wformat=]
  590 |           sprintf(data, "current gas value: %0.2d\r\n", gasVal);
      |                         ^~~~~~~~~~~~~~~~~~~~~~~~~~~~~~
../Core/Src/main.c:590:49: warning: format '%d' expects argument of type 'int', but argument 3 has type 'double' [-Wformat=]
  590 |           sprintf(data, "current gas value: %0.2d\r\n", gasVal);
      |                                             ~~~~^       ~~~~~~
      |                                                 |       |
      |                                                 int     double
      |                                             %0.2f
../Core/Src/main.c: In function 'SleepMode':
../Core/Src/main.c:506:1: warning: control reaches end of non-void function [-Wreturn-type]
  506 | }
      | ^
../Core/Src/main.c: In function 'WakeUPMode':
../Core/Src/main.c:511:1: warning: control reaches end of non-void function [-Wreturn-type]
  511 | }
      | ^
arm-none-eabi-gcc -o "STMain.elf" @"objects.list"   -mcpu=cortex-m3 -T"C:\IotBuild\pes\STMain\STM32F103RBTX_FLASH.ld" --specs=nosys.specs -Wl,-Map="STMain.map" -Wl,--gc-sections -static --specs=nano.specs -mfloat-abi=soft -mthumb -u _printf_float -Wl,--start-group -lc -lm -Wl,--end-group
Finished building target: STMain.elf
 
arm-none-eabi-size  STMain.elf 
arm-none-eabi-objdump -h -S STMain.elf  > "STMain.list"
   text	   data	    bss	    dec	    hex	filename
  26284	    476	   4084	  30844	   787c	STMain.elf
Finished building: default.size.stdout
 
Finished building: STMain.list
 
11:09:22 **** Incremental Build of configuration Debug for project STMain ****
make -j8 all 
arm-none-eabi-gcc "../Core/Src/main.c" -mcpu=cortex-m3 -std=gnu11 -g3 -DDEBUG -DUSE_HAL_DRIVER -DSTM32F103xB -c -I../Core/Inc -I../Drivers/STM32F1xx_HAL_Driver/Inc/Legacy -I../Drivers/STM32F1xx_HAL_Driver/Inc -I../Drivers/CMSIS/Device/ST/STM32F1xx/Include -I../Drivers/CMSIS/Include -O0 -ffunction-sections -fdata-sections -Wall -fstack-usage -fcyclomatic-complexity -MMD -MP -MF"Core/Src/main.d" -MT"Core/Src/main.o" --specs=nano.specs -mfloat-abi=soft -mthumb -o "Core/Src/main.o"
../Core/Src/main.c: In function 'motionTrack':
../Core/Src/main.c:565:27: warning: comparison between 'GPIO_PinState' and 'enum <anonymous>' [-Wenum-compare]
  565 |         if(motionDetected == SET)
      |                           ^~
../Core/Src/main.c: In function 'gasTrack':
../Core/Src/main.c:590:25: warning: '0' flag ignored with precision and '%d' gnu_printf format [-Wformat=]
  590 |           sprintf(data, "current gas value: %0.2d\r\n", gasVal);
      |                         ^~~~~~~~~~~~~~~~~~~~~~~~~~~~~~
../Core/Src/main.c:590:49: warning: format '%d' expects argument of type 'int', but argument 3 has type 'double' [-Wformat=]
  590 |           sprintf(data, "current gas value: %0.2d\r\n", gasVal);
      |                                             ~~~~^       ~~~~~~
      |                                                 |       |
      |                                                 int     double
      |                                             %0.2f
../Core/Src/main.c: In function 'SleepMode':
../Core/Src/main.c:506:1: warning: control reaches end of non-void function [-Wreturn-type]
  506 | }
      | ^
../Core/Src/main.c: In function 'WakeUPMode':
../Core/Src/main.c:511:1: warning: control reaches end of non-void function [-Wreturn-type]
  511 | }
      | ^
arm-none-eabi-gcc -o "STMain.elf" @"objects.list"   -mcpu=cortex-m3 -T"C:\IotBuild\pes\STMain\STM32F103RBTX_FLASH.ld" --specs=nosys.specs -Wl,-Map="STMain.map" -Wl,--gc-sections -static --specs=nano.specs -mfloat-abi=soft -mthumb -u _printf_float -Wl,--start-group -lc -lm -Wl,--end-group
Finished building target: STMain.elf
 
arm-none-eabi-size  STMain.elf 
arm-none-eabi-objdump -h -S STMain.elf  > "STMain.list"
   text	   data	    bss	    dec	    hex	filename
  26284	    476	   4084	  30844	   787c	STMain.elf
Finished building: default.size.stdout
 
Finished building: STMain.list
 
11:22:47 **** Incremental Build of configuration Debug for project STMain ****
make -j8 all 
arm-none-eabi-gcc "../Core/Src/main.c" -mcpu=cortex-m3 -std=gnu11 -g3 -DDEBUG -DUSE_HAL_DRIVER -DSTM32F103xB -c -I../Core/Inc -I../Drivers/STM32F1xx_HAL_Driver/Inc/Legacy -I../Drivers/STM32F1xx_HAL_Driver/Inc -I../Drivers/CMSIS/Device/ST/STM32F1xx/Include -I../Drivers/CMSIS/Include -O0 -ffunction-sections -fdata-sections -Wall -fstack-usage -fcyclomatic-complexity -MMD -MP -MF"Core/Src/main.d" -MT"Core/Src/main.o" --specs=nano.specs -mfloat-abi=soft -mthumb -o "Core/Src/main.o"
../Core/Src/main.c: In function 'motionTrack':
../Core/Src/main.c:576:27: warning: comparison between 'GPIO_PinState' and 'enum <anonymous>' [-Wenum-compare]
  576 |         if(motionDetected == SET)
      |                           ^~
../Core/Src/main.c: In function 'gasTrack':
../Core/Src/main.c:601:25: warning: '0' flag ignored with precision and '%d' gnu_printf format [-Wformat=]
  601 |           sprintf(data, "current gas value: %0.2d\r\n", gasVal);
      |                         ^~~~~~~~~~~~~~~~~~~~~~~~~~~~~~
../Core/Src/main.c:601:49: warning: format '%d' expects argument of type 'int', but argument 3 has type 'double' [-Wformat=]
  601 |           sprintf(data, "current gas value: %0.2d\r\n", gasVal);
      |                                             ~~~~^       ~~~~~~
      |                                                 |       |
      |                                                 int     double
      |                                             %0.2f
../Core/Src/main.c: In function 'SleepMode':
../Core/Src/main.c:516:1: warning: control reaches end of non-void function [-Wreturn-type]
  516 | }
      | ^
arm-none-eabi-gcc -o "STMain.elf" @"objects.list"   -mcpu=cortex-m3 -T"C:\IotBuild\pes\STMain\STM32F103RBTX_FLASH.ld" --specs=nosys.specs -Wl,-Map="STMain.map" -Wl,--gc-sections -static --specs=nano.specs -mfloat-abi=soft -mthumb -u _printf_float -Wl,--start-group -lc -lm -Wl,--end-group
Finished building target: STMain.elf
 
arm-none-eabi-size  STMain.elf 
arm-none-eabi-objdump -h -S STMain.elf  > "STMain.list"
   text	   data	    bss	    dec	    hex	filename
  26412	    476	   4084	  30972	   78fc	STMain.elf
Finished building: default.size.stdout
 
Finished building: STMain.list
 
11:24:23 **** Incremental Build of configuration Debug for project STMain ****
make -j8 all 
arm-none-eabi-gcc "../Core/Src/main.c" -mcpu=cortex-m3 -std=gnu11 -g3 -DDEBUG -DUSE_HAL_DRIVER -DSTM32F103xB -c -I../Core/Inc -I../Drivers/STM32F1xx_HAL_Driver/Inc/Legacy -I../Drivers/STM32F1xx_HAL_Driver/Inc -I../Drivers/CMSIS/Device/ST/STM32F1xx/Include -I../Drivers/CMSIS/Include -O0 -ffunction-sections -fdata-sections -Wall -fstack-usage -fcyclomatic-complexity -MMD -MP -MF"Core/Src/main.d" -MT"Core/Src/main.o" --specs=nano.specs -mfloat-abi=soft -mthumb -o "Core/Src/main.o"
../Core/Src/main.c: In function 'Request_SQL_Read':
../Core/Src/main.c:477:23: warning: unused variable 'status' [-Wunused-variable]
  477 |         StatusTypeDef status = NORMAL;
      |                       ^~~~~~
../Core/Src/main.c: In function 'motionTrack':
../Core/Src/main.c:571:27: warning: comparison between 'GPIO_PinState' and 'enum <anonymous>' [-Wenum-compare]
  571 |         if(motionDetected == SET)
      |                           ^~
../Core/Src/main.c: In function 'gasTrack':
../Core/Src/main.c:596:25: warning: '0' flag ignored with precision and '%d' gnu_printf format [-Wformat=]
  596 |           sprintf(data, "current gas value: %0.2d\r\n", gasVal);
      |                         ^~~~~~~~~~~~~~~~~~~~~~~~~~~~~~
../Core/Src/main.c:596:49: warning: format '%d' expects argument of type 'int', but argument 3 has type 'double' [-Wformat=]
  596 |           sprintf(data, "current gas value: %0.2d\r\n", gasVal);
      |                                             ~~~~^       ~~~~~~
      |                                                 |       |
      |                                                 int     double
      |                                             %0.2f
../Core/Src/main.c: In function 'SleepMode':
../Core/Src/main.c:511:1: warning: control reaches end of non-void function [-Wreturn-type]
  511 | }
      | ^
arm-none-eabi-gcc -o "STMain.elf" @"objects.list"   -mcpu=cortex-m3 -T"C:\IotBuild\pes\STMain\STM32F103RBTX_FLASH.ld" --specs=nosys.specs -Wl,-Map="STMain.map" -Wl,--gc-sections -static --specs=nano.specs -mfloat-abi=soft -mthumb -u _printf_float -Wl,--start-group -lc -lm -Wl,--end-group
Finished building target: STMain.elf
 
arm-none-eabi-size  STMain.elf 
arm-none-eabi-objdump -h -S STMain.elf  > "STMain.list"
   text	   data	    bss	    dec	    hex	filename
  26404	    476	   4084	  30964	   78f4	STMain.elf
Finished building: default.size.stdout
 
Finished building: STMain.list
 
11:25:28 **** Incremental Build of configuration Debug for project STMain ****
[...]
../Core/Src/main.c:566:17: note: previous implicit declaration of 'GetTempHumidValue' with type 'void()'
  566 |                 GetTempHumidValue();
      |                 ^~~~~~~~~~~~~~~~~
../Core/Src/main.c: In function 'gasTrack':
../Core/Src/main.c:700:25: warning: '0' flag ignored with precision and '%d' gnu_printf format [-Wformat=]
  700 |           sprintf(data, "current gas value: %0.2d\r\n", gasVal);
      |                         ^~~~~~~~~~~~~~~~~~~~~~~~~~~~~~
../Core/Src/main.c:700:49: warning: format '%d' expects argument of type 'int', but argument 3 has type 'double' [-Wformat=]
  700 |           sprintf(data, "current gas value: %0.2d\r\n", gasVal);
      |                                             ~~~~^       ~~~~~~
      |                                                 |       |
      |                                                 int     double
      |                                             %0.2f
../Core/Src/main.c: In function 'SleepMode':
../Core/Src/main.c:588:1: warning: control reaches end of non-void function [-Wreturn-type]
  588 | }
      | ^
arm-none-eabi-gcc -o "STMain.elf" @"objects.list"   -mcpu=cortex-m3 -T"C:\IotBuild\pes\STMain\STM32F103RBTX_FLASH.ld" --specs=nosys.specs -Wl,-Map="STMain.map" -Wl,--gc-sections -static --specs=nano.specs -mfloat-abi=soft -mthumb -u _printf_float -Wl,--start-group -lc -lm -Wl,--end-group
Finished building target: STMain.elf
 
arm-none-eabi-size  STMain.elf 
arm-none-eabi-objdump -h -S STMain.elf  > "STMain.list"
   text	   data	    bss	    dec	    hex	filename
  36036	    476	   4108	  40620	   9eac	STMain.elf
Finished building: default.size.stdout
 
Finished building: STMain.list
 
17:29:11 **** Incremental Build of configuration Debug for project STMain ****
make -j8 all 
arm-none-eabi-gcc "../Core/Src/main.c" -mcpu=cortex-m3 -std=gnu11 -g3 -DDEBUG -DUSE_HAL_DRIVER -DSTM32F103xB -c -I../Core/Inc -I../Drivers/STM32F1xx_HAL_Driver/Inc/Legacy -I../Drivers/STM32F1xx_HAL_Driver/Inc -I../Drivers/CMSIS/Device/ST/STM32F1xx/Include -I../Drivers/CMSIS/Include -O0 -ffunction-sections -fdata-sections -Wall -fstack-usage -fcyclomatic-complexity -MMD -MP -MF"Core/Src/main.d" -MT"Core/Src/main.o" --specs=nano.specs -mfloat-abi=soft -mthumb -o "Core/Src/main.o"
arm-none-eabi-gcc "../Core/Src/stm32f1xx_hal_msp.c" -mcpu=cortex-m3 -std=gnu11 -g3 -DDEBUG -DUSE_HAL_DRIVER -DSTM32F103xB -c -I../Core/Inc -I../Drivers/STM32F1xx_HAL_Driver/Inc/Legacy -I../Drivers/STM32F1xx_HAL_Driver/Inc -I../Drivers/CMSIS/Device/ST/STM32F1xx/Include -I../Drivers/CMSIS/Include -O0 -ffunction-sections -fdata-sections -Wall -fstack-usage -fcyclomatic-complexity -MMD -MP -MF"Core/Src/stm32f1xx_hal_msp.d" -MT"Core/Src/stm32f1xx_hal_msp.o" --specs=nano.specs -mfloat-abi=soft -mthumb -o "Core/Src/stm32f1xx_hal_msp.o"
arm-none-eabi-gcc "../Core/Src/stm32f1xx_it.c" -mcpu=cortex-m3 -std=gnu11 -g3 -DDEBUG -DUSE_HAL_DRIVER -DSTM32F103xB -c -I../Core/Inc -I../Drivers/STM32F1xx_HAL_Driver/Inc/Legacy -I../Drivers/STM32F1xx_HAL_Driver/Inc -I../Drivers/CMSIS/Device/ST/STM32F1xx/Include -I../Drivers/CMSIS/Include -O0 -ffunction-sections -fdata-sections -Wall -fstack-usage -fcyclomatic-complexity -MMD -MP -MF"Core/Src/stm32f1xx_it.d" -MT"Core/Src/stm32f1xx_it.o" --specs=nano.specs -mfloat-abi=soft -mthumb -o "Core/Src/stm32f1xx_it.o"
../Core/Src/main.c: In function 'Request_SQL_Read':
../Core/Src/main.c:492:13: warning: unused variable 'humidPt' [-Wunused-variable]
  492 |         int humidPt = 0;
      |             ^~~~~~~
../Core/Src/main.c:491:15: warning: unused variable 'ptr' [-Wunused-variable]
  491 |         char* ptr;
      |               ^~~
../Core/Src/main.c:490:14: warning: unused variable 'value' [-Wunused-variable]
  490 |         char value[30] = {0,};
      |              ^~~~~
../Core/Src/main.c: In function 'ReadModules':
../Core/Src/main.c:565:17: warning: implicit declaration of function 'GetGasValue' [-Wimplicit-function-declaration]
  565 |                 GetGasValue();
      |                 ^~~~~~~~~~~
../Core/Src/main.c:566:17: warning: implicit declaration of function 'GetTempHumidValue' [-Wimplicit-function-declaration]
  566 |                 GetTempHumidValue();
      |                 ^~~~~~~~~~~~~~~~~
../Core/Src/main.c: In function 'motionTrack':
../Core/Src/main.c:649:27: warning: comparison between 'GPIO_PinState' and 'enum <anonymous>' [-Wenum-compare]
  649 |         if(motionDetected == SET)
      |                           ^~
../Core/Src/main.c: At top level:
../Core/Src/main.c:661:6: warning: conflicting types for 'GetGasValue'; have 'void()'
  661 | void GetGasValue()
      |      ^~~~~~~~~~~
../Core/Src/main.c:565:17: note: previous implicit declaration of 'GetGasValue' with type 'void()'
  565 |                 GetGasValue();
      |                 ^~~~~~~~~~~
../Core/Src/main.c:668:6: warning: conflicting types for 'GetTempHumidValue'; have 'void()'
  668 | void GetTempHumidValue()
      |      ^~~~~~~~~~~~~~~~~
../Core/Src/main.c:566:17: note: previous implicit declaration of 'GetTempHumidValue' with type 'void()'
  566 |                 GetTempHumidValue();
      |                 ^~~~~~~~~~~~~~~~~
../Core/Src/main.c: In function 'gasTrack':
../Core/Src/main.c:700:25: warning: '0' flag ignored with precision and '%d' gnu_printf format [-Wformat=]
  700 |           sprintf(data, "current gas value: %0.2d\r\n", gasVal);
      |                         ^~~~~~~~~~~~~~~~~~~~~~~~~~~~~~
../Core/Src/main.c:700:49: warning: format '%d' expects argument of type 'int', but argument 3 has type 'double' [-Wformat=]
  700 |           sprintf(data, "current gas value: %0.2d\r\n", gasVal);
      |                                             ~~~~^       ~~~~~~
      |                                                 |       |
      |                                                 int     double
      |                                             %0.2f
../Core/Src/main.c: In function 'SleepMode':
../Core/Src/main.c:588:1: warning: control reaches end of non-void function [-Wreturn-type]
  588 | }
      | ^
arm-none-eabi-gcc -o "STMain.elf" @"objects.list"   -mcpu=cortex-m3 -T"C:\IotBuild\pes\STMain\STM32F103RBTX_FLASH.ld" --specs=nosys.specs -Wl,-Map="STMain.map" -Wl,--gc-sections -static --specs=nano.specs -mfloat-abi=soft -mthumb -u _printf_float -Wl,--start-group -lc -lm -Wl,--end-group
Finished building target: STMain.elf
 
arm-none-eabi-size  STMain.elf 
arm-none-eabi-objdump -h -S STMain.elf  > "STMain.list"
   text	   data	    bss	    dec	    hex	filename
  36036	    476	   4108	  40620	   9eac	STMain.elf
Finished building: default.size.stdout
 
Finished building: STMain.list
 
17:35:30 **** Incremental Build of configuration Debug for project STMain ****
make -j8 all 
arm-none-eabi-gcc "../Core/Src/main.c" -mcpu=cortex-m3 -std=gnu11 -g3 -DDEBUG -DUSE_HAL_DRIVER -DSTM32F103xB -c -I../Core/Inc -I../Drivers/STM32F1xx_HAL_Driver/Inc/Legacy -I../Drivers/STM32F1xx_HAL_Driver/Inc -I../Drivers/CMSIS/Device/ST/STM32F1xx/Include -I../Drivers/CMSIS/Include -O0 -ffunction-sections -fdata-sections -Wall -fstack-usage -fcyclomatic-complexity -MMD -MP -MF"Core/Src/main.d" -MT"Core/Src/main.o" --specs=nano.specs -mfloat-abi=soft -mthumb -o "Core/Src/main.o"
../Core/Src/main.c: In function 'Request_SQL_Read':
../Core/Src/main.c:491:13: warning: unused variable 'humidPt' [-Wunused-variable]
  491 |         int humidPt = 0;
      |             ^~~~~~~
../Core/Src/main.c:490:15: warning: unused variable 'ptr' [-Wunused-variable]
  490 |         char* ptr;
      |               ^~~
../Core/Src/main.c:489:14: warning: unused variable 'value' [-Wunused-variable]
  489 |         char value[30] = {0,};
      |              ^~~~~
../Core/Src/main.c: In function 'ReadModules':
../Core/Src/main.c:564:17: warning: implicit declaration of function 'GetGasValue' [-Wimplicit-function-declaration]
  564 |                 GetGasValue();
      |                 ^~~~~~~~~~~
../Core/Src/main.c:565:17: warning: implicit declaration of function 'GetTempHumidValue' [-Wimplicit-function-declaration]
  565 |                 GetTempHumidValue();
      |                 ^~~~~~~~~~~~~~~~~
../Core/Src/main.c: In function 'motionTrack':
../Core/Src/main.c:603:27: warning: comparison between 'GPIO_PinState' and 'enum <anonymous>' [-Wenum-compare]
  603 |         if(motionDetected == SET)
      |                           ^~
../Core/Src/main.c: At top level:
../Core/Src/main.c:615:6: warning: conflicting types for 'GetGasValue'; have 'void()'
  615 | void GetGasValue()
      |      ^~~~~~~~~~~
../Core/Src/main.c:564:17: note: previous implicit declaration of 'GetGasValue' with type 'void()'
  564 |                 GetGasValue();
      |                 ^~~~~~~~~~~
../Core/Src/main.c:622:6: warning: conflicting types for 'GetTempHumidValue'; have 'void()'
  622 | void GetTempHumidValue()
      |      ^~~~~~~~~~~~~~~~~
../Core/Src/main.c:565:17: note: previous implicit declaration of 'GetTempHumidValue' with type 'void()'
  565 |                 GetTempHumidValue();
      |                 ^~~~~~~~~~~~~~~~~
../Core/Src/main.c: In function 'gasTrack':
../Core/Src/main.c:654:25: warning: '0' flag ignored with precision and '%d' gnu_printf format [-Wformat=]
  654 |           sprintf(data, "current gas value: %0.2d\r\n", gasVal);
      |                         ^~~~~~~~~~~~~~~~~~~~~~~~~~~~~~
../Core/Src/main.c:654:49: warning: format '%d' expects argument of type 'int', but argument 3 has type 'double' [-Wformat=]
  654 |           sprintf(data, "current gas value: %0.2d\r\n", gasVal);
      |                                             ~~~~^       ~~~~~~
      |                                                 |       |
      |                                                 int     double
      |                                             %0.2f
../Core/Src/main.c: In function 'SleepMode':
../Core/Src/main.c:587:1: warning: control reaches end of non-void function [-Wreturn-type]
  587 | }
      | ^
arm-none-eabi-gcc -o "STMain.elf" @"objects.list"   -mcpu=cortex-m3 -T"C:\IotBuild\pes\STMain\STM32F103RBTX_FLASH.ld" --specs=nosys.specs -Wl,-Map="STMain.map" -Wl,--gc-sections -static --specs=nano.specs -mfloat-abi=soft -mthumb -u _printf_float -Wl,--start-group -lc -lm -Wl,--end-group
Finished building target: STMain.elf
 
arm-none-eabi-size  STMain.elf 
arm-none-eabi-objdump -h -S STMain.elf  > "STMain.list"
   text	   data	    bss	    dec	    hex	filename
  35956	    476	   4108	  40540	   9e5c	STMain.elf
Finished building: default.size.stdout
 
Finished building: STMain.list
 
17:36:38 **** Incremental Build of configuration Debug for project STMain ****
make -j8 all 
arm-none-eabi-gcc "../Core/Src/main.c" -mcpu=cortex-m3 -std=gnu11 -g3 -DDEBUG -DUSE_HAL_DRIVER -DSTM32F103xB -c -I../Core/Inc -I../Drivers/STM32F1xx_HAL_Driver/Inc/Legacy -I../Drivers/STM32F1xx_HAL_Driver/Inc -I../Drivers/CMSIS/Device/ST/STM32F1xx/Include -I../Drivers/CMSIS/Include -O0 -ffunction-sections -fdata-sections -Wall -fstack-usage -fcyclomatic-complexity -MMD -MP -MF"Core/Src/main.d" -MT"Core/Src/main.o" --specs=nano.specs -mfloat-abi=soft -mthumb -o "Core/Src/main.o"
../Core/Src/main.c: In function 'Request_SQL_Read':
../Core/Src/main.c:493:13: warning: unused variable 'humidPt' [-Wunused-variable]
  493 |         int humidPt = 0;
      |             ^~~~~~~
../Core/Src/main.c:492:15: warning: unused variable 'ptr' [-Wunused-variable]
  492 |         char* ptr;
      |               ^~~
../Core/Src/main.c:491:14: warning: unused variable 'value' [-Wunused-variable]
  491 |         char value[30] = {0,};
      |              ^~~~~
../Core/Src/main.c: In function 'motionTrack':
../Core/Src/main.c:605:27: warning: comparison between 'GPIO_PinState' and 'enum <anonymous>' [-Wenum-compare]
  605 |         if(motionDetected == SET)
      |                           ^~
../Core/Src/main.c: In function 'gasTrack':
../Core/Src/main.c:656:25: warning: '0' flag ignored with precision and '%d' gnu_printf format [-Wformat=]
  656 |           sprintf(data, "current gas value: %0.2d\r\n", gasVal);
      |                         ^~~~~~~~~~~~~~~~~~~~~~~~~~~~~~
../Core/Src/main.c:656:49: warning: format '%d' expects argument of type 'int', but argument 3 has type 'double' [-Wformat=]
  656 |           sprintf(data, "current gas value: %0.2d\r\n", gasVal);
      |                                             ~~~~^       ~~~~~~
      |                                                 |       |
      |                                                 int     double
      |                                             %0.2f
../Core/Src/main.c: In function 'SleepMode':
../Core/Src/main.c:589:1: warning: control reaches end of non-void function [-Wreturn-type]
  589 | }
      | ^
arm-none-eabi-gcc -o "STMain.elf" @"objects.list"   -mcpu=cortex-m3 -T"C:\IotBuild\pes\STMain\STM32F103RBTX_FLASH.ld" --specs=nosys.specs -Wl,-Map="STMain.map" -Wl,--gc-sections -static --specs=nano.specs -mfloat-abi=soft -mthumb -u _printf_float -Wl,--start-group -lc -lm -Wl,--end-group
Finished building target: STMain.elf
 
arm-none-eabi-size  STMain.elf 
arm-none-eabi-objdump -h -S STMain.elf  > "STMain.list"
   text	   data	    bss	    dec	    hex	filename
  35956	    476	   4108	  40540	   9e5c	STMain.elf
Finished building: default.size.stdout
 
Finished building: STMain.list
 
18:18:05 **** Incremental Build of configuration Debug for project STMain ****
make -j8 all 
arm-none-eabi-gcc "../Core/Src/main.c" -mcpu=cortex-m3 -std=gnu11 -g3 -DDEBUG -DUSE_HAL_DRIVER -DSTM32F103xB -c -I../Core/Inc -I../Drivers/STM32F1xx_HAL_Driver/Inc/Legacy -I../Drivers/STM32F1xx_HAL_Driver/Inc -I../Drivers/CMSIS/Device/ST/STM32F1xx/Include -I../Drivers/CMSIS/Include -O0 -ffunction-sections -fdata-sections -Wall -fstack-usage -fcyclomatic-complexity -MMD -MP -MF"Core/Src/main.d" -MT"Core/Src/main.o" --specs=nano.specs -mfloat-abi=soft -mthumb -o "Core/Src/main.o"
arm-none-eabi-gcc "../Core/Src/stm32f1xx_hal_msp.c" -mcpu=cortex-m3 -std=gnu11 -g3 -DDEBUG -DUSE_HAL_DRIVER -DSTM32F103xB -c -I../Core/Inc -I../Drivers/STM32F1xx_HAL_Driver/Inc/Legacy -I../Drivers/STM32F1xx_HAL_Driver/Inc -I../Drivers/CMSIS/Device/ST/STM32F1xx/Include -I../Drivers/CMSIS/Include -O0 -ffunction-sections -fdata-sections -Wall -fstack-usage -fcyclomatic-complexity -MMD -MP -MF"Core/Src/stm32f1xx_hal_msp.d" -MT"Core/Src/stm32f1xx_hal_msp.o" --specs=nano.specs -mfloat-abi=soft -mthumb -o "Core/Src/stm32f1xx_hal_msp.o"
arm-none-eabi-gcc "../Core/Src/stm32f1xx_it.c" -mcpu=cortex-m3 -std=gnu11 -g3 -DDEBUG -DUSE_HAL_DRIVER -DSTM32F103xB -c -I../Core/Inc -I../Drivers/STM32F1xx_HAL_Driver/Inc/Legacy -I../Drivers/STM32F1xx_HAL_Driver/Inc -I../Drivers/CMSIS/Device/ST/STM32F1xx/Include -I../Drivers/CMSIS/Include -O0 -ffunction-sections -fdata-sections -Wall -fstack-usage -fcyclomatic-complexity -MMD -MP -MF"Core/Src/stm32f1xx_it.d" -MT"Core/Src/stm32f1xx_it.o" --specs=nano.specs -mfloat-abi=soft -mthumb -o "Core/Src/stm32f1xx_it.o"
../Core/Src/main.c: In function 'Request_SQL_Read':
../Core/Src/main.c:493:13: warning: unused variable 'humidPt' [-Wunused-variable]
  493 |         int humidPt = 0;
      |             ^~~~~~~
../Core/Src/main.c:492:15: warning: unused variable 'ptr' [-Wunused-variable]
  492 |         char* ptr;
      |               ^~~
../Core/Src/main.c:491:14: warning: unused variable 'value' [-Wunused-variable]
  491 |         char value[30] = {0,};
      |              ^~~~~
../Core/Src/main.c: In function 'motionTrack':
../Core/Src/main.c:605:27: warning: comparison between 'GPIO_PinState' and 'enum <anonymous>' [-Wenum-compare]
  605 |         if(motionDetected == SET)
      |                           ^~
../Core/Src/main.c: In function 'gasTrack':
../Core/Src/main.c:656:25: warning: '0' flag ignored with precision and '%d' gnu_printf format [-Wformat=]
  656 |           sprintf(data, "current gas value: %0.2d\r\n", gasVal);
      |                         ^~~~~~~~~~~~~~~~~~~~~~~~~~~~~~
../Core/Src/main.c:656:49: warning: format '%d' expects argument of type 'int', but argument 3 has type 'double' [-Wformat=]
  656 |           sprintf(data, "current gas value: %0.2d\r\n", gasVal);
      |                                             ~~~~^       ~~~~~~
      |                                                 |       |
      |                                                 int     double
      |                                             %0.2f
../Core/Src/main.c: In function 'SleepMode':
../Core/Src/main.c:589:1: warning: control reaches end of non-void function [-Wreturn-type]
  589 | }
      | ^
arm-none-eabi-gcc -o "STMain.elf" @"objects.list"   -mcpu=cortex-m3 -T"C:\IotBuild\pes\STMain\STM32F103RBTX_FLASH.ld" --specs=nosys.specs -Wl,-Map="STMain.map" -Wl,--gc-sections -static --specs=nano.specs -mfloat-abi=soft -mthumb -u _printf_float -Wl,--start-group -lc -lm -Wl,--end-group
Finished building target: STMain.elf
 
arm-none-eabi-size  STMain.elf 
arm-none-eabi-objdump -h -S STMain.elf  > "STMain.list"
   text	   data	    bss	    dec	    hex	filename
  35988	    476	   4108	  40572	   9e7c	STMain.elf
Finished building: default.size.stdout
 
Finished building: STMain.list
 
18:19:58 **** Incremental Build of configuration Debug for project STMain ****
make -j8 all 
arm-none-eabi-gcc "../Core/Src/main.c" -mcpu=cortex-m3 -std=gnu11 -g3 -DDEBUG -DUSE_HAL_DRIVER -DSTM32F103xB -c -I../Core/Inc -I../Drivers/STM32F1xx_HAL_Driver/Inc/Legacy -I../Drivers/STM32F1xx_HAL_Driver/Inc -I../Drivers/CMSIS/Device/ST/STM32F1xx/Include -I../Drivers/CMSIS/Include -O0 -ffunction-sections -fdata-sections -Wall -fstack-usage -fcyclomatic-complexity -MMD -MP -MF"Core/Src/main.d" -MT"Core/Src/main.o" --specs=nano.specs -mfloat-abi=soft -mthumb -o "Core/Src/main.o"
../Core/Src/main.c: In function 'Request_SQL_Read':
../Core/Src/main.c:493:13: warning: unused variable 'humidPt' [-Wunused-variable]
  493 |         int humidPt = 0;
      |             ^~~~~~~
../Core/Src/main.c:492:15: warning: unused variable 'ptr' [-Wunused-variable]
  492 |         char* ptr;
      |               ^~~
../Core/Src/main.c:491:14: warning: unused variable 'value' [-Wunused-variable]
  491 |         char value[30] = {0,};
      |              ^~~~~
../Core/Src/main.c: In function 'motionTrack':
../Core/Src/main.c:605:27: warning: comparison between 'GPIO_PinState' and 'enum <anonymous>' [-Wenum-compare]
  605 |         if(motionDetected == SET)
      |                           ^~
../Core/Src/main.c: In function 'gasTrack':
../Core/Src/main.c:656:25: warning: '0' flag ignored with precision and '%d' gnu_printf format [-Wformat=]
  656 |           sprintf(data, "current gas value: %0.2d\r\n", gasVal);
      |                         ^~~~~~~~~~~~~~~~~~~~~~~~~~~~~~
../Core/Src/main.c:656:49: warning: format '%d' expects argument of type 'int', but argument 3 has type 'double' [-Wformat=]
  656 |           sprintf(data, "current gas value: %0.2d\r\n", gasVal);
      |                                             ~~~~^       ~~~~~~
      |                                                 |       |
      |                                                 int     double
      |                                             %0.2f
../Core/Src/main.c: In function 'SleepMode':
../Core/Src/main.c:589:1: warning: control reaches end of non-void function [-Wreturn-type]
  589 | }
      | ^
arm-none-eabi-gcc -o "STMain.elf" @"objects.list"   -mcpu=cortex-m3 -T"C:\IotBuild\pes\STMain\STM32F103RBTX_FLASH.ld" --specs=nosys.specs -Wl,-Map="STMain.map" -Wl,--gc-sections -static --specs=nano.specs -mfloat-abi=soft -mthumb -u _printf_float -Wl,--start-group -lc -lm -Wl,--end-group
Finished building target: STMain.elf
 
arm-none-eabi-size  STMain.elf 
arm-none-eabi-objdump -h -S STMain.elf  > "STMain.list"
   text	   data	    bss	    dec	    hex	filename
  35988	    476	   4108	  40572	   9e7c	STMain.elf
Finished building: default.size.stdout
 
Finished building: STMain.list
 
