16:15:16 **** Incremental Build of configuration Debug for project Personal_IoT ****
make -j8 all 
arm-none-eabi-gcc "../Core/Src/main.c" -mcpu=cortex-m3 -std=gnu11 -g3 -DDEBUG -DUSE_HAL_DRIVER -DSTM32F103xB -c -I../Core/Inc -I../Drivers/STM32F1xx_HAL_Driver/Inc -I../Drivers/STM32F1xx_HAL_Driver/Inc/Legacy -I../Drivers/CMSIS/Device/ST/STM32F1xx/Include -I../Drivers/CMSIS/Include -O0 -ffunction-sections -fdata-sections -Wall -fstack-usage -fcyclomatic-complexity -MMD -MP -MF"Core/Src/main.d" -MT"Core/Src/main.o" --specs=nano.specs -mfloat-abi=soft -mthumb -o "Core/Src/main.o"
../Core/Src/main.c: In function '_write':
../Core/Src/main.c:63:1: warning: control reaches end of non-void function [-Wreturn-type]
   63 | }
      | ^
arm-none-eabi-gcc -o "Personal_IoT.elf" @"objects.list"   -mcpu=cortex-m3 -T"C:\IotBuild\pes\STmain\Personal_IoT\STM32F103RBTX_FLASH.ld" --specs=nosys.specs -Wl,-Map="Personal_IoT.map" -Wl,--gc-sections -static --specs=nano.specs -mfloat-abi=soft -mthumb -u _printf_float -Wl,--start-group -lc -lm -Wl,--end-group
Finished building target: Personal_IoT.elf
 
arm-none-eabi-size   Personal_IoT.elf 
arm-none-eabi-objdump -h -S  Personal_IoT.elf  > "Personal_IoT.list"
   text	   data	    bss	    dec	    hex	filename
  23008	    476	   1980	  25464	   6378	Personal_IoT.elf
Finished building: default.size.stdout
 
Finished building: Personal_IoT.list
 

16:15:18 Build Finished. 0 errors, 1 warnings. (took 2s.521ms)

