18:19:58 **** Incremental Build of configuration Debug for project STMain ****
make -j8 all 
arm-none-eabi-gcc "../Core/Src/main.c" -mcpu=cortex-m3 -std=gnu11 -g3 -DDEBUG -DUSE_HAL_DRIVER -DSTM32F103xB -c -I../Core/Inc -I../Drivers/STM32F1xx_HAL_Driver/Inc/Legacy -I../Drivers/STM32F1xx_HAL_Driver/Inc -I../Drivers/CMSIS/Device/ST/STM32F1xx/Include -I../Drivers/CMSIS/Include -O0 -ffunction-sections -fdata-sections -Wall -fstack-usage -fcyclomatic-complexity -MMD -MP -MF"Core/Src/main.d" -MT"Core/Src/main.o" --specs=nano.specs -mfloat-abi=soft -mthumb -o "Core/Src/main.o"
../Core/Src/main.c: In function 'Request_SQL_Read':
../Core/Src/main.c:493:13: warning: unused variable 'humidPt' [-Wunused-variable]
  493 |         int humidPt = 0;
      |             ^~~~~~~
../Core/Src/main.c:492:15: warning: unused variable 'ptr' [-Wunused-variable]
  492 |         char* ptr;
      |               ^~~
../Core/Src/main.c:491:14: warning: unused variable 'value' [-Wunused-variable]
  491 |         char value[30] = {0,};
      |              ^~~~~
../Core/Src/main.c: In function 'motionTrack':
../Core/Src/main.c:605:27: warning: comparison between 'GPIO_PinState' and 'enum <anonymous>' [-Wenum-compare]
  605 |         if(motionDetected == SET)
      |                           ^~
../Core/Src/main.c: In function 'gasTrack':
../Core/Src/main.c:656:25: warning: '0' flag ignored with precision and '%d' gnu_printf format [-Wformat=]
  656 |           sprintf(data, "current gas value: %0.2d\r\n", gasVal);
      |                         ^~~~~~~~~~~~~~~~~~~~~~~~~~~~~~
../Core/Src/main.c:656:49: warning: format '%d' expects argument of type 'int', but argument 3 has type 'double' [-Wformat=]
  656 |           sprintf(data, "current gas value: %0.2d\r\n", gasVal);
      |                                             ~~~~^       ~~~~~~
      |                                                 |       |
      |                                                 int     double
      |                                             %0.2f
../Core/Src/main.c: In function 'SleepMode':
../Core/Src/main.c:589:1: warning: control reaches end of non-void function [-Wreturn-type]
  589 | }
      | ^
arm-none-eabi-gcc -o "STMain.elf" @"objects.list"   -mcpu=cortex-m3 -T"C:\IotBuild\pes\STMain\STM32F103RBTX_FLASH.ld" --specs=nosys.specs -Wl,-Map="STMain.map" -Wl,--gc-sections -static --specs=nano.specs -mfloat-abi=soft -mthumb -u _printf_float -Wl,--start-group -lc -lm -Wl,--end-group
Finished building target: STMain.elf
 
arm-none-eabi-size  STMain.elf 
arm-none-eabi-objdump -h -S STMain.elf  > "STMain.list"
   text	   data	    bss	    dec	    hex	filename
  35988	    476	   4108	  40572	   9e7c	STMain.elf
Finished building: default.size.stdout
 
Finished building: STMain.list
 

18:19:59 Build Finished. 0 errors, 7 warnings. (took 1s.134ms)

